Archive member included to satisfy reference by file (symbol)

c:/ciaa/ciaa_software_1.1-win/tools/arm-none-eabi-gcc/bin/../lib/gcc/arm-none-eabi/8.2.1/../../../../arm-none-eabi/lib/thumb/v7e-m/nofp\libm.a(lib_a-s_cos.o)
                              ./src/main.o (cos)
c:/ciaa/ciaa_software_1.1-win/tools/arm-none-eabi-gcc/bin/../lib/gcc/arm-none-eabi/8.2.1/../../../../arm-none-eabi/lib/thumb/v7e-m/nofp\libm.a(lib_a-s_sin.o)
                              ./src/main.o (sin)
c:/ciaa/ciaa_software_1.1-win/tools/arm-none-eabi-gcc/bin/../lib/gcc/arm-none-eabi/8.2.1/../../../../arm-none-eabi/lib/thumb/v7e-m/nofp\libm.a(lib_a-w_sqrt.o)
                              ./src/main.o (sqrt)
c:/ciaa/ciaa_software_1.1-win/tools/arm-none-eabi-gcc/bin/../lib/gcc/arm-none-eabi/8.2.1/../../../../arm-none-eabi/lib/thumb/v7e-m/nofp\libm.a(lib_a-e_rem_pio2.o)
                              c:/ciaa/ciaa_software_1.1-win/tools/arm-none-eabi-gcc/bin/../lib/gcc/arm-none-eabi/8.2.1/../../../../arm-none-eabi/lib/thumb/v7e-m/nofp\libm.a(lib_a-s_cos.o) (__ieee754_rem_pio2)
c:/ciaa/ciaa_software_1.1-win/tools/arm-none-eabi-gcc/bin/../lib/gcc/arm-none-eabi/8.2.1/../../../../arm-none-eabi/lib/thumb/v7e-m/nofp\libm.a(lib_a-e_sqrt.o)
                              c:/ciaa/ciaa_software_1.1-win/tools/arm-none-eabi-gcc/bin/../lib/gcc/arm-none-eabi/8.2.1/../../../../arm-none-eabi/lib/thumb/v7e-m/nofp\libm.a(lib_a-w_sqrt.o) (__ieee754_sqrt)
c:/ciaa/ciaa_software_1.1-win/tools/arm-none-eabi-gcc/bin/../lib/gcc/arm-none-eabi/8.2.1/../../../../arm-none-eabi/lib/thumb/v7e-m/nofp\libm.a(lib_a-k_cos.o)
                              c:/ciaa/ciaa_software_1.1-win/tools/arm-none-eabi-gcc/bin/../lib/gcc/arm-none-eabi/8.2.1/../../../../arm-none-eabi/lib/thumb/v7e-m/nofp\libm.a(lib_a-s_cos.o) (__kernel_cos)
c:/ciaa/ciaa_software_1.1-win/tools/arm-none-eabi-gcc/bin/../lib/gcc/arm-none-eabi/8.2.1/../../../../arm-none-eabi/lib/thumb/v7e-m/nofp\libm.a(lib_a-k_rem_pio2.o)
                              c:/ciaa/ciaa_software_1.1-win/tools/arm-none-eabi-gcc/bin/../lib/gcc/arm-none-eabi/8.2.1/../../../../arm-none-eabi/lib/thumb/v7e-m/nofp\libm.a(lib_a-e_rem_pio2.o) (__kernel_rem_pio2)
c:/ciaa/ciaa_software_1.1-win/tools/arm-none-eabi-gcc/bin/../lib/gcc/arm-none-eabi/8.2.1/../../../../arm-none-eabi/lib/thumb/v7e-m/nofp\libm.a(lib_a-k_sin.o)
                              c:/ciaa/ciaa_software_1.1-win/tools/arm-none-eabi-gcc/bin/../lib/gcc/arm-none-eabi/8.2.1/../../../../arm-none-eabi/lib/thumb/v7e-m/nofp\libm.a(lib_a-s_cos.o) (__kernel_sin)
c:/ciaa/ciaa_software_1.1-win/tools/arm-none-eabi-gcc/bin/../lib/gcc/arm-none-eabi/8.2.1/../../../../arm-none-eabi/lib/thumb/v7e-m/nofp\libm.a(lib_a-s_fabs.o)
                              c:/ciaa/ciaa_software_1.1-win/tools/arm-none-eabi-gcc/bin/../lib/gcc/arm-none-eabi/8.2.1/../../../../arm-none-eabi/lib/thumb/v7e-m/nofp\libm.a(lib_a-e_rem_pio2.o) (fabs)
c:/ciaa/ciaa_software_1.1-win/tools/arm-none-eabi-gcc/bin/../lib/gcc/arm-none-eabi/8.2.1/../../../../arm-none-eabi/lib/thumb/v7e-m/nofp\libm.a(lib_a-s_floor.o)
                              c:/ciaa/ciaa_software_1.1-win/tools/arm-none-eabi-gcc/bin/../lib/gcc/arm-none-eabi/8.2.1/../../../../arm-none-eabi/lib/thumb/v7e-m/nofp\libm.a(lib_a-k_rem_pio2.o) (floor)
c:/ciaa/ciaa_software_1.1-win/tools/arm-none-eabi-gcc/bin/../lib/gcc/arm-none-eabi/8.2.1/../../../../arm-none-eabi/lib/thumb/v7e-m/nofp\libm.a(lib_a-s_lib_ver.o)
                              c:/ciaa/ciaa_software_1.1-win/tools/arm-none-eabi-gcc/bin/../lib/gcc/arm-none-eabi/8.2.1/../../../../arm-none-eabi/lib/thumb/v7e-m/nofp\libm.a(lib_a-w_sqrt.o) (__fdlib_version)
c:/ciaa/ciaa_software_1.1-win/tools/arm-none-eabi-gcc/bin/../lib/gcc/arm-none-eabi/8.2.1/../../../../arm-none-eabi/lib/thumb/v7e-m/nofp\libm.a(lib_a-s_matherr.o)
                              c:/ciaa/ciaa_software_1.1-win/tools/arm-none-eabi-gcc/bin/../lib/gcc/arm-none-eabi/8.2.1/../../../../arm-none-eabi/lib/thumb/v7e-m/nofp\libm.a(lib_a-w_sqrt.o) (matherr)
c:/ciaa/ciaa_software_1.1-win/tools/arm-none-eabi-gcc/bin/../lib/gcc/arm-none-eabi/8.2.1/../../../../arm-none-eabi/lib/thumb/v7e-m/nofp\libm.a(lib_a-s_scalbn.o)
                              c:/ciaa/ciaa_software_1.1-win/tools/arm-none-eabi-gcc/bin/../lib/gcc/arm-none-eabi/8.2.1/../../../../arm-none-eabi/lib/thumb/v7e-m/nofp\libm.a(lib_a-k_rem_pio2.o) (scalbn)
c:/ciaa/ciaa_software_1.1-win/tools/arm-none-eabi-gcc/bin/../lib/gcc/arm-none-eabi/8.2.1/thumb/v7e-m/nofp\libgcc.a(_arm_addsubdf3.o)
                              ./src/main.o (__aeabi_dsub)
c:/ciaa/ciaa_software_1.1-win/tools/arm-none-eabi-gcc/bin/../lib/gcc/arm-none-eabi/8.2.1/thumb/v7e-m/nofp\libgcc.a(_arm_muldivdf3.o)
                              ./src/main.o (__aeabi_dmul)
c:/ciaa/ciaa_software_1.1-win/tools/arm-none-eabi-gcc/bin/../lib/gcc/arm-none-eabi/8.2.1/thumb/v7e-m/nofp\libgcc.a(_arm_cmpdf2.o)
[...]
Memory Configuration

Name             Origin             Length             Attributes
RAM              0x20000000         0x00020000         xrw
CCMRAM           0x10000000         0x00010000         xrw
FLASH            0x08000000         0x00100000         xr
FLASHB1          0x00000000         0x00000000         xr
EXTMEMB0         0x00000000         0x00000000         xr
EXTMEMB1         0x00000000         0x00000000         xr
EXTMEMB2         0x00000000         0x00000000         xr
EXTMEMB3         0x00000000         0x00000000         xr
MEMORY_ARRAY     0x20002000         0x00000020         xrw
*default*        0x00000000         0xffffffff

Linker script and memory map

LOAD ./system/src/stm32f4-hal/stm32f4xx_hal.o
LOAD ./system/src/stm32f4-hal/stm32f4xx_hal_adc.o
LOAD ./system/src/stm32f4-hal/stm32f4xx_hal_adc_ex.o
LOAD ./system/src/stm32f4-hal/stm32f4xx_hal_cortex.o
LOAD ./system/src/stm32f4-hal/stm32f4xx_hal_dac.o
LOAD ./system/src/stm32f4-hal/stm32f4xx_hal_dac_ex.o
LOAD ./system/src/stm32f4-hal/stm32f4xx_hal_dfsdm.o
LOAD ./system/src/stm32f4-hal/stm32f4xx_hal_dma.o
LOAD ./system/src/stm32f4-hal/stm32f4xx_hal_flash.o
LOAD ./system/src/stm32f4-hal/stm32f4xx_hal_gpio.o
LOAD ./system/src/stm32f4-hal/stm32f4xx_hal_iwdg.o
LOAD ./system/src/stm32f4-hal/stm32f4xx_hal_pwr.o
LOAD ./system/src/stm32f4-hal/stm32f4xx_hal_rcc.o
LOAD ./system/src/stm32f4-hal/stm32f4xx_hal_tim.o
LOAD ./system/src/stm32f4-hal/stm32f4xx_hal_tim_ex.o
LOAD ./system/src/stm32f4-hal/stm32f4xx_hal_timebase_tim_template.o
LOAD ./system/src/stm32f4-hal/stm32f4xx_hal_uart.o
LOAD ./system/src/stm32f4-hal/stm32f4xx_hal_usart.o
LOAD ./system/src/newlib/_cxx.o
LOAD ./system/src/newlib/_exit.o
LOAD ./system/src/newlib/_sbrk.o
LOAD ./system/src/newlib/_startup.o
LOAD ./system/src/newlib/_syscalls.o
LOAD ./system/src/newlib/assert.o
LOAD ./system/src/diag/Trace.o
LOAD ./system/src/diag/trace_impl.o
LOAD ./system/src/cortexm/_initialize_hardware.o
LOAD ./system/src/cortexm/_reset_hardware.o
LOAD ./system/src/cortexm/exception_handlers.o
LOAD ./system/src/cmsis/system_stm32f4xx.o
LOAD ./system/src/cmsis/vectors_stm32f407xx.o
LOAD ./src/Timer.o
LOAD ./src/_initialize_hardware.o
LOAD ./src/main.o
LOAD ./src/stm32f4xx_hal_msp.o
LOAD c:/ciaa/ciaa_software_1.1-win/tools/arm-none-eabi-gcc/bin/../lib/gcc/arm-none-eabi/8.2.1/../../../../arm-none-eabi/lib/thumb/v7e-m/nofp\libstdc++_nano.a
LOAD c:/ciaa/ciaa_software_1.1-win/tools/arm-none-eabi-gcc/bin/../lib/gcc/arm-none-eabi/8.2.1/../../../../arm-none-eabi/lib/thumb/v7e-m/nofp\libm.a
START GROUP
LOAD c:/ciaa/ciaa_software_1.1-win/tools/arm-none-eabi-gcc/bin/../lib/gcc/arm-none-eabi/8.2.1/thumb/v7e-m/nofp\libgcc.a
LOAD c:/ciaa/ciaa_software_1.1-win/tools/arm-none-eabi-gcc/bin/../lib/gcc/arm-none-eabi/8.2.1/../../../../arm-none-eabi/lib/thumb/v7e-m/nofp\libg_nano.a
LOAD c:/ciaa/ciaa_software_1.1-win/tools/arm-none-eabi-gcc/bin/../lib/gcc/arm-none-eabi/8.2.1/../../../../arm-none-eabi/lib/thumb/v7e-m/nofp\libc_nano.a
END GROUP
START GROUP
LOAD c:/ciaa/ciaa_software_1.1-win/tools/arm-none-eabi-gcc/bin/../lib/gcc/arm-none-eabi/8.2.1/thumb/v7e-m/nofp\libgcc.a
LOAD c:/ciaa/ciaa_software_1.1-win/tools/arm-none-eabi-gcc/bin/../lib/gcc/arm-none-eabi/8.2.1/../../../../arm-none-eabi/lib/thumb/v7e-m/nofp\libc_nano.a
END GROUP
                0x20020000                __stack = (ORIGIN (RAM) + LENGTH (RAM))
                0x20020000                _estack = __stack
                0x00000400                __Main_Stack_Size = 0x400
                [!provide]                PROVIDE (_Main_Stack_Size = __Main_Stack_Size)
                0x2001fc00                __Main_Stack_Limit = (__stack - __Main_Stack_Size)
                [!provide]                PROVIDE (_Main_Stack_Limit = __Main_Stack_Limit)
                0x00000100                _Minimum_Stack_Size = 0x100
                0x20017390                PROVIDE (_Heap_Begin = _end_noinit)
                0x2001fc00                PROVIDE (_Heap_Limit = (__stack - __Main_Stack_Size))

.isr_vector     0x08000000      0x3e8
 FILL mask 0xff
                0x08000000                __vectors_start = ABSOLUTE (.)
                0x08000000                __vectors_start__ = ABSOLUTE (.)
 *(.isr_vector)
 .isr_vector    0x08000000      0x188 ./system/src/cmsis/vectors_stm32f407xx.o
                0x08000000                __isr_vectors
 *(.cfmconfig)
 *(.after_vectors .after_vectors.*)
 .after_vectors
                0x08000188      0x130 ./system/src/newlib/_startup.o
                0x08000188                _start
 .after_vectors
                0x080002b8      0x12c ./system/src/cortexm/exception_handlers.o
                0x080002b8                Reset_Handler
                0x080002be                NMI_Handler
                0x080002c2                HardFault_Handler
                0x080002d6                HardFault_Handler_C
                0x08000334                MemManage_Handler
                0x08000338                BusFault_Handler
                0x0800034c                BusFault_Handler_C
                0x08000380                UsageFault_Handler
                0x08000394                UsageFault_Handler_C
                0x080003c8                SVC_Handler
                0x080003cc                DebugMon_Handler
                0x080003d0                PendSV_Handler
 .after_vectors
                0x080003e4        0x4 ./system/src/cmsis/vectors_stm32f407xx.o
                0x080003e4                RTC_Alarm_IRQHandler
                0x080003e4                HASH_RNG_IRQHandler
                0x080003e4                EXTI2_IRQHandler
                0x080003e4                TIM8_CC_IRQHandler
                0x080003e4                TIM1_CC_IRQHandler
                0x080003e4                DMA2_Stream5_IRQHandler
                0x080003e4                DMA1_Stream5_IRQHandler
                0x080003e4                PVD_IRQHandler
                0x080003e4                SDIO_IRQHandler
                0x080003e4                TAMP_STAMP_IRQHandler
                0x080003e4                CAN2_RX1_IRQHandler
                0x080003e4                EXTI3_IRQHandler
                0x080003e4                TIM8_TRG_COM_TIM14_IRQHandler
                0x080003e4                TIM8_UP_TIM13_IRQHandler
                0x080003e4                I2C3_ER_IRQHandler
                0x080003e4                EXTI0_IRQHandler
                0x080003e4                I2C2_EV_IRQHandler
                0x080003e4                DMA1_Stream2_IRQHandler
                0x080003e4                CAN1_RX0_IRQHandler
                0x080003e4                FPU_IRQHandler
                0x080003e4                OTG_HS_WKUP_IRQHandler
                0x080003e4                CAN2_SCE_IRQHandler
                0x080003e4                DMA2_Stream2_IRQHandler
                0x080003e4                SPI1_IRQHandler
                0x080003e4                TIM1_BRK_TIM9_IRQHandler
                0x080003e4                DCMI_IRQHandler
                0x080003e4                CAN2_RX0_IRQHandler
                0x080003e4                DMA2_Stream3_IRQHandler
                0x080003e4                USART6_IRQHandler
                0x080003e4                USART3_IRQHandler
                0x080003e4                CAN1_RX1_IRQHandler
                0x080003e4                UART5_IRQHandler
                0x080003e4                DMA2_Stream0_IRQHandler
                0x080003e4                TIM4_IRQHandler
                0x080003e4                I2C1_EV_IRQHandler
                0x080003e4                DMA1_Stream6_IRQHandler
                0x080003e4                DMA1_Stream1_IRQHandler
                0x080003e4                UART4_IRQHandler
                0x080003e4                TIM3_IRQHandler
                0x080003e4                RCC_IRQHandler
                0x080003e4                TIM8_BRK_TIM12_IRQHandler
                0x080003e4                Default_Handler
                0x080003e4                EXTI15_10_IRQHandler
                0x080003e4                ADC_IRQHandler
                0x080003e4                DMA1_Stream7_IRQHandler
                0x080003e4                TIM7_IRQHandler
                0x080003e4                CAN2_TX_IRQHandler
                0x080003e4                TIM5_IRQHandler
                0x080003e4                DMA2_Stream7_IRQHandler
                0x080003e4                I2C3_EV_IRQHandler
                0x080003e4                EXTI9_5_IRQHandler
                0x080003e4                RTC_WKUP_IRQHandler
                0x080003e4                ETH_WKUP_IRQHandler
                0x080003e4                SPI2_IRQHandler
                0x080003e4                OTG_HS_EP1_IN_IRQHandler
                0x080003e4                DMA1_Stream0_IRQHandler
                0x080003e4                CAN1_TX_IRQHandler
                0x080003e4                EXTI4_IRQHandler
                0x080003e4                ETH_IRQHandler
                0x080003e4                OTG_HS_EP1_OUT_IRQHandler
                0x080003e4                WWDG_IRQHandler
                0x080003e4                TIM2_IRQHandler
                0x080003e4                OTG_FS_WKUP_IRQHandler
                0x080003e4                TIM1_TRG_COM_TIM11_IRQHandler
                0x080003e4                OTG_HS_IRQHandler
                0x080003e4                EXTI1_IRQHandler
                0x080003e4                USART2_IRQHandler
                0x080003e4                I2C2_ER_IRQHandler
                0x080003e4                DMA2_Stream1_IRQHandler
                0x080003e4                CAN1_SCE_IRQHandler
                0x080003e4                FLASH_IRQHandler
                0x080003e4                DMA2_Stream4_IRQHandler
                0x080003e4                USART1_IRQHandler
                0x080003e4                OTG_FS_IRQHandler
                0x080003e4                SPI3_IRQHandler
                0x080003e4                DMA1_Stream4_IRQHandler
                0x080003e4                I2C1_ER_IRQHandler
                0x080003e4                FMC_IRQHandler
                0x080003e4                DMA2_Stream6_IRQHandler
                0x080003e4                DMA1_Stream3_IRQHandler

.inits          0x080003e8       0x28
                0x080003e8                __data_regions_array_start = .
                0x080003e8        0x4 LONG 0x8013cbc LOADADDR (.data)
                0x080003ec        0x4 LONG 0x20000000 ADDR (.data)
                0x080003f0        0x4 LONG 0x200035bc (ADDR (.data) + SIZEOF (.data))
                0x080003f4        0x4 LONG 0x8013cbc LOADADDR (.data_CCMRAM)
                0x080003f8        0x4 LONG 0x10000000 ADDR (.data_CCMRAM)
                0x080003fc        0x4 LONG 0x10000000 (ADDR (.data_CCMRAM) + SIZEOF (.data_CCMRAM))
                0x08000400                __data_regions_array_end = .
                0x08000400                __bss_regions_array_start = .
                0x08000400        0x4 LONG 0x200035c0 ADDR (.bss)
                0x08000404        0x4 LONG 0x20017390 (ADDR (.bss) + SIZEOF (.bss))
                0x08000408        0x4 LONG 0x10000000 ADDR (.bss_CCMRAM)
                0x0800040c        0x4 LONG 0x10000000 (ADDR (.bss_CCMRAM) + SIZEOF (.bss_CCMRAM))
                0x08000410                __bss_regions_array_end = .
 *(.init)
 *(.fini)
                0x08000410                . = ALIGN (0x4)
                0x08000410                PROVIDE (__preinit_array_start = .)
 *(.preinit_array_sysinit .preinit_array_sysinit.*)
 *(.preinit_array_platform .preinit_array_platform.*)
 *(.preinit_array .preinit_array.*)
                0x08000410                PROVIDE (__preinit_array_end = .)
                0x08000410                . = ALIGN (0x4)
                0x08000410                PROVIDE (__init_array_start = .)
 *(SORT_BY_NAME(.init_array.*))
 *(.init_array)
                0x08000410                PROVIDE (__init_array_end = .)
                0x08000410                . = ALIGN (0x4)
                0x08000410                PROVIDE (__fini_array_start = .)
 *(SORT_BY_NAME(.fini_array.*))
 *(.fini_array)
                0x08000410                PROVIDE (__fini_array_end = .)

.flashtext
 *(.flashtext .flashtext.*)

.text           0x08000410    0x138ab
 *(.text .text.*)
 .text.HAL_Init
                0x08000410       0x34 ./system/src/stm32f4-hal/stm32f4xx_hal.o
                0x08000410                HAL_Init
 .text.HAL_IncTick
                0x08000444       0x10 ./system/src/stm32f4-hal/stm32f4xx_hal.o
                0x08000444                HAL_IncTick
 .text.HAL_GetTick
                0x08000454        0xc ./system/src/stm32f4-hal/stm32f4xx_hal.o
                0x08000454                HAL_GetTick
 .text.HAL_Delay
                0x08000460       0x1c ./system/src/stm32f4-hal/stm32f4xx_hal.o
                0x08000460                HAL_Delay
 .text.ADC_Init
                0x0800047c      0x158 ./system/src/stm32f4-hal/stm32f4xx_hal_adc.o
 .text.HAL_ADC_Init
                0x080005d4      0x1ec ./system/src/stm32f4-hal/stm32f4xx_hal_adc.o
                0x080005d4                HAL_ADC_Init
 .text.HAL_ADC_Start
                0x080007c0      0x134 ./system/src/stm32f4-hal/stm32f4xx_hal_adc.o
                0x080007c0                HAL_ADC_Start
 .text.HAL_ADC_PollForConversion
                0x080008f4       0xb6 ./system/src/stm32f4-hal/stm32f4xx_hal_adc.o
                0x080008f4                HAL_ADC_PollForConversion
 .text.HAL_ADC_GetValue
                0x080009aa        0x6 ./system/src/stm32f4-hal/stm32f4xx_hal_adc.o
                0x080009aa                HAL_ADC_GetValue
 .text.HAL_ADC_ConfigChannel
                0x080009b0      0x1cc ./system/src/stm32f4-hal/stm32f4xx_hal_adc.o
                0x080009b0                HAL_ADC_ConfigChannel
 .text.HAL_ADCEx_InjectedConfigChannel
                0x08000b7c      0x380 ./system/src/stm32f4-hal/stm32f4xx_hal_adc_ex.o
                0x08000b7c                HAL_ADCEx_InjectedConfigChannel
 .text.HAL_NVIC_SetPriorityGrouping
                0x08000efc       0x3c ./system/src/stm32f4-hal/stm32f4xx_hal_cortex.o
                0x08000efc                HAL_NVIC_SetPriorityGrouping
 .text.HAL_NVIC_SetPriority
                0x08000f38       0x8c ./system/src/stm32f4-hal/stm32f4xx_hal_cortex.o
                0x08000f38                HAL_NVIC_SetPriority
 .text.HAL_NVIC_EnableIRQ
                0x08000fc4       0x2c ./system/src/stm32f4-hal/stm32f4xx_hal_cortex.o
                0x08000fc4                HAL_NVIC_EnableIRQ
 .text.HAL_DAC_Init
                0x08000ff0       0x40 ./system/src/stm32f4-hal/stm32f4xx_hal_dac.o
                0x08000ff0                HAL_DAC_Init
 .text.HAL_DAC_Start
                0x08001030       0x84 ./system/src/stm32f4-hal/stm32f4xx_hal_dac.o
                0x08001030                HAL_DAC_Start
 .text.HAL_DAC_DMAUnderrunCallbackCh1
                0x080010b4        0x2 ./system/src/stm32f4-hal/stm32f4xx_hal_dac.o
                0x080010b4                HAL_DAC_DMAUnderrunCallbackCh1
 .text.HAL_DAC_IRQHandler
                0x080010b6       0x60 ./system/src/stm32f4-hal/stm32f4xx_hal_dac.o
                0x080010b6                HAL_DAC_IRQHandler
 *fill*         0x08001116        0x2 
 .text.HAL_DAC_ConfigChannel
                0x08001118       0xa8 ./system/src/stm32f4-hal/stm32f4xx_hal_dac.o
                0x08001118                HAL_DAC_ConfigChannel
 .text.HAL_DACEx_DMAUnderrunCallbackCh2
                0x080011c0        0x2 ./system/src/stm32f4-hal/stm32f4xx_hal_dac_ex.o
                0x080011c0                HAL_DACEx_DMAUnderrunCallbackCh2
 *fill*         0x080011c2        0x2 
 .text.HAL_GPIO_Init
                0x080011c4      0x304 ./system/src/stm32f4-hal/stm32f4xx_hal_gpio.o
                0x080011c4                HAL_GPIO_Init
 .text.HAL_GPIO_ReadPin
                0x080014c8       0x28 ./system/src/stm32f4-hal/stm32f4xx_hal_gpio.o
                0x080014c8                HAL_GPIO_ReadPin
 .text.HAL_GPIO_WritePin
                0x080014f0       0x38 ./system/src/stm32f4-hal/stm32f4xx_hal_gpio.o
                0x080014f0                HAL_GPIO_WritePin
 .text.HAL_RCC_OscConfig
                0x08001528      0x43c ./system/src/stm32f4-hal/stm32f4xx_hal_rcc.o
                0x08001528                HAL_RCC_OscConfig
 .text.HAL_RCC_GetSysClockFreq
                0x08001964       0x94 ./system/src/stm32f4-hal/stm32f4xx_hal_rcc.o
                0x08001964                HAL_RCC_GetSysClockFreq
 .text.HAL_RCC_ClockConfig
                0x080019f8      0x258 ./system/src/stm32f4-hal/stm32f4xx_hal_rcc.o
                0x080019f8                HAL_RCC_ClockConfig
 .text.HAL_RCC_GetHCLKFreq
                0x08001c50        0xc ./system/src/stm32f4-hal/stm32f4xx_hal_rcc.o
                0x08001c50                HAL_RCC_GetHCLKFreq
 .text.HAL_RCC_GetPCLK1Freq
                0x08001c5c       0x2c ./system/src/stm32f4-hal/stm32f4xx_hal_rcc.o
                0x08001c5c                HAL_RCC_GetPCLK1Freq
 .text.HAL_RCC_GetPCLK2Freq
                0x08001c88       0x2c ./system/src/stm32f4-hal/stm32f4xx_hal_rcc.o
                0x08001c88                HAL_RCC_GetPCLK2Freq
 .text.HAL_RCC_GetClockConfig
                0x08001cb4       0x3c ./system/src/stm32f4-hal/stm32f4xx_hal_rcc.o
                0x08001cb4                HAL_RCC_GetClockConfig
 .text.TIM_TI1_ConfigInputStage
                0x08001cf0       0x24 ./system/src/stm32f4-hal/stm32f4xx_hal_tim.o
 .text.TIM_TI2_ConfigInputStage
                0x08001d14       0x26 ./system/src/stm32f4-hal/stm32f4xx_hal_tim.o
 .text.TIM_ITRx_SetConfig
                0x08001d3a       0x10 ./system/src/stm32f4-hal/stm32f4xx_hal_tim.o
 .text.TIM_ETR_SetConfig
                0x08001d4a       0x16 ./system/src/stm32f4-hal/stm32f4xx_hal_tim.o
 .text.HAL_TIM_Base_Start_IT
                0x08001d60       0x9c ./system/src/stm32f4-hal/stm32f4xx_hal_tim.o
                0x08001d60                HAL_TIM_Base_Start_IT
 .text.HAL_TIM_ConfigClockSource
                0x08001dfc      0x5c8 ./system/src/stm32f4-hal/stm32f4xx_hal_tim.o
                0x08001dfc                HAL_TIM_ConfigClockSource
 .text.HAL_TIM_OC_DelayElapsedCallback
                0x080023c4        0x2 ./system/src/stm32f4-hal/stm32f4xx_hal_tim.o
                0x080023c4                HAL_TIM_OC_DelayElapsedCallback
 .text.HAL_TIM_IC_CaptureCallback
                0x080023c6        0x2 ./system/src/stm32f4-hal/stm32f4xx_hal_tim.o
                0x080023c6                HAL_TIM_IC_CaptureCallback
 .text.HAL_TIM_PWM_PulseFinishedCallback
                0x080023c8        0x2 ./system/src/stm32f4-hal/stm32f4xx_hal_tim.o
                0x080023c8                HAL_TIM_PWM_PulseFinishedCallback
 .text.HAL_TIM_TriggerCallback
                0x080023ca        0x2 ./system/src/stm32f4-hal/stm32f4xx_hal_tim.o
                0x080023ca                HAL_TIM_TriggerCallback
 .text.HAL_TIM_IRQHandler
                0x080023cc      0x17a ./system/src/stm32f4-hal/stm32f4xx_hal_tim.o
                0x080023cc                HAL_TIM_IRQHandler
 *fill*         0x08002546        0x2 
 .text.TIM_Base_SetConfig
                0x08002548       0xc0 ./system/src/stm32f4-hal/stm32f4xx_hal_tim.o
                0x08002548                TIM_Base_SetConfig
 .text.HAL_TIM_Base_Init
                0x08002608       0xf0 ./system/src/stm32f4-hal/stm32f4xx_hal_tim.o
                0x08002608                HAL_TIM_Base_Init
 .text.HAL_TIMEx_MasterConfigSynchronization
                0x080026f8       0xf4 ./system/src/stm32f4-hal/stm32f4xx_hal_tim_ex.o
                0x080026f8                HAL_TIMEx_MasterConfigSynchronization
 .text.HAL_TIMEx_CommutationCallback
                0x080027ec        0x2 ./system/src/stm32f4-hal/stm32f4xx_hal_tim_ex.o
                0x080027ec                HAL_TIMEx_CommutationCallback
 .text.HAL_TIMEx_BreakCallback
                0x080027ee        0x2 ./system/src/stm32f4-hal/stm32f4xx_hal_tim_ex.o
                0x080027ee                HAL_TIMEx_BreakCallback
 .text.HAL_InitTick
                0x080027f0       0x88 ./system/src/stm32f4-hal/stm32f4xx_hal_timebase_tim_template.o
                0x080027f0                HAL_InitTick
 .text.HAL_TIM_PeriodElapsedCallback
                0x08002878        0x8 ./system/src/stm32f4-hal/stm32f4xx_hal_timebase_tim_template.o
                0x08002878                HAL_TIM_PeriodElapsedCallback
 .text.TIM6_DAC_IRQHandler
                0x08002880       0x18 ./system/src/stm32f4-hal/stm32f4xx_hal_timebase_tim_template.o
                0x08002880                TIM6_DAC_IRQHandler
 .text.UART_SetConfig
                0x08002898      0x3a0 ./system/src/stm32f4-hal/stm32f4xx_hal_uart.o
 .text.UART_WaitOnFlagUntilTimeout
                0x08002c38       0x62 ./system/src/stm32f4-hal/stm32f4xx_hal_uart.o
 *fill*         0x08002c9a        0x2 
 .text.HAL_UART_Init
                0x08002c9c      0x124 ./system/src/stm32f4-hal/stm32f4xx_hal_uart.o
                0x08002c9c                HAL_UART_Init
 .text.HAL_UART_Transmit
                0x08002dc0       0xda ./system/src/stm32f4-hal/stm32f4xx_hal_uart.o
                0x08002dc0                HAL_UART_Transmit
 .text._exit    0x08002e9a        0x2 ./system/src/newlib/_exit.o
                0x08002e9a                _exit
 .text.abort    0x08002e9c       0x14 ./system/src/newlib/_exit.o
                0x08002e9c                abort
 .text._sbrk    0x08002eb0       0x44 ./system/src/newlib/_sbrk.o
                0x08002eb0                _sbrk
 .text.__initialize_args
                0x08002ef4       0x10 ./system/src/newlib/_syscalls.o
                0x08002ef4                __initialize_args
 .text.assert_failed
                0x08002f04       0x14 ./system/src/newlib/assert.o
                0x08002f04                assert_failed
 .text.trace_printf
                0x08002f18       0x34 ./system/src/diag/Trace.o
                0x08002f18                trace_printf
 .text.trace_puts
                0x08002f4c       0x20 ./system/src/diag/Trace.o
                0x08002f4c                trace_puts
 .text._trace_write_semihosting_debug
                0x08002f6c       0x60 ./system/src/diag/trace_impl.o
 .text.trace_write
                0x08002fcc        0x8 ./system/src/diag/trace_impl.o
                0x08002fcc                trace_write
 .text.__initialize_hardware_early
                0x08002fd4       0x18 ./system/src/cortexm/_initialize_hardware.o
                0x08002fd4                __initialize_hardware_early
 .text.dumpExceptionStack
                0x08002fec       0xf4 ./system/src/cortexm/exception_handlers.o
                0x08002fec                dumpExceptionStack
 .text.isSemihosting
                0x080030e0       0x20 ./system/src/cortexm/exception_handlers.o
                0x080030e0                isSemihosting
 .text.SystemInit
                0x08003100       0x40 ./system/src/cmsis/system_stm32f4xx.o
                0x08003100                SystemInit
 .text.SystemCoreClockUpdate
                0x08003140       0xa0 ./system/src/cmsis/system_stm32f4xx.o
                0x08003140                SystemCoreClockUpdate
 .text.timer_start
                0x080031e0       0x3c ./src/Timer.o
                0x080031e0                timer_start
 .text.SysTick_Handler
                0x0800321c       0x24 ./src/Timer.o
                0x0800321c                SysTick_Handler
 .text.TIM1_UP_TIM10_IRQHandler
                0x08003240       0x68 ./src/Timer.o
                0x08003240                TIM1_UP_TIM10_IRQHandler
 .text.MX_GPIO_Init
                0x080032a8      0x148 ./src/_initialize_hardware.o
                0x080032a8                MX_GPIO_Init
 .text.Error_Handler
                0x080033f0        0x4 ./src/_initialize_hardware.o
                0x080033f0                Error_Handler
 .text.SystemClock_Config
                0x080033f4       0xa4 ./src/_initialize_hardware.o
                0x080033f4                SystemClock_Config
 .text.MX_USART1_UART_Init
                0x08003498       0x34 ./src/_initialize_hardware.o
                0x08003498                MX_USART1_UART_Init
 .text.MX_ADC1_Init
                0x080034cc       0x94 ./src/_initialize_hardware.o
                0x080034cc                MX_ADC1_Init
 .text.MX_TIM1_Init
                0x08003560       0x6c ./src/_initialize_hardware.o
                0x08003560                MX_TIM1_Init
 .text.MX_DAC_Init
                0x080035cc       0x3c ./src/_initialize_hardware.o
                0x080035cc                MX_DAC_Init
 .text.__initialize_hardware
                0x08003608       0x24 ./src/_initialize_hardware.o
                0x08003608                __initialize_hardware
 .text.Conflcd  0x0800362c       0xb8 ./src/main.o
                0x0800362c                Conflcd
 .text.LCD_Writ_Bus
                0x080036e4      0x260 ./src/main.o
                0x080036e4                LCD_Writ_Bus
 .text.LCD_Write_DATA
                0x08003944       0x28 ./src/main.o
                0x08003944                LCD_Write_DATA
 .text.LCD_Write_COM
                0x0800396c       0x28 ./src/main.o
                0x0800396c                LCD_Write_COM
 .text.LCD_Write_DATAb
                0x08003994       0x28 ./src/main.o
                0x08003994                LCD_Write_DATAb
 .text._fast_fill_16
                0x080039bc      0x430 ./src/main.o
                0x080039bc                _fast_fill_16
 .text.setXY    0x08003dec       0x80 ./src/main.o
                0x08003dec                setXY
 .text.clrXY    0x08003e6c       0x44 ./src/main.o
                0x08003e6c                clrXY
 .text.clrScr   0x08003eb0       0xb0 ./src/main.o
                0x08003eb0                clrScr
 .text.setFont  0x08003f60       0x1c ./src/main.o
                0x08003f60                setFont
 .text.initlcd  0x08003f7c      0x194 ./src/main.o
                0x08003f7c                initlcd
 .text.setColorb
                0x08004110       0x28 ./src/main.o
                0x08004110                setColorb
 .text.setColor
                0x08004138       0x14 ./src/main.o
                0x08004138                setColor
 .text.setColorRGB
                0x0800414c       0x28 ./src/main.o
                0x0800414c                setColorRGB
 .text.setBackColorRGB
                0x08004174       0x34 ./src/main.o
                0x08004174                setBackColorRGB
 .text.inicioLCD
                0x080041a8       0x84 ./src/main.o
                0x080041a8                inicioLCD
 .text.setBackColor
                0x0800422c       0x2c ./src/main.o
                0x0800422c                setBackColor
 .text.drawHLine
                0x08004258       0x74 ./src/main.o
                0x08004258                drawHLine
 .text.drawVLine
                0x080042cc       0x74 ./src/main.o
                0x080042cc                drawVLine
 .text.drawLine
                0x08004340       0xe4 ./src/main.o
                0x08004340                drawLine
 .text.setPixel
                0x08004424        0xe ./src/main.o
                0x08004424                setPixel
 *fill*         0x08004432        0x2 
 .text.drawPixel
                0x08004434       0x4c ./src/main.o
                0x08004434                drawPixel
 .text.printCharAscii
                0x08004480      0x208 ./src/main.o
                0x08004480                printCharAscii
 .text.drawRectangulo
                0x08004688       0x50 ./src/main.o
                0x08004688                drawRectangulo
 .text.drawRoundRect
                0x080046d8       0xa2 ./src/main.o
                0x080046d8                drawRoundRect
 .text.drawfillRoundRect
                0x0800477a       0xa2 ./src/main.o
                0x0800477a                drawfillRoundRect
 *fill*         0x0800481c        0x4 
 .text.rotateChar
                0x08004820      0x1ec ./src/main.o
                0x08004820                rotateChar
 .text.print    0x08004a0c       0xdc ./src/main.o
                0x08004a0c                print
 .text.printRLC
                0x08004ae8       0xdc ./src/main.o
                0x08004ae8                printRLC
 .text.printNumI
                0x08004bc4      0x114 ./src/main.o
                0x08004bc4                printNumI
 .text._convert_float
                0x08004cd8       0xa8 ./src/main.o
                0x08004cd8                _convert_float
 .text.printNumF
                0x08004d80       0xd2 ./src/main.o
                0x08004d80                printNumF
 *fill*         0x08004e52        0x2 
 .text.getColor
                0x08004e54       0x18 ./src/main.o
                0x08004e54                getColor
 .text.getBackColor
                0x08004e6c       0x18 ./src/main.o
                0x08004e6c                getBackColor
 .text.getFont  0x08004e84        0xc ./src/main.o
                0x08004e84                getFont
 .text.drawBitmap
                0x08004e90      0x1e8 ./src/main.o
                0x08004e90                drawBitmap
 .text.getFontXsize
                0x08005078        0xc ./src/main.o
                0x08005078                getFontXsize
 .text.getFontYsize
                0x08005084        0xc ./src/main.o
                0x08005084                getFontYsize
 .text.InitTouch
                0x08005090       0x98 ./src/main.o
                0x08005090                InitTouch
 .text.dataAvailable
                0x08005128       0x18 ./src/main.o
                0x08005128                dataAvailable
 .text.getX     0x08005140       0xc8 ./src/main.o
                0x08005140                getX
 .text.getY     0x08005208       0xc4 ./src/main.o
                0x08005208                getY
 .text.setPrecision
                0x080052cc       0x3c ./src/main.o
                0x080052cc                setPrecision
 .text.touch_WriteData
                0x08005308       0x6c ./src/main.o
                0x08005308                touch_WriteData
 .text.touch_ReadData
                0x08005374       0x54 ./src/main.o
                0x08005374                touch_ReadData
 .text.readtouch
                0x080053c8      0x164 ./src/main.o
                0x080053c8                readtouch
 .text.addButton
                0x0800552c       0x54 ./src/main.o
                0x0800552c                addButton
 .text.drawButton
                0x08005580      0x264 ./src/main.o
                0x08005580                drawButton
 .text.drawButtons
                0x080057e4       0x2c ./src/main.o
                0x080057e4                drawButtons
 .text.relabelButton
                0x08005810       0x28 ./src/main.o
                0x08005810                relabelButton
 .text.deleteAllButtons
                0x08005838       0x3c ./src/main.o
                0x08005838                deleteAllButtons
 .text.UTFT_Buttons
                0x08005874       0x50 ./src/main.o
                0x08005874                UTFT_Buttons
 .text.setButtonColors
                0x080058c4       0x30 ./src/main.o
                0x080058c4                setButtonColors
 .text.setTextFont
                0x080058f4        0xc ./src/main.o
                0x080058f4                setTextFont
 .text.setSymbolFont
                0x08005900        0xc ./src/main.o
                0x08005900                setSymbolFont
 .text.checkButtons
                0x0800590c      0x174 ./src/main.o
                0x0800590c                checkButtons
 .text.angulo360
                0x08005a80       0x68 ./src/main.o
                0x08005a80                angulo360
 .text.FFT_calculo
                0x08005ae8      0x234 ./src/main.o
                0x08005ae8                FFT_calculo
 .text.Mayor_Xk
                0x08005d1c      0x164 ./src/main.o
                0x08005d1c                Mayor_Xk
 .text.displaymenu
                0x08005e80      0x164 ./src/main.o
                0x08005e80                displaymenu
 .text.displayejes
                0x08005fe4       0x48 ./src/main.o
                0x08005fe4                displayejes
 *fill*         0x0800602c        0x4 
 .text.menusenal
                0x08006030      0x458 ./src/main.o
                0x08006030                menusenal
 .text.menusenalTR
                0x08006488      0x408 ./src/main.o
                0x08006488                menusenalTR
 .text.senal    0x08006890      0x3a4 ./src/main.o
                0x08006890                senal
 .text.displaymenue
                0x08006c34       0xf8 ./src/main.o
                0x08006c34                displaymenue
 .text.menuentrada
                0x08006d2c       0x6c ./src/main.o
                0x08006d2c                menuentrada
 .text.entrada  0x08006d98       0x18 ./src/main.o
                0x08006d98                entrada
 .text.calFFT   0x08006db0     0x1234 ./src/main.o
                0x08006db0                calFFT
 .text.displaymenuPersistencia
                0x08007fe4      0x18c ./src/main.o
                0x08007fe4                displaymenuPersistencia
 .text.Persistencia
                0x08008170      0x114 ./src/main.o
                0x08008170                Persistencia
 .text.displaymenuPromedio
                0x08008284      0x18c ./src/main.o
                0x08008284                displaymenuPromedio
 .text.Promedio
                0x08008410      0x100 ./src/main.o
                0x08008410                Promedio
 .text.displaymenuFrecuencia
                0x08008510      0x184 ./src/main.o
                0x08008510                displaymenuFrecuencia
 .text.Frecuencia
                0x08008694      0x108 ./src/main.o
                0x08008694                Frecuencia
 .text.displaymenuMuestras
                0x0800879c      0x18c ./src/main.o
                0x0800879c                displaymenuMuestras
 .text.Muestras
                0x08008928      0x118 ./src/main.o
                0x08008928                Muestras
 .text.displaymenufft
                0x08008a40      0x194 ./src/main.o
                0x08008a40                displaymenufft
 .text.ParaFFT  0x08008bd4       0xc8 ./src/main.o
                0x08008bd4                ParaFFT
 .text.displaymenuf
                0x08008c9c      0x118 ./src/main.o
                0x08008c9c                displaymenuf
 .text.FFT      0x08008db4       0x8c ./src/main.o
                0x08008db4                FFT
 .text.verparametrosfiltro
                0x08008e40      0x228 ./src/main.o
                0x08008e40                verparametrosfiltro
 .text.coeficientesLP
                0x08009068      0x4c4 ./src/main.o
                0x08009068                coeficientesLP
 *fill*         0x0800952c        0x4 
 .text.filtroLP
                0x08009530      0xbac ./src/main.o
                0x08009530                filtroLP
 *fill*         0x0800a0dc        0x4 
 .text.coeficientesHP
                0x0800a0e0      0x5d8 ./src/main.o
                0x0800a0e0                coeficientesHP
 .text.filtroHP
                0x0800a6b8      0xbbc ./src/main.o
                0x0800a6b8                filtroHP
 *fill*         0x0800b274        0x4 
 .text.coeficientesBP
                0x0800b278      0x638 ./src/main.o
                0x0800b278                coeficientesBP
 .text.filtroBP
                0x0800b8b0      0xbac ./src/main.o
                0x0800b8b0                filtroBP
 *fill*         0x0800c45c        0x4 
 .text.coeficientesBR
                0x0800c460      0x770 ./src/main.o
                0x0800c460                coeficientesBR
 .text.filtroBR
                0x0800cbd0      0xbbc ./src/main.o
                0x0800cbd0                filtroBR
 .text.menufiltro
                0x0800d78c      0x154 ./src/main.o
                0x0800d78c                menufiltro
 .text.Filtros  0x0800d8e0       0xc8 ./src/main.o
                0x0800d8e0                Filtros
 .text.menu     0x0800d9a8      0x108 ./src/main.o
                0x0800d9a8                menu
 .text.main     0x0800dab0       0x80 ./src/main.o
                0x0800dab0                main
 .text.muestreo
                0x0800db30      0x140 ./src/main.o
                0x0800db30                muestreo
 .text.cont_delay_us
                0x0800dc70       0x10 ./src/main.o
                0x0800dc70                cont_delay_us
 .text.HAL_MspInit
                0x0800dc80        0x2 ./src/stm32f4xx_hal_msp.o
                0x0800dc80                HAL_MspInit
 *fill*         0x0800dc82        0x2 
 .text.HAL_TIM_Base_MspInit
                0x0800dc84       0xe4 ./src/stm32f4xx_hal_msp.o
                0x0800dc84                HAL_TIM_Base_MspInit
 .text.HAL_UART_MspInit
                0x0800dd68       0x74 ./src/stm32f4xx_hal_msp.o
                0x0800dd68                HAL_UART_MspInit
 .text.HAL_ADC_MspInit
                0x0800dddc       0x68 ./src/stm32f4xx_hal_msp.o
                0x0800dddc                HAL_ADC_MspInit
 .text.HAL_DAC_MspInit
                0x0800de44       0x74 ./src/stm32f4xx_hal_msp.o
                0x0800de44                HAL_DAC_MspInit
 .text.cos      0x0800deb8       0x90 c:/ciaa/ciaa_software_1.1-win/tools/arm-none-eabi-gcc/bin/../lib/gcc/arm-none-eabi/8.2.1/../../../../arm-none-eabi/lib/thumb/v7e-m/nofp\libm.a(lib_a-s_cos.o)
                0x0800deb8                cos
 .text.sin      0x0800df48       0x94 c:/ciaa/ciaa_software_1.1-win/tools/arm-none-eabi-gcc/bin/../lib/gcc/arm-none-eabi/8.2.1/../../../../arm-none-eabi/lib/thumb/v7e-m/nofp\libm.a(lib_a-s_sin.o)
                0x0800df48                sin
 .text.sqrt     0x0800dfdc       0xc0 c:/ciaa/ciaa_software_1.1-win/tools/arm-none-eabi-gcc/bin/../lib/gcc/arm-none-eabi/8.2.1/../../../../arm-none-eabi/lib/thumb/v7e-m/nofp\libm.a(lib_a-w_sqrt.o)
                0x0800dfdc                sqrt
 *fill*         0x0800e09c        0x4 
 .text.__ieee754_rem_pio2
                0x0800e0a0      0x434 c:/ciaa/ciaa_software_1.1-win/tools/arm-none-eabi-gcc/bin/../lib/gcc/arm-none-eabi/8.2.1/../../../../arm-none-eabi/lib/thumb/v7e-m/nofp\libm.a(lib_a-e_rem_pio2.o)
                0x0800e0a0                __ieee754_rem_pio2
 .text.__ieee754_sqrt
                0x0800e4d4      0x184 c:/ciaa/ciaa_software_1.1-win/tools/arm-none-eabi-gcc/bin/../lib/gcc/arm-none-eabi/8.2.1/../../../../arm-none-eabi/lib/thumb/v7e-m/nofp\libm.a(lib_a-e_sqrt.o)
                0x0800e4d4                __ieee754_sqrt
 .text.__kernel_cos
                0x0800e658      0x248 c:/ciaa/ciaa_software_1.1-win/tools/arm-none-eabi-gcc/bin/../lib/gcc/arm-none-eabi/8.2.1/../../../../arm-none-eabi/lib/thumb/v7e-m/nofp\libm.a(lib_a-k_cos.o)
                0x0800e658                __kernel_cos
 .text.__kernel_rem_pio2
                0x0800e8a0      0x838 c:/ciaa/ciaa_software_1.1-win/tools/arm-none-eabi-gcc/bin/../lib/gcc/arm-none-eabi/8.2.1/../../../../arm-none-eabi/lib/thumb/v7e-m/nofp\libm.a(lib_a-k_rem_pio2.o)
                0x0800e8a0                __kernel_rem_pio2
 .text.__kernel_sin
                0x0800f0d8      0x16c c:/ciaa/ciaa_software_1.1-win/tools/arm-none-eabi-gcc/bin/../lib/gcc/arm-none-eabi/8.2.1/../../../../arm-none-eabi/lib/thumb/v7e-m/nofp\libm.a(lib_a-k_sin.o)
                0x0800f0d8                __kernel_sin
 .text.fabs     0x0800f244        0x8 c:/ciaa/ciaa_software_1.1-win/tools/arm-none-eabi-gcc/bin/../lib/gcc/arm-none-eabi/8.2.1/../../../../arm-none-eabi/lib/thumb/v7e-m/nofp\libm.a(lib_a-s_fabs.o)
                0x0800f244                fabs
 *fill*         0x0800f24c        0x4 
 .text.floor    0x0800f250      0x108 c:/ciaa/ciaa_software_1.1-win/tools/arm-none-eabi-gcc/bin/../lib/gcc/arm-none-eabi/8.2.1/../../../../arm-none-eabi/lib/thumb/v7e-m/nofp\libm.a(lib_a-s_floor.o)
                0x0800f250                floor
 .text.matherr  0x0800f358        0x4 c:/ciaa/ciaa_software_1.1-win/tools/arm-none-eabi-gcc/bin/../lib/gcc/arm-none-eabi/8.2.1/../../../../arm-none-eabi/lib/thumb/v7e-m/nofp\libm.a(lib_a-s_matherr.o)
                0x0800f358                matherr
 *fill*         0x0800f35c        0x4 
 .text.scalbn   0x0800f360       0xf4 c:/ciaa/ciaa_software_1.1-win/tools/arm-none-eabi-gcc/bin/../lib/gcc/arm-none-eabi/8.2.1/../../../../arm-none-eabi/lib/thumb/v7e-m/nofp\libm.a(lib_a-s_scalbn.o)
                0x0800f360                scalbn
 .text          0x0800f454      0x378 c:/ciaa/ciaa_software_1.1-win/tools/arm-none-eabi-gcc/bin/../lib/gcc/arm-none-eabi/8.2.1/thumb/v7e-m/nofp\libgcc.a(_arm_addsubdf3.o)
                0x0800f454                __aeabi_drsub
                0x0800f45c                __aeabi_dsub
                0x0800f45c                __subdf3
                0x0800f460                __aeabi_dadd
                0x0800f460                __adddf3
                0x0800f6d8                __floatunsidf
                0x0800f6d8                __aeabi_ui2d
                0x0800f6f8                __floatsidf
                0x0800f6f8                __aeabi_i2d
                0x0800f71c                __aeabi_f2d
                0x0800f71c                __extendsfdf2
                0x0800f760                __floatundidf
                0x0800f760                __aeabi_ul2d
                0x0800f770                __floatdidf
                0x0800f770                __aeabi_l2d
 .text          0x0800f7cc      0x424 c:/ciaa/ciaa_software_1.1-win/tools/arm-none-eabi-gcc/bin/../lib/gcc/arm-none-eabi/8.2.1/thumb/v7e-m/nofp\libgcc.a(_arm_muldivdf3.o)
                0x0800f7cc                __aeabi_dmul
                0x0800f7cc                __muldf3
                0x0800fa20                __divdf3
                0x0800fa20                __aeabi_ddiv
 .text          0x0800fbf0      0x110 c:/ciaa/ciaa_software_1.1-win/tools/arm-none-eabi-gcc/bin/../lib/gcc/arm-none-eabi/8.2.1/thumb/v7e-m/nofp\libgcc.a(_arm_cmpdf2.o)
                0x0800fbf0                __gtdf2
                0x0800fbf0                __gedf2
                0x0800fbf8                __ltdf2
                0x0800fbf8                __ledf2
                0x0800fc00                __nedf2
                0x0800fc00                __eqdf2
                0x0800fc00                __cmpdf2
                0x0800fc7c                __aeabi_cdrcmple
                0x0800fc8c                __aeabi_cdcmpeq
                0x0800fc8c                __aeabi_cdcmple
                0x0800fc9c                __aeabi_dcmpeq
                0x0800fcb0                __aeabi_dcmplt
                0x0800fcc4                __aeabi_dcmple
                0x0800fcd8                __aeabi_dcmpge
                0x0800fcec                __aeabi_dcmpgt
 .text          0x0800fd00       0x2c c:/ciaa/ciaa_software_1.1-win/tools/arm-none-eabi-gcc/bin/../lib/gcc/arm-none-eabi/8.2.1/thumb/v7e-m/nofp\libgcc.a(_arm_unorddf2.o)
                0x0800fd00                __unorddf2
                0x0800fd00                __aeabi_dcmpun
 .text          0x0800fd2c       0x50 c:/ciaa/ciaa_software_1.1-win/tools/arm-none-eabi-gcc/bin/../lib/gcc/arm-none-eabi/8.2.1/thumb/v7e-m/nofp\libgcc.a(_arm_fixdfsi.o)
                0x0800fd2c                __aeabi_d2iz
                0x0800fd2c                __fixdfsi
 .text          0x0800fd7c       0xa0 c:/ciaa/ciaa_software_1.1-win/tools/arm-none-eabi-gcc/bin/../lib/gcc/arm-none-eabi/8.2.1/thumb/v7e-m/nofp\libgcc.a(_arm_truncdfsf2.o)
                0x0800fd7c                __truncdfsf2
                0x0800fd7c                __aeabi_d2f
 .text          0x0800fe1c      0x21c c:/ciaa/ciaa_software_1.1-win/tools/arm-none-eabi-gcc/bin/../lib/gcc/arm-none-eabi/8.2.1/thumb/v7e-m/nofp\libgcc.a(_arm_addsubsf3.o)
                0x0800fe1c                __aeabi_frsub
                0x0800fe24                __subsf3
                0x0800fe24                __aeabi_fsub
                0x0800fe28                __aeabi_fadd
                0x0800fe28                __addsf3
                0x0800ff88                __aeabi_ui2f
                0x0800ff88                __floatunsisf
                0x0800ff90                __aeabi_i2f
                0x0800ff90                __floatsisf
                0x0800ffac                __aeabi_ul2f
                0x0800ffac                __floatundisf
                0x0800ffbc                __aeabi_l2f
                0x0800ffbc                __floatdisf
 .text          0x08010038       0xec c:/ciaa/ciaa_software_1.1-win/tools/arm-none-eabi-gcc/bin/../lib/gcc/arm-none-eabi/8.2.1/thumb/v7e-m/nofp\libgcc.a(_arm_cmpsf2.o)
                0x08010038                __gesf2
                0x08010038                __gtsf2
                0x08010040                __lesf2
                0x08010040                __ltsf2
                0x08010048                __nesf2
                0x08010048                __eqsf2
                0x08010048                __cmpsf2
                0x080100a8                __aeabi_cfrcmple
                0x080100b0                __aeabi_cfcmpeq
                0x080100b0                __aeabi_cfcmple
                0x080100c0                __aeabi_fcmpeq
                0x080100d4                __aeabi_fcmplt
                0x080100e8                __aeabi_fcmple
                0x080100fc                __aeabi_fcmpge
                0x08010110                __aeabi_fcmpgt
 .text.abs      0x08010124        0x8 c:/ciaa/ciaa_software_1.1-win/tools/arm-none-eabi-gcc/bin/../lib/gcc/arm-none-eabi/8.2.1/../../../../arm-none-eabi/lib/thumb/v7e-m/nofp\libg_nano.a(lib_a-abs.o)
                0x08010124                abs
 .text.__errno  0x0801012c        0xc c:/ciaa/ciaa_software_1.1-win/tools/arm-none-eabi-gcc/bin/../lib/gcc/arm-none-eabi/8.2.1/../../../../arm-none-eabi/lib/thumb/v7e-m/nofp\libg_nano.a(lib_a-errno.o)
                0x0801012c                __errno
 .text.memcpy   0x08010138       0x1c c:/ciaa/ciaa_software_1.1-win/tools/arm-none-eabi-gcc/bin/../lib/gcc/arm-none-eabi/8.2.1/../../../../arm-none-eabi/lib/thumb/v7e-m/nofp\libg_nano.a(lib_a-memcpy-stub.o)
                0x08010138                memcpy
 .text.memset   0x08010154       0x10 c:/ciaa/ciaa_software_1.1-win/tools/arm-none-eabi-gcc/bin/../lib/gcc/arm-none-eabi/8.2.1/../../../../arm-none-eabi/lib/thumb/v7e-m/nofp\libg_nano.a(lib_a-memset.o)
                0x08010154                memset
 .text.sprintf  0x08010164       0x40 c:/ciaa/ciaa_software_1.1-win/tools/arm-none-eabi-gcc/bin/../lib/gcc/arm-none-eabi/8.2.1/../../../../arm-none-eabi/lib/thumb/v7e-m/nofp\libg_nano.a(lib_a-sprintf.o)
                0x08010164                siprintf
                0x08010164                sprintf
 .text.strcat   0x080101a4       0x20 c:/ciaa/ciaa_software_1.1-win/tools/arm-none-eabi-gcc/bin/../lib/gcc/arm-none-eabi/8.2.1/../../../../arm-none-eabi/lib/thumb/v7e-m/nofp\libg_nano.a(lib_a-strcat.o)
                0x080101a4                strcat
 .text          0x080101c4       0x10 c:/ciaa/ciaa_software_1.1-win/tools/arm-none-eabi-gcc/bin/../lib/gcc/arm-none-eabi/8.2.1/../../../../arm-none-eabi/lib/thumb/v7e-m/nofp\libg_nano.a(lib_a-strlen.o)
                0x080101c4                strlen
 .text._vsnprintf_r
                0x080101d4       0x58 c:/ciaa/ciaa_software_1.1-win/tools/arm-none-eabi-gcc/bin/../lib/gcc/arm-none-eabi/8.2.1/../../../../arm-none-eabi/lib/thumb/v7e-m/nofp\libg_nano.a(lib_a-vsnprintf.o)
                0x080101d4                _vsniprintf_r
                0x080101d4                _vsnprintf_r
 .text.vsnprintf
                0x0801022c       0x1c c:/ciaa/ciaa_software_1.1-win/tools/arm-none-eabi-gcc/bin/../lib/gcc/arm-none-eabi/8.2.1/../../../../arm-none-eabi/lib/thumb/v7e-m/nofp\libg_nano.a(lib_a-vsnprintf.o)
                0x0801022c                vsniprintf
                0x0801022c                vsnprintf
 .text.__ssputs_r
                0x08010248       0xb6 c:/ciaa/ciaa_software_1.1-win/tools/arm-none-eabi-gcc/bin/../lib/gcc/arm-none-eabi/8.2.1/../../../../arm-none-eabi/lib/thumb/v7e-m/nofp\libg_nano.a(lib_a-nano-svfprintf.o)
                0x08010248                __ssputs_r
 *fill*         0x080102fe        0x2 
 .text._svfprintf_r
                0x08010300      0x1f0 c:/ciaa/ciaa_software_1.1-win/tools/arm-none-eabi-gcc/bin/../lib/gcc/arm-none-eabi/8.2.1/../../../../arm-none-eabi/lib/thumb/v7e-m/nofp\libg_nano.a(lib_a-nano-svfprintf.o)
                0x08010300                _svfiprintf_r
                0x08010300                _svfprintf_r
 .text._printf_common
                0x080104f0       0xea c:/ciaa/ciaa_software_1.1-win/tools/arm-none-eabi-gcc/bin/../lib/gcc/arm-none-eabi/8.2.1/../../../../arm-none-eabi/lib/thumb/v7e-m/nofp\libg_nano.a(lib_a-nano-vfprintf_i.o)
                0x080104f0                _printf_common
 *fill*         0x080105da        0x2 
 .text._printf_i
                0x080105dc      0x228 c:/ciaa/ciaa_software_1.1-win/tools/arm-none-eabi-gcc/bin/../lib/gcc/arm-none-eabi/8.2.1/../../../../arm-none-eabi/lib/thumb/v7e-m/nofp\libg_nano.a(lib_a-nano-vfprintf_i.o)
                0x080105dc                _printf_i
 *fill*         0x08010804        0xc 
 .text          0x08010810       0xa0 c:/ciaa/ciaa_software_1.1-win/tools/arm-none-eabi-gcc/bin/../lib/gcc/arm-none-eabi/8.2.1/../../../../arm-none-eabi/lib/thumb/v7e-m/nofp\libg_nano.a(lib_a-memchr.o)
                0x08010810                memchr
 .text.memmove  0x080108b0       0x34 c:/ciaa/ciaa_software_1.1-win/tools/arm-none-eabi-gcc/bin/../lib/gcc/arm-none-eabi/8.2.1/../../../../arm-none-eabi/lib/thumb/v7e-m/nofp\libg_nano.a(lib_a-memmove.o)
                0x080108b0                memmove
 .text._free_r  0x080108e4       0x9c c:/ciaa/ciaa_software_1.1-win/tools/arm-none-eabi-gcc/bin/../lib/gcc/arm-none-eabi/8.2.1/../../../../arm-none-eabi/lib/thumb/v7e-m/nofp\libg_nano.a(lib_a-nano-freer.o)
                0x080108e4                _free_r
 .text._malloc_r
                0x08010980       0xb4 c:/ciaa/ciaa_software_1.1-win/tools/arm-none-eabi-gcc/bin/../lib/gcc/arm-none-eabi/8.2.1/../../../../arm-none-eabi/lib/thumb/v7e-m/nofp\libg_nano.a(lib_a-nano-mallocr.o)
                0x08010980                _malloc_r
 .text._realloc_r
                0x08010a34       0x4c c:/ciaa/ciaa_software_1.1-win/tools/arm-none-eabi-gcc/bin/../lib/gcc/arm-none-eabi/8.2.1/../../../../arm-none-eabi/lib/thumb/v7e-m/nofp\libg_nano.a(lib_a-nano-reallocr.o)
                0x08010a34                _realloc_r
 .text._sbrk_r  0x08010a80       0x20 c:/ciaa/ciaa_software_1.1-win/tools/arm-none-eabi-gcc/bin/../lib/gcc/arm-none-eabi/8.2.1/../../../../arm-none-eabi/lib/thumb/v7e-m/nofp\libg_nano.a(lib_a-sbrkr.o)
                0x08010a80                _sbrk_r
 .text.__malloc_lock
                0x08010aa0        0xc c:/ciaa/ciaa_software_1.1-win/tools/arm-none-eabi-gcc/bin/../lib/gcc/arm-none-eabi/8.2.1/../../../../arm-none-eabi/lib/thumb/v7e-m/nofp\libg_nano.a(lib_a-mlock.o)
                0x08010aa0                __malloc_lock
 .text.__malloc_unlock
                0x08010aac        0xc c:/ciaa/ciaa_software_1.1-win/tools/arm-none-eabi-gcc/bin/../lib/gcc/arm-none-eabi/8.2.1/../../../../arm-none-eabi/lib/thumb/v7e-m/nofp\libg_nano.a(lib_a-mlock.o)
                0x08010aac                __malloc_unlock
 .text._malloc_usable_size_r
                0x08010ab8       0x10 c:/ciaa/ciaa_software_1.1-win/tools/arm-none-eabi-gcc/bin/../lib/gcc/arm-none-eabi/8.2.1/../../../../arm-none-eabi/lib/thumb/v7e-m/nofp\libg_nano.a(lib_a-nano-msizer.o)
                0x08010ab8                _malloc_usable_size_r
 .text.__retarget_lock_acquire_recursive
                0x08010ac8        0x2 c:/ciaa/ciaa_software_1.1-win/tools/arm-none-eabi-gcc/bin/../lib/gcc/arm-none-eabi/8.2.1/../../../../arm-none-eabi/lib/thumb/v7e-m/nofp\libg_nano.a(lib_a-lock.o)
                0x08010ac8                __retarget_lock_acquire_recursive
 .text.__retarget_lock_release_recursive
                0x08010aca        0x2 c:/ciaa/ciaa_software_1.1-win/tools/arm-none-eabi-gcc/bin/../lib/gcc/arm-none-eabi/8.2.1/../../../../arm-none-eabi/lib/thumb/v7e-m/nofp\libg_nano.a(lib_a-lock.o)
                0x08010aca                __retarget_lock_release_recursive
 *(.rodata .rodata.* .constdata .constdata.*)
 .rodata.ADC_Init.str1.4
                0x08010acc       0x2e ./system/src/stm32f4-hal/stm32f4xx_hal_adc.o
 *fill*         0x08010afa        0x2 
 .rodata.HAL_ADCEx_InjectedStop.str1.4
                0x08010afc       0x31 ./system/src/stm32f4-hal/stm32f4xx_hal_adc_ex.o
 *fill*         0x08010b2d        0x3 
 .rodata.HAL_NVIC_SetPriorityGrouping.str1.4
                0x08010b30       0x31 ./system/src/stm32f4-hal/stm32f4xx_hal_cortex.o
 *fill*         0x08010b61        0x3 
 .rodata.HAL_DAC_Init.str1.4
                0x08010b64       0x2e ./system/src/stm32f4-hal/stm32f4xx_hal_dac.o
 *fill*         0x08010b92        0x2 
 .rodata.HAL_GPIO_Init.str1.4
                0x08010b94       0x2f ./system/src/stm32f4-hal/stm32f4xx_hal_gpio.o
 *fill*         0x08010bc3        0x1 
 .rodata.APBAHBPrescTable
                0x08010bc4       0x10 ./system/src/stm32f4-hal/stm32f4xx_hal_rcc.o
                0x08010bc4                APBAHBPrescTable
 .rodata.HAL_RCC_OscConfig.str1.4
                0x08010bd4       0x2e ./system/src/stm32f4-hal/stm32f4xx_hal_rcc.o
 *fill*         0x08010c02        0x2 
 .rodata.TIM_OC3_SetConfig.str1.4
                0x08010c04       0x2e ./system/src/stm32f4-hal/stm32f4xx_hal_tim.o
 *fill*         0x08010c32        0x2 
 .rodata.TIM_CCxNChannelCmd.str1.4
                0x08010c34       0x31 ./system/src/stm32f4-hal/stm32f4xx_hal_tim_ex.o
 *fill*         0x08010c65        0x3 
 .rodata.UART_SetConfig.str1.4
                0x08010c68       0x2f ./system/src/stm32f4-hal/stm32f4xx_hal_uart.o
 *fill*         0x08010c97        0x1 
 .rodata.abort.str1.4
                0x08010c98       0x14 ./system/src/newlib/_exit.o
 .rodata.assert_failed.str1.4
                0x08010cac       0x2b ./system/src/newlib/assert.o
 .rodata.trace_puts.str1.4
                0x08010cd7       0x2b ./system/src/diag/Trace.o
                                  0x2 (size before relaxing)
 *fill*         0x08010cd7        0x1 
 .rodata.dumpExceptionStack.str1.4
                0x08010cd8      0x11a ./system/src/cortexm/exception_handlers.o
 *fill*         0x08010df2        0x2 
 .rodata.str1.4
                0x08010df4       0x2a ./system/src/cortexm/exception_handlers.o
 *fill*         0x08010e1e        0x2 
 .rodata.AHBPrescTable
                0x08010e20       0x10 ./system/src/cmsis/system_stm32f4xx.o
                0x08010e20                AHBPrescTable
 .rodata.TIM1_UP_TIM10_IRQHandler.str1.4
                0x08010e30        0xa ./src/Timer.o
 *fill*         0x08010e3a        0x2 
 .rodata        0x08010e3c      0x102 ./src/main.o
 *fill*         0x08010f3e        0x2 
 .rodata.Persistencia.str1.4
                0x08010f40        0x9 ./src/main.o
 *fill*         0x08010f49        0x3 
 .rodata._convert_float.str1.4
                0x08010f4c        0x6 ./src/main.o
 *fill*         0x08010f52        0x2 
 .rodata.calFFT.str1.4
                0x08010f54       0x94 ./src/main.o
 .rodata.deleteAllButtons.str1.4
                0x08010fe8       0x94 ./src/main.o
                                  0x1 (size before relaxing)
 .rodata.displaymenu.str1.4
                0x08010fe8       0x58 ./src/main.o
 .rodata.displaymenuFrecuencia.str1.4
                0x08011040       0x4d ./src/main.o
 *fill*         0x0801108d        0x3 
 .rodata.displaymenuMuestras.str1.4
                0x08011090       0x48 ./src/main.o
 .rodata.displaymenuPersistencia.str1.4
                0x080110d8       0x57 ./src/main.o
 *fill*         0x0801112f        0x1 
 .rodata.displaymenuPromedio.str1.4
                0x08011130       0x39 ./src/main.o
 *fill*         0x08011169        0x3 
 .rodata.displaymenue.str1.4
                0x0801116c       0x17 ./src/main.o
 *fill*         0x08011183        0x1 
 .rodata.displaymenuf.str1.4
                0x08011184       0x30 ./src/main.o
 .rodata.displaymenufft.str1.4
                0x080111b4       0x1a ./src/main.o
 *fill*         0x080111ce        0x2 
 .rodata.filtroBP.str1.4
                0x080111d0       0x12 ./src/main.o
 *fill*         0x080111e2        0x2 
 .rodata.filtroBR.str1.4
                0x080111e4       0x15 ./src/main.o
 *fill*         0x080111f9        0x3 
 .rodata.filtroHP.str1.4
                0x080111fc       0x12 ./src/main.o
 *fill*         0x0801120e        0x2 
 .rodata.filtroLP.str1.4
                0x08011210       0x3a ./src/main.o
 *fill*         0x0801124a        0x2 
 .rodata.main.str1.4
                0x0801124c       0x29 ./src/main.o
 *fill*         0x08011275        0x3 
 .rodata.menufiltro.str1.4
                0x08011278        0xf ./src/main.o
 *fill*         0x08011287        0x1 
 .rodata.menusenal.str1.4
                0x08011288       0x66 ./src/main.o
 *fill*         0x080112ee        0x2 
 .rodata.menusenalTR.str1.4
                0x080112f0        0x9 ./src/main.o
 *fill*         0x080112f9        0x3 
 .rodata.tabcoseno
                0x080112fc      0x5a8 ./src/main.o
                0x080112fc                tabcoseno
 .rodata.tabseno
                0x080118a4      0x5a8 ./src/main.o
                0x080118a4                tabseno
 *fill*         0x08011e4c        0x4 
 .rodata.tabsinc
                0x08011e50     0x1c30 ./src/main.o
                0x08011e50                tabsinc
 .rodata.verparametrosfiltro.str1.4
                0x08013a80       0x24 ./src/main.o
 .rodata.sqrt.str1.4
                0x08013aa4        0x8 c:/ciaa/ciaa_software_1.1-win/tools/arm-none-eabi-gcc/bin/../lib/gcc/arm-none-eabi/8.2.1/../../../../arm-none-eabi/lib/thumb/v7e-m/nofp\libm.a(lib_a-w_sqrt.o)
                                  0x5 (size before relaxing)
 .rodata.npio2_hw
                0x08013aac       0x80 c:/ciaa/ciaa_software_1.1-win/tools/arm-none-eabi-gcc/bin/../lib/gcc/arm-none-eabi/8.2.1/../../../../arm-none-eabi/lib/thumb/v7e-m/nofp\libm.a(lib_a-e_rem_pio2.o)
 .rodata.two_over_pi
                0x08013b2c      0x108 c:/ciaa/ciaa_software_1.1-win/tools/arm-none-eabi-gcc/bin/../lib/gcc/arm-none-eabi/8.2.1/../../../../arm-none-eabi/lib/thumb/v7e-m/nofp\libm.a(lib_a-e_rem_pio2.o)
 *fill*         0x08013c34        0x4 
 .rodata.PIo2   0x08013c38       0x40 c:/ciaa/ciaa_software_1.1-win/tools/arm-none-eabi-gcc/bin/../lib/gcc/arm-none-eabi/8.2.1/../../../../arm-none-eabi/lib/thumb/v7e-m/nofp\libm.a(lib_a-k_rem_pio2.o)
 .rodata.init_jk
                0x08013c78       0x10 c:/ciaa/ciaa_software_1.1-win/tools/arm-none-eabi-gcc/bin/../lib/gcc/arm-none-eabi/8.2.1/../../../../arm-none-eabi/lib/thumb/v7e-m/nofp\libm.a(lib_a-k_rem_pio2.o)
 .rodata._svfprintf_r.str1.1
                0x08013c88       0x11 c:/ciaa/ciaa_software_1.1-win/tools/arm-none-eabi-gcc/bin/../lib/gcc/arm-none-eabi/8.2.1/../../../../arm-none-eabi/lib/thumb/v7e-m/nofp\libg_nano.a(lib_a-nano-svfprintf.o)
 .rodata._printf_i.str1.1
                0x08013c99       0x22 c:/ciaa/ciaa_software_1.1-win/tools/arm-none-eabi-gcc/bin/../lib/gcc/arm-none-eabi/8.2.1/../../../../arm-none-eabi/lib/thumb/v7e-m/nofp\libg_nano.a(lib_a-nano-vfprintf_i.o)
 *(vtable)
 *(.eh_frame*)
 *(.glue_7)
 .glue_7        0x08013cbb        0x0 linker stubs
 *(.glue_7t)
 .glue_7t       0x08013cbb        0x0 linker stubs

.vfp11_veneer   0x08013cbc        0x0
 .vfp11_veneer  0x08013cbc        0x0 linker stubs

.v4_bx          0x08013cbc        0x0
 .v4_bx         0x08013cbc        0x0 linker stubs

.iplt           0x08013cbc        0x0
 .iplt          0x08013cbc        0x0 ./system/src/stm32f4-hal/stm32f4xx_hal.o

.rel.dyn        0x08013cbc        0x0
 .rel.iplt      0x08013cbc        0x0 ./system/src/stm32f4-hal/stm32f4xx_hal.o

.ARM.extab
 *(.ARM.extab* .gnu.linkonce.armextab.*)
                0x08013cbc                . = ALIGN (0x4)
                0x08013cbc                __exidx_start = .

.ARM.exidx
 *(.ARM.exidx* .gnu.linkonce.armexidx.*)
                0x08013cbc                __exidx_end = .
                0x08013cbc                . = ALIGN (0x4)
                0x08013cbc                _etext = .
                0x08013cbc                __etext = .

.data_CCMRAM    0x10000000        0x0 load address 0x08013cbc
 FILL mask 0xff
 *(.data.CCMRAM .data.CCMRAM.*)
                0x10000000                . = ALIGN (0x4)
                0x08013cbc                _sidata = LOADADDR (.data)

.data           0x20000000     0x35bc load address 0x08013cbc
 FILL mask 0xff
                0x20000000                _sdata = .
                0x20000000                __data_start__ = .
 *(.data_begin .data_begin.*)
 .data_begin    0x20000000        0x4 ./system/src/newlib/_startup.o
 *(.data .data.*)
 .data.argv.4374
                0x20000004        0x8 ./system/src/newlib/_syscalls.o
 .data.SystemCoreClock
                0x2000000c        0x4 ./system/src/cmsis/system_stm32f4xx.o
                0x2000000c                SystemCoreClock
 .data.AB       0x20000010        0x8 ./src/main.o
                0x20000010                AB
 .data.Armonico
                0x20000018        0x8 ./src/main.o
                0x20000018                Armonico
 .data.BigFont  0x20000020      0xbe4 ./src/main.o
                0x20000020                BigFont
 .data.CS       0x20000c04        0x8 ./src/main.o
                0x20000c04                CS
 .data.CTE70    0x20000c0c        0x4 ./src/main.o
                0x20000c0c                CTE70
 .data.Cmd      0x20000c10        0x4 ./src/main.o
                0x20000c10                Cmd
 .data.D0       0x20000c14        0x8 ./src/main.o
                0x20000c14                D0
 .data.D1       0x20000c1c        0x8 ./src/main.o
                0x20000c1c                D1
 .data.D10      0x20000c24        0x8 ./src/main.o
                0x20000c24                D10
 .data.D11      0x20000c2c        0x8 ./src/main.o
                0x20000c2c                D11
 .data.D12      0x20000c34        0x8 ./src/main.o
                0x20000c34                D12
 .data.D13      0x20000c3c        0x8 ./src/main.o
                0x20000c3c                D13
 .data.D14      0x20000c44        0x8 ./src/main.o
                0x20000c44                D14
 .data.D15      0x20000c4c        0x8 ./src/main.o
                0x20000c4c                D15
 .data.D2       0x20000c54        0x8 ./src/main.o
                0x20000c54                D2
 .data.D3       0x20000c5c        0x8 ./src/main.o
                0x20000c5c                D3
 .data.D4       0x20000c64        0x8 ./src/main.o
                0x20000c64                D4
 .data.D5       0x20000c6c        0x8 ./src/main.o
                0x20000c6c                D5
 .data.D6       0x20000c74        0x8 ./src/main.o
                0x20000c74                D6
 .data.D7       0x20000c7c        0x8 ./src/main.o
                0x20000c7c                D7
 .data.D8       0x20000c84        0x8 ./src/main.o
                0x20000c84                D8
 .data.D9       0x20000c8c        0x8 ./src/main.o
                0x20000c8c                D9
 .data.Dingbats1_XL
                0x20000c94     0x23a4 ./src/main.o
                0x20000c94                Dingbats1_XL
 .data.Fc       0x20003038        0x8 ./src/main.o
                0x20003038                Fc
 .data.Fs       0x20003040        0x4 ./src/main.o
                0x20003040                Fs
 .data.GanVdac  0x20003044        0x4 ./src/main.o
                0x20003044                GanVdac
 .data.LANDSCAPE
                0x20003048        0x1 ./src/main.o
                0x20003048                LANDSCAPE
 *fill*         0x20003049        0x3 ff
 .data.LATCHED_16
                0x2000304c        0x4 ./src/main.o
                0x2000304c                LATCHED_16
 .data.N        0x20003050        0x4 ./src/main.o
                0x20003050                N
 .data.Nfir     0x20003054        0x4 ./src/main.o
                0x20003054                Nfir
 .data.REST     0x20003058        0x8 ./src/main.o
                0x20003058                REST
 .data.RS       0x20003060        0x8 ./src/main.o
                0x20003060                RS
 .data.ResH     0x20003068        0x2 ./src/main.o
                0x20003068                ResH
 .data.ResV     0x2000306a        0x2 ./src/main.o
                0x2000306a                ResV
 .data.SERIAL_4PIN
                0x2000306c        0x4 ./src/main.o
                0x2000306c                SERIAL_4PIN
 .data.SERIAL_5PIN
                0x20003070        0x4 ./src/main.o
                0x20003070                SERIAL_5PIN
 .data.SmallFont
                0x20003074      0x478 ./src/main.o
                0x20003074                SmallFont
 .data.T_CLK    0x200034ec        0x8 ./src/main.o
                0x200034ec                T_CLK
 .data.T_CS     0x200034f4        0x8 ./src/main.o
                0x200034f4                T_CS
 .data.T_DIN    0x200034fc        0x8 ./src/main.o
                0x200034fc                T_DIN
 .data.T_DOUT   0x20003504        0x8 ./src/main.o
                0x20003504                T_DOUT
 .data.T_IRQ    0x2000350c        0x8 ./src/main.o
                0x2000350c                T_IRQ
 .data.Tpers    0x20003514        0x2 ./src/main.o
                0x20003514                Tpers
 .data.Tprom    0x20003516        0x2 ./src/main.o
                0x20003516                Tprom
 .data.Tret     0x20003518        0x8 ./src/main.o
                0x20003518                Tret
 .data.Tvisual  0x20003520        0x4 ./src/main.o
                0x20003520                Tvisual
 .data.WR       0x20003524        0x8 ./src/main.o
                0x20003524                WR
 .data.ban      0x2000352c        0x4 ./src/main.o
                0x2000352c                ban
 .data.bandver  0x20003530        0x2 ./src/main.o
                0x20003530                bandver
 *fill*         0x20003532        0x2 ff
 .data.contFs   0x20003534        0x4 ./src/main.o
                0x20003534                contFs
 .data.desplazamiento
                0x20003538        0x4 ./src/main.o
                0x20003538                desplazamiento
 .data.leveltriger
                0x2000353c        0x4 ./src/main.o
                0x2000353c                leveltriger
 .data.orient   0x20003540        0x1 ./src/main.o
                0x20003540                orient
 *fill*         0x20003541        0x3 ff
 .data.prom     0x20003544        0x4 ./src/main.o
                0x20003544                prom
 .data.vpmas    0x20003548        0x4 ./src/main.o
                0x20003548                vpmas
 .data.vpmenos  0x2000354c        0x4 ./src/main.o
                0x2000354c                vpmenos
 .data.__fdlib_version
                0x20003550        0x1 c:/ciaa/ciaa_software_1.1-win/tools/arm-none-eabi-gcc/bin/../lib/gcc/arm-none-eabi/8.2.1/../../../../arm-none-eabi/lib/thumb/v7e-m/nofp\libm.a(lib_a-s_lib_ver.o)
                0x20003550                __fdlib_version
 *fill*         0x20003551        0x3 ff
 .data._impure_ptr
                0x20003554        0x4 c:/ciaa/ciaa_software_1.1-win/tools/arm-none-eabi-gcc/bin/../lib/gcc/arm-none-eabi/8.2.1/../../../../arm-none-eabi/lib/thumb/v7e-m/nofp\libg_nano.a(lib_a-impure.o)
                0x20003554                _impure_ptr
 .data.impure_data
                0x20003558       0x60 c:/ciaa/ciaa_software_1.1-win/tools/arm-none-eabi-gcc/bin/../lib/gcc/arm-none-eabi/8.2.1/../../../../arm-none-eabi/lib/thumb/v7e-m/nofp\libg_nano.a(lib_a-impure.o)
 *(.data_end .data_end.*)
 .data_end      0x200035b8        0x4 ./system/src/newlib/_startup.o
                0x200035bc                . = ALIGN (0x4)
                0x200035bc                _edata = .
                0x200035bc                __data_end__ = .

.igot.plt       0x200035bc        0x0 load address 0x08017278
 .igot.plt      0x200035bc        0x0 ./system/src/stm32f4-hal/stm32f4xx_hal.o

.bss_CCMRAM     0x10000000        0x0
 *(.bss.CCMRAM .bss.CCMRAM.*)

.bss            0x200035c0    0x13dd0
                0x200035c0                __bss_start__ = .
                0x200035c0                _sbss = .
 *(.bss_begin .bss_begin.*)
 .bss_begin     0x200035c0        0x4 ./system/src/newlib/_startup.o
 *(.bss .bss.*)
 .bss.current_heap_end.4004
                0x200035c4        0x4 ./system/src/newlib/_sbrk.o
 .bss.name.4373
                0x200035c8        0x1 ./system/src/newlib/_syscalls.o
 *fill*         0x200035c9        0x3 
 .bss.buf.5248  0x200035cc       0x80 ./system/src/diag/Trace.o
 .bss.ABmed     0x2000364c        0x4 ./src/main.o
                0x2000364c                ABmed
 .bss.ADCread   0x20003650        0x2 ./src/main.o
                0x20003650                ADCread
 *fill*         0x20003652        0x2 
 .bss.Fmed      0x20003654        0x4 ./src/main.o
                0x20003654                Fmed
 .bss.Fsenial   0x20003658        0x4 ./src/main.o
                0x20003658                Fsenial
 .bss.PORTRAIT  0x2000365c        0x1 ./src/main.o
                0x2000365c                PORTRAIT
 *fill*         0x2000365d        0x3 
 .bss.bandelayus
                0x20003660        0x4 ./src/main.o
                0x20003660                bandelayus
 .bss.bandf     0x20003664        0x4 ./src/main.o
                0x20003664                bandf
 .bss.bandint   0x20003668        0x4 ./src/main.o
                0x20003668                bandint
 .bss.bandtriger
                0x2000366c        0x4 ./src/main.o
                0x2000366c                bandtriger
 .bss.contdelayus
                0x20003670        0x4 ./src/main.o
                0x20003670                contdelayus
 .bss.dBmA      0x20003674        0x4 ./src/main.o
                0x20003674                dBmA
 .bss.dBmI      0x20003678        0x4 ./src/main.o
                0x20003678                dBmI
 .bss.dBmR      0x2000367c        0x4 ./src/main.o
                0x2000367c                dBmR
 .bss.i         0x20003680        0x2 ./src/main.o
                0x20003680                i
 *fill*         0x20003682        0x2 
 .bss.kaa       0x20003684        0x4 ./src/main.o
                0x20003684                kaa
 .bss.kai       0x20003688        0x4 ./src/main.o
                0x20003688                kai
 .bss.kar       0x2000368c        0x4 ./src/main.o
                0x2000368c                kar
 .bss.mayorabs  0x20003690        0x8 ./src/main.o
                0x20003690                mayorabs
 .bss.mayori    0x20003698        0x8 ./src/main.o
                0x20003698                mayori
 .bss.mayorr    0x200036a0        0x8 ./src/main.o
                0x200036a0                mayorr
 .bss.menugraf  0x200036a8        0x4 ./src/main.o
                0x200036a8                menugraf
 .bss.periodo   0x200036ac        0x4 ./src/main.o
                0x200036ac                periodo
 .bss.trigger   0x200036b0        0x4 ./src/main.o
                0x200036b0                trigger
 .bss.__malloc_free_list
                0x200036b4        0x4 c:/ciaa/ciaa_software_1.1-win/tools/arm-none-eabi-gcc/bin/../lib/gcc/arm-none-eabi/8.2.1/../../../../arm-none-eabi/lib/thumb/v7e-m/nofp\libg_nano.a(lib_a-nano-mallocr.o)
                0x200036b4                __malloc_free_list
 .bss.__malloc_sbrk_start
                0x200036b8        0x4 c:/ciaa/ciaa_software_1.1-win/tools/arm-none-eabi-gcc/bin/../lib/gcc/arm-none-eabi/8.2.1/../../../../arm-none-eabi/lib/thumb/v7e-m/nofp\libg_nano.a(lib_a-nano-mallocr.o)
                0x200036b8                __malloc_sbrk_start
 *(COMMON)
 COMMON         0x200036bc        0x4 ./system/src/stm32f4-hal/stm32f4xx_hal.o
                0x200036bc                uwTick
 COMMON         0x200036c0       0x3c ./system/src/stm32f4-hal/stm32f4xx_hal_timebase_tim_template.o
                0x200036c0                TimHandle
 COMMON         0x200036fc        0x4 ./system/src/newlib/_syscalls.o
                0x200036fc                errno
 COMMON         0x20003700      0x114 ./src/_initialize_hardware.o
                0x20003700                hadc1
                0x20003748                huart1
                0x20003788                hdac
                0x2000379c                htim6
                0x200037d8                htim1
 *fill*         0x20003814        0x4 
 COMMON         0x20003818    0x13b69 ./src/main.o
                0x20003818                AWventana
                0x20003820                fch
                0x20003824                B_WR
                0x20003828                fcl
                0x2000382c                touch_y_bottom
                0x20003830                but5
                0x20003834                disp_y_size
                0x20003838                Xkr
                0x20003e78                kd
                0x20003e7c                seno
                0x20003e80                sincfs
                0x20003e88                xnf
                0x20004e28                B_REST
                0x20004e30                fifs
                0x20004e38                n
                0x20004e3c                B_CS
                0x20004e40                cosenoa
                0x20004e44                f
                0x20004e48                coseno2
                0x20004e4c                VH
                0x20004e50                butY
                0x20004e54                P_SDA
                0x20004e58                xn
                0x20005df8                touch_x_right
                0x20005dfc                display_model
                0x20005e00                but1
                0x20005e04                Nruido
                0x20005e08                iT
                0x20005e0c                disp_x_sizeT
                0x20005e10                ausnrN
                0x20005e14                but2
                0x20005e18                angulo
                0x20005e1c                default_orientation
                0x20005e20                auhd2
                0x20005e28                prec
                0x20005e30                F1
                0x20005e38                Fr
                0x20005e40                salXk
                0x20006160                aum
                0x20006168                Q
                0x20006f78                display_transfer_mode
                0x20006f7c                _color_border
                0x20006f80                kdi
                0x20006f84                display_serial_mode
                0x20006f88                bandi
                0x20006f8c                w
                0x20006f8e                __p2
                0x20006f90                valor
                0x20006f94                P_REST
                0x20006f98                P_SCL
                0x20006f9c                k
                0x20006fa0                AW
                0x20006fa8                banaM
                0x20006fb0                auxnf
                0x20006fb8                angfi2
                0x20006fbc                Xfam
                0x20007dcc                amp
                0x20007dd0                auxnf1
                0x20007dd4                kds
                0x20007dd8                _color_text_inactive
                0x20007ddc                _default_orientation
                0x20007de0                auhd
                0x20007de8                wn
                0x20009d28                bcl
                0x20009d2a                valorx
                0x20009d2c                but6
                0x20009d30                auhdpb
                0x20009d38                facdiv
                0x20009d3c                _color_background
                0x20009d40                senoa
                0x20009d42                TP_Y
                0x20009d48                Ws
                0x20009d50                P_CS
                0x20009d54                seno2
                0x20009d58                auhd1
                0x20009d60                W1
                0x20009d68                but4
                0x20009d70                aui
                0x20009d78                touch_x_left
                0x20009d7c                iTClear
                0x20009d80                boton
                0x20009d84                cont1
                0x20009d88                df
                0x20009d90                xnc
                0x2000a3d0                _font_text
                0x2000a3d4                B_SCL
                0x2000a3d8                Xki
                0x2000aa18                bch
                0x2000aa1c                _color_hilite
                0x2000aa20                but12
                0x2000aa24                c
                0x2000aa28                hdpb
                0x2000c968                _transparent
                0x2000c970                hd
                0x2000e8b0                touch_y_top
                0x2000e8b8                xnfd
                0x200107f8                angfvent
                0x200107fc                B_ALE
                0x20010800                but13
                0x20010804                __p3
                0x20010808                valortouch
                0x2001080c                xns
                0x200117ac                cont
                0x200117b0                angfifs
                0x200117b4                but8
                0x200117b8                Nsal
                0x200117bc                P_WR
                0x200117c0                ii
                0x200117c4                CC
                0x200117c8                aur
                0x200117d0                B_RS
                0x200117d4                ausnrD
                0x200117d8                cfont
                0x200117e0                buttons
                0x20011970                SER
                0x20011974                VL
                0x20011978                Xkrp
                0x20011fb8                auF
                0x20011fc0                coseno
                0x20011fc8                SNR
                0x20011fd0                L
                0x20011fd8                B_SDA
                0x20011fdc                but11
                0x20011fe0                TP_X
                0x20011fe4                but7
                0x20011fe8                W2
                0x20011ff0                angfi1
                0x20011ff4                _color_text
                0x20011ff8                pressed_button
                0x20012000                Wr
                0x20012008                valory
                0x2001200c                _font_symbol
                0x20012010                I
                0x20012e20                fi1
                0x20012e28                fi2
                0x20012e30                Xam
                0x20014a50                bana
                0x20014a54                volt
                0x20014a58                but3
                0x20014a60                sinc1
                0x20014a68                banaa
                0x20014a70                auFs
                0x20014a78                __p5
                0x20014a80                GanV
                0x20014a88                Xkip
                0x200150c8                F2
                0x200150d0                P_RS
                0x200150d4                sallcd
                0x200153f8                m
                0x20015400                fvent
                0x20015408                sinc2
                0x20015410                seno1
                0x20015414                coseno1
                0x20015418                but10
                0x2001541c                sal
                0x20015420                __p1
                0x20015428                hdd
                0x20017368                __p4
                0x2001736c                disp_x_size
                0x20017370                disp_y_sizeT
                0x20017374                but9
                0x20017378                auNfir
                0x2001737c                P_ALE
                0x20017380                Nout
 COMMON         0x20017381        0x9 c:/ciaa/ciaa_software_1.1-win/tools/arm-none-eabi-gcc/bin/../lib/gcc/arm-none-eabi/8.2.1/../../../../arm-none-eabi/lib/thumb/v7e-m/nofp\libg_nano.a(lib_a-lock.o)
                0x20017381                __lock___atexit_recursive_mutex
                0x20017382                __lock___arc4random_mutex
                0x20017383                __lock___env_recursive_mutex
                0x20017384                __lock___sinit_recursive_mutex
                0x20017385                __lock___malloc_recursive_mutex
                0x20017386                __lock___at_quick_exit_mutex
                0x20017387                __lock___dd_hash_mutex
                0x20017388                __lock___tz_mutex
                0x20017389                __lock___sfp_recursive_mutex
 *(.bss_end .bss_end.*)
 *fill*         0x2001738a        0x2 
 .bss_end       0x2001738c        0x4 ./system/src/newlib/_startup.o
                0x20017390                . = ALIGN (0x4)
                0x20017390                __bss_end__ = .
                0x20017390                _ebss = .

.noinit_CCMRAM
 *(.noinit.CCMRAM .noinit.CCMRAM.*)

.noinit         0x20017390        0x0
                0x20017390                _noinit = .
 *(.noinit .noinit.*)
                0x20017390                . = ALIGN (0x4)
                0x20017390                _end_noinit = .
                [!provide]                PROVIDE (end = _end_noinit)
                [!provide]                PROVIDE (_end = _end_noinit)
                [!provide]                PROVIDE (__end = _end_noinit)
                [!provide]                PROVIDE (__end__ = _end_noinit)

._check_stack   0x20017390      0x100
                0x20017490                . = (. + _Minimum_Stack_Size)
 *fill*         0x20017390      0x100 

.b1text
 *(.b1text)
 *(.b1rodata)
 *(.b1rodata.*)

.eb0text
 *(.eb0text)
 *(.eb0rodata)
 *(.eb0rodata.*)

.eb1text
 *(.eb1text)
 *(.eb1rodata)
 *(.eb1rodata.*)

.eb2text
 *(.eb2text)
 *(.eb2rodata)
 *(.eb2rodata.*)

.eb3text
 *(.eb3text)
 *(.eb3rodata)
 *(.eb3rodata.*)

.stab
 *(.stab)

.stabstr
 *(.stabstr)

.stab.excl
 *(.stab.excl)

.stab.exclstr
 *(.stab.exclstr)

.stab.index
 *(.stab.index)

.stab.indexstr
 *(.stab.indexstr)

.comment        0x00000000       0x68
 *(.comment)
 .comment       0x00000000       0x68 ./system/src/stm32f4-hal/stm32f4xx_hal.o
                                 0x69 (size before relaxing)
 .comment       0x00000068       0x69 ./system/src/stm32f4-hal/stm32f4xx_hal_adc.o
 .comment       0x00000068       0x69 ./system/src/stm32f4-hal/stm32f4xx_hal_adc_ex.o
 .comment       0x00000068       0x69 ./system/src/stm32f4-hal/stm32f4xx_hal_cortex.o
 .comment       0x00000068       0x69 ./system/src/stm32f4-hal/stm32f4xx_hal_dac.o
 .comment       0x00000068       0x69 ./system/src/stm32f4-hal/stm32f4xx_hal_dac_ex.o
 .comment       0x00000068       0x69 ./system/src/stm32f4-hal/stm32f4xx_hal_gpio.o
 .comment       0x00000068       0x69 ./system/src/stm32f4-hal/stm32f4xx_hal_rcc.o
 .comment       0x00000068       0x69 ./system/src/stm32f4-hal/stm32f4xx_hal_tim.o
 .comment       0x00000068       0x69 ./system/src/stm32f4-hal/stm32f4xx_hal_tim_ex.o
 .comment       0x00000068       0x69 ./system/src/stm32f4-hal/stm32f4xx_hal_timebase_tim_template.o
 .comment       0x00000068       0x69 ./system/src/stm32f4-hal/stm32f4xx_hal_uart.o
 .comment       0x00000068       0x69 ./system/src/newlib/_exit.o
 .comment       0x00000068       0x69 ./system/src/newlib/_sbrk.o
 .comment       0x00000068       0x69 ./system/src/newlib/_startup.o
 .comment       0x00000068       0x69 ./system/src/newlib/_syscalls.o
 .comment       0x00000068       0x69 ./system/src/newlib/assert.o
 .comment       0x00000068       0x69 ./system/src/diag/Trace.o
 .comment       0x00000068       0x69 ./system/src/diag/trace_impl.o
 .comment       0x00000068       0x69 ./system/src/cortexm/_initialize_hardware.o
 .comment       0x00000068       0x69 ./system/src/cortexm/exception_handlers.o
 .comment       0x00000068       0x69 ./system/src/cmsis/system_stm32f4xx.o
 .comment       0x00000068       0x69 ./system/src/cmsis/vectors_stm32f407xx.o
 .comment       0x00000068       0x69 ./src/Timer.o
 .comment       0x00000068       0x69 ./src/_initialize_hardware.o
 .comment       0x00000068       0x69 ./src/main.o
 .comment       0x00000068       0x69 ./src/stm32f4xx_hal_msp.o

.ARM.attributes
                0x00000000       0x2c
 .ARM.attributes
                0x00000000       0x2e ./system/src/stm32f4-hal/stm32f4xx_hal.o
 .ARM.attributes
                0x0000002e       0x2e ./system/src/stm32f4-hal/stm32f4xx_hal_adc.o
 .ARM.attributes
                0x0000005c       0x2e ./system/src/stm32f4-hal/stm32f4xx_hal_adc_ex.o
 .ARM.attributes
                0x0000008a       0x2e ./system/src/stm32f4-hal/stm32f4xx_hal_cortex.o
 .ARM.attributes
                0x000000b8       0x2e ./system/src/stm32f4-hal/stm32f4xx_hal_dac.o
 .ARM.attributes
                0x000000e6       0x2e ./system/src/stm32f4-hal/stm32f4xx_hal_dac_ex.o
 .ARM.attributes
                0x00000114       0x2e ./system/src/stm32f4-hal/stm32f4xx_hal_gpio.o
 .ARM.attributes
                0x00000142       0x2e ./system/src/stm32f4-hal/stm32f4xx_hal_rcc.o
 .ARM.attributes
                0x00000170       0x2e ./system/src/stm32f4-hal/stm32f4xx_hal_tim.o
 .ARM.attributes
                0x0000019e       0x2e ./system/src/stm32f4-hal/stm32f4xx_hal_tim_ex.o
 .ARM.attributes
                0x000001cc       0x2e ./system/src/stm32f4-hal/stm32f4xx_hal_timebase_tim_template.o
 .ARM.attributes
                0x000001fa       0x2e ./system/src/stm32f4-hal/stm32f4xx_hal_uart.o
 .ARM.attributes
                0x00000228       0x2e ./system/src/newlib/_exit.o
 .ARM.attributes
                0x00000256       0x2e ./system/src/newlib/_sbrk.o
 .ARM.attributes
                0x00000284       0x2e ./system/src/newlib/_startup.o
 .ARM.attributes
                0x000002b2       0x2e ./system/src/newlib/_syscalls.o
 .ARM.attributes
                0x000002e0       0x2e ./system/src/newlib/assert.o
 .ARM.attributes
                0x0000030e       0x2e ./system/src/diag/Trace.o
 .ARM.attributes
                0x0000033c       0x2e ./system/src/diag/trace_impl.o
 .ARM.attributes
                0x0000036a       0x2e ./system/src/cortexm/_initialize_hardware.o
 .ARM.attributes
                0x00000398       0x2e ./system/src/cortexm/exception_handlers.o
 .ARM.attributes
                0x000003c6       0x2e ./system/src/cmsis/system_stm32f4xx.o
 .ARM.attributes
                0x000003f4       0x2e ./system/src/cmsis/vectors_stm32f407xx.o
 .ARM.attributes
                0x00000422       0x2e ./src/Timer.o
 .ARM.attributes
                0x00000450       0x2e ./src/_initialize_hardware.o
 .ARM.attributes
                0x0000047e       0x2e ./src/main.o
 .ARM.attributes
                0x000004ac       0x2e ./src/stm32f4xx_hal_msp.o
 .ARM.attributes
                0x000004da       0x2e c:/ciaa/ciaa_software_1.1-win/tools/arm-none-eabi-gcc/bin/../lib/gcc/arm-none-eabi/8.2.1/../../../../arm-none-eabi/lib/thumb/v7e-m/nofp\libm.a(lib_a-s_cos.o)
 .ARM.attributes
                0x00000508       0x2e c:/ciaa/ciaa_software_1.1-win/tools/arm-none-eabi-gcc/bin/../lib/gcc/arm-none-eabi/8.2.1/../../../../arm-none-eabi/lib/thumb/v7e-m/nofp\libm.a(lib_a-s_sin.o)
 .ARM.attributes
                0x00000536       0x2e c:/ciaa/ciaa_software_1.1-win/tools/arm-none-eabi-gcc/bin/../lib/gcc/arm-none-eabi/8.2.1/../../../../arm-none-eabi/lib/thumb/v7e-m/nofp\libm.a(lib_a-w_sqrt.o)
 .ARM.attributes
                0x00000564       0x2e c:/ciaa/ciaa_software_1.1-win/tools/arm-none-eabi-gcc/bin/../lib/gcc/arm-none-eabi/8.2.1/../../../../arm-none-eabi/lib/thumb/v7e-m/nofp\libm.a(lib_a-e_rem_pio2.o)
 .ARM.attributes
                0x00000592       0x2e c:/ciaa/ciaa_software_1.1-win/tools/arm-none-eabi-gcc/bin/../lib/gcc/arm-none-eabi/8.2.1/../../../../arm-none-eabi/lib/thumb/v7e-m/nofp\libm.a(lib_a-e_sqrt.o)
 .ARM.attributes
                0x000005c0       0x2e c:/ciaa/ciaa_software_1.1-win/tools/arm-none-eabi-gcc/bin/../lib/gcc/arm-none-eabi/8.2.1/../../../../arm-none-eabi/lib/thumb/v7e-m/nofp\libm.a(lib_a-k_cos.o)
 .ARM.attributes
                0x000005ee       0x2e c:/ciaa/ciaa_software_1.1-win/tools/arm-none-eabi-gcc/bin/../lib/gcc/arm-none-eabi/8.2.1/../../../../arm-none-eabi/lib/thumb/v7e-m/nofp\libm.a(lib_a-k_rem_pio2.o)
 .ARM.attributes
                0x0000061c       0x2e c:/ciaa/ciaa_software_1.1-win/tools/arm-none-eabi-gcc/bin/../lib/gcc/arm-none-eabi/8.2.1/../../../../arm-none-eabi/lib/thumb/v7e-m/nofp\libm.a(lib_a-k_sin.o)
 .ARM.attributes
                0x0000064a       0x2e c:/ciaa/ciaa_software_1.1-win/tools/arm-none-eabi-gcc/bin/../lib/gcc/arm-none-eabi/8.2.1/../../../../arm-none-eabi/lib/thumb/v7e-m/nofp\libm.a(lib_a-s_fabs.o)
 .ARM.attributes
                0x00000678       0x2e c:/ciaa/ciaa_software_1.1-win/tools/arm-none-eabi-gcc/bin/../lib/gcc/arm-none-eabi/8.2.1/../../../../arm-none-eabi/lib/thumb/v7e-m/nofp\libm.a(lib_a-s_floor.o)
 .ARM.attributes
                0x000006a6       0x2e c:/ciaa/ciaa_software_1.1-win/tools/arm-none-eabi-gcc/bin/../lib/gcc/arm-none-eabi/8.2.1/../../../../arm-none-eabi/lib/thumb/v7e-m/nofp\libm.a(lib_a-s_lib_ver.o)
 .ARM.attributes
                0x000006d4       0x2e c:/ciaa/ciaa_software_1.1-win/tools/arm-none-eabi-gcc/bin/../lib/gcc/arm-none-eabi/8.2.1/../../../../arm-none-eabi/lib/thumb/v7e-m/nofp\libm.a(lib_a-s_matherr.o)
 .ARM.attributes
                0x00000702       0x2e c:/ciaa/ciaa_software_1.1-win/tools/arm-none-eabi-gcc/bin/../lib/gcc/arm-none-eabi/8.2.1/../../../../arm-none-eabi/lib/thumb/v7e-m/nofp\libm.a(lib_a-s_scalbn.o)
 .ARM.attributes
                0x00000730       0x1e c:/ciaa/ciaa_software_1.1-win/tools/arm-none-eabi-gcc/bin/../lib/gcc/arm-none-eabi/8.2.1/thumb/v7e-m/nofp\libgcc.a(_arm_addsubdf3.o)
 .ARM.attributes
                0x0000074e       0x1e c:/ciaa/ciaa_software_1.1-win/tools/arm-none-eabi-gcc/bin/../lib/gcc/arm-none-eabi/8.2.1/thumb/v7e-m/nofp\libgcc.a(_arm_muldivdf3.o)
 .ARM.attributes
                0x0000076c       0x1e c:/ciaa/ciaa_software_1.1-win/tools/arm-none-eabi-gcc/bin/../lib/gcc/arm-none-eabi/8.2.1/thumb/v7e-m/nofp\libgcc.a(_arm_cmpdf2.o)
 .ARM.attributes
                0x0000078a       0x1e c:/ciaa/ciaa_software_1.1-win/tools/arm-none-eabi-gcc/bin/../lib/gcc/arm-none-eabi/8.2.1/thumb/v7e-m/nofp\libgcc.a(_arm_unorddf2.o)
 .ARM.attributes
                0x000007a8       0x1e c:/ciaa/ciaa_software_1.1-win/tools/arm-none-eabi-gcc/bin/../lib/gcc/arm-none-eabi/8.2.1/thumb/v7e-m/nofp\libgcc.a(_arm_fixdfsi.o)
 .ARM.attributes
                0x000007c6       0x1e c:/ciaa/ciaa_software_1.1-win/tools/arm-none-eabi-gcc/bin/../lib/gcc/arm-none-eabi/8.2.1/thumb/v7e-m/nofp\libgcc.a(_arm_truncdfsf2.o)
 .ARM.attributes
                0x000007e4       0x1e c:/ciaa/ciaa_software_1.1-win/tools/arm-none-eabi-gcc/bin/../lib/gcc/arm-none-eabi/8.2.1/thumb/v7e-m/nofp\libgcc.a(_arm_addsubsf3.o)
 .ARM.attributes
                0x00000802       0x1e c:/ciaa/ciaa_software_1.1-win/tools/arm-none-eabi-gcc/bin/../lib/gcc/arm-none-eabi/8.2.1/thumb/v7e-m/nofp\libgcc.a(_arm_cmpsf2.o)
 .ARM.attributes
                0x00000820       0x2e c:/ciaa/ciaa_software_1.1-win/tools/arm-none-eabi-gcc/bin/../lib/gcc/arm-none-eabi/8.2.1/../../../../arm-none-eabi/lib/thumb/v7e-m/nofp\libg_nano.a(lib_a-abs.o)
 .ARM.attributes
                0x0000084e       0x2e c:/ciaa/ciaa_software_1.1-win/tools/arm-none-eabi-gcc/bin/../lib/gcc/arm-none-eabi/8.2.1/../../../../arm-none-eabi/lib/thumb/v7e-m/nofp\libg_nano.a(lib_a-errno.o)
 .ARM.attributes
                0x0000087c       0x2e c:/ciaa/ciaa_software_1.1-win/tools/arm-none-eabi-gcc/bin/../lib/gcc/arm-none-eabi/8.2.1/../../../../arm-none-eabi/lib/thumb/v7e-m/nofp\libg_nano.a(lib_a-impure.o)
 .ARM.attributes
                0x000008aa       0x2e c:/ciaa/ciaa_software_1.1-win/tools/arm-none-eabi-gcc/bin/../lib/gcc/arm-none-eabi/8.2.1/../../../../arm-none-eabi/lib/thumb/v7e-m/nofp\libg_nano.a(lib_a-memcpy-stub.o)
 .ARM.attributes
                0x000008d8       0x2e c:/ciaa/ciaa_software_1.1-win/tools/arm-none-eabi-gcc/bin/../lib/gcc/arm-none-eabi/8.2.1/../../../../arm-none-eabi/lib/thumb/v7e-m/nofp\libg_nano.a(lib_a-memset.o)
 .ARM.attributes
                0x00000906       0x2e c:/ciaa/ciaa_software_1.1-win/tools/arm-none-eabi-gcc/bin/../lib/gcc/arm-none-eabi/8.2.1/../../../../arm-none-eabi/lib/thumb/v7e-m/nofp\libg_nano.a(lib_a-sprintf.o)
 .ARM.attributes
                0x00000934       0x2e c:/ciaa/ciaa_software_1.1-win/tools/arm-none-eabi-gcc/bin/../lib/gcc/arm-none-eabi/8.2.1/../../../../arm-none-eabi/lib/thumb/v7e-m/nofp\libg_nano.a(lib_a-strcat.o)
 .ARM.attributes
                0x00000962       0x17 c:/ciaa/ciaa_software_1.1-win/tools/arm-none-eabi-gcc/bin/../lib/gcc/arm-none-eabi/8.2.1/../../../../arm-none-eabi/lib/thumb/v7e-m/nofp\libg_nano.a(lib_a-strlen.o)
 .ARM.attributes
                0x00000979       0x2e c:/ciaa/ciaa_software_1.1-win/tools/arm-none-eabi-gcc/bin/../lib/gcc/arm-none-eabi/8.2.1/../../../../arm-none-eabi/lib/thumb/v7e-m/nofp\libg_nano.a(lib_a-vsnprintf.o)
 .ARM.attributes
                0x000009a7       0x2e c:/ciaa/ciaa_software_1.1-win/tools/arm-none-eabi-gcc/bin/../lib/gcc/arm-none-eabi/8.2.1/../../../../arm-none-eabi/lib/thumb/v7e-m/nofp\libg_nano.a(lib_a-nano-svfprintf.o)
 .ARM.attributes
                0x000009d5       0x2e c:/ciaa/ciaa_software_1.1-win/tools/arm-none-eabi-gcc/bin/../lib/gcc/arm-none-eabi/8.2.1/../../../../arm-none-eabi/lib/thumb/v7e-m/nofp\libg_nano.a(lib_a-nano-vfprintf_i.o)
 .ARM.attributes