Archive member included to satisfy reference by file (symbol)

c:/ciaa/ciaa_software_1.1-win/tools/arm-none-eabi-gcc/bin/../lib/gcc/arm-none-eabi/8.2.1/../../../../arm-none-eabi/lib/thumb/v7e-m/nofp\libm.a(lib_a-s_cos.o)
                              ./src/main.o (cos)
c:/ciaa/ciaa_software_1.1-win/tools/arm-none-eabi-gcc/bin/../lib/gcc/arm-none-eabi/8.2.1/../../../../arm-none-eabi/lib/thumb/v7e-m/nofp\libm.a(lib_a-s_sin.o)
                              ./src/main.o (sin)
c:/ciaa/ciaa_software_1.1-win/tools/arm-none-eabi-gcc/bin/../lib/gcc/arm-none-eabi/8.2.1/../../../../arm-none-eabi/lib/thumb/v7e-m/nofp\libm.a(lib_a-e_rem_pio2.o)
                              c:/ciaa/ciaa_software_1.1-win/tools/arm-none-eabi-gcc/bin/../lib/gcc/arm-none-eabi/8.2.1/../../../../arm-none-eabi/lib/thumb/v7e-m/nofp\libm.a(lib_a-s_cos.o) (__ieee754_rem_pio2)
c:/ciaa/ciaa_software_1.1-win/tools/arm-none-eabi-gcc/bin/../lib/gcc/arm-none-eabi/8.2.1/../../../../arm-none-eabi/lib/thumb/v7e-m/nofp\libm.a(lib_a-k_cos.o)
                              c:/ciaa/ciaa_software_1.1-win/tools/arm-none-eabi-gcc/bin/../lib/gcc/arm-none-eabi/8.2.1/../../../../arm-none-eabi/lib/thumb/v7e-m/nofp\libm.a(lib_a-s_cos.o) (__kernel_cos)
c:/ciaa/ciaa_software_1.1-win/tools/arm-none-eabi-gcc/bin/../lib/gcc/arm-none-eabi/8.2.1/../../../../arm-none-eabi/lib/thumb/v7e-m/nofp\libm.a(lib_a-k_rem_pio2.o)
                              c:/ciaa/ciaa_software_1.1-win/tools/arm-none-eabi-gcc/bin/../lib/gcc/arm-none-eabi/8.2.1/../../../../arm-none-eabi/lib/thumb/v7e-m/nofp\libm.a(lib_a-e_rem_pio2.o) (__kernel_rem_pio2)
c:/ciaa/ciaa_software_1.1-win/tools/arm-none-eabi-gcc/bin/../lib/gcc/arm-none-eabi/8.2.1/../../../../arm-none-eabi/lib/thumb/v7e-m/nofp\libm.a(lib_a-k_sin.o)
                              c:/ciaa/ciaa_software_1.1-win/tools/arm-none-eabi-gcc/bin/../lib/gcc/arm-none-eabi/8.2.1/../../../../arm-none-eabi/lib/thumb/v7e-m/nofp\libm.a(lib_a-s_cos.o) (__kernel_sin)
c:/ciaa/ciaa_software_1.1-win/tools/arm-none-eabi-gcc/bin/../lib/gcc/arm-none-eabi/8.2.1/../../../../arm-none-eabi/lib/thumb/v7e-m/nofp\libm.a(lib_a-s_fabs.o)
                              c:/ciaa/ciaa_software_1.1-win/tools/arm-none-eabi-gcc/bin/../lib/gcc/arm-none-eabi/8.2.1/../../../../arm-none-eabi/lib/thumb/v7e-m/nofp\libm.a(lib_a-e_rem_pio2.o) (fabs)
c:/ciaa/ciaa_software_1.1-win/tools/arm-none-eabi-gcc/bin/../lib/gcc/arm-none-eabi/8.2.1/../../../../arm-none-eabi/lib/thumb/v7e-m/nofp\libm.a(lib_a-s_floor.o)
                              c:/ciaa/ciaa_software_1.1-win/tools/arm-none-eabi-gcc/bin/../lib/gcc/arm-none-eabi/8.2.1/../../../../arm-none-eabi/lib/thumb/v7e-m/nofp\libm.a(lib_a-k_rem_pio2.o) (floor)
c:/ciaa/ciaa_software_1.1-win/tools/arm-none-eabi-gcc/bin/../lib/gcc/arm-none-eabi/8.2.1/../../../../arm-none-eabi/lib/thumb/v7e-m/nofp\libm.a(lib_a-s_scalbn.o)
                              c:/ciaa/ciaa_software_1.1-win/tools/arm-none-eabi-gcc/bin/../lib/gcc/arm-none-eabi/8.2.1/../../../../arm-none-eabi/lib/thumb/v7e-m/nofp\libm.a(lib_a-k_rem_pio2.o) (scalbn)
c:/ciaa/ciaa_software_1.1-win/tools/arm-none-eabi-gcc/bin/../lib/gcc/arm-none-eabi/8.2.1/thumb/v7e-m/nofp\libgcc.a(_arm_addsubdf3.o)
                              ./src/main.o (__aeabi_dsub)
c:/ciaa/ciaa_software_1.1-win/tools/arm-none-eabi-gcc/bin/../lib/gcc/arm-none-eabi/8.2.1/thumb/v7e-m/nofp\libgcc.a(_arm_muldivdf3.o)
                              ./src/main.o (__aeabi_dmul)
c:/ciaa/ciaa_software_1.1-win/tools/arm-none-eabi-gcc/bin/../lib/gcc/arm-none-eabi/8.2.1/thumb/v7e-m/nofp\libgcc.a(_arm_cmpdf2.o)
                              c:/ciaa/ciaa_software_1.1-win/tools/arm-none-eabi-gcc/bin/../lib/gcc/arm-none-eabi/8.2.1/../../../../arm-none-eabi/lib/thumb/v7e-m/nofp\libm.a(lib_a-e_rem_pio2.o) (__aeabi_dcmpeq)
c:/ciaa/ciaa_software_1.1-win/tools/arm-none-eabi-gcc/bin/../lib/gcc/arm-none-eabi/8.2.1/thumb/v7e-m/nofp\libgcc.a(_arm_fixdfsi.o)
                              ./src/main.o (__aeabi_d2iz)
c:/ciaa/ciaa_software_1.1-win/tools/arm-none-eabi-gcc/bin/../lib/gcc/arm-none-eabi/8.2.1/thumb/v7e-m/nofp\libgcc.a(_arm_truncdfsf2.o)
                              ./src/main.o (__aeabi_d2f)
c:/ciaa/ciaa_software_1.1-win/tools/arm-none-eabi-gcc/bin/../lib/gcc/arm-none-eabi/8.2.1/../../../../arm-none-eabi/lib/thumb/v7e-m/nofp\libg_nano.a(lib_a-errno.o)
                              ./system/src/newlib/_sbrk.o (__errno)
c:/ciaa/ciaa_software_1.1-win/tools/arm-none-eabi-gcc/bin/../lib/gcc/arm-none-eabi/8.2.1/../../../../arm-none-eabi/lib/thumb/v7e-m/nofp\libg_nano.a(lib_a-impure.o)
                              c:/ciaa/ciaa_software_1.1-win/tools/arm-none-eabi-gcc/bin/../lib/gcc/arm-none-eabi/8.2.1/../../../../arm-none-eabi/lib/thumb/v7e-m/nofp\libg_nano.a(lib_a-errno.o) (_impure_ptr)
c:/ciaa/ciaa_software_1.1-win/tools/arm-none-eabi-gcc/bin/../lib/gcc/arm-none-eabi/8.2.1/../../../../arm-none-eabi/lib/thumb/v7e-m/nofp\libg_nano.a(lib_a-memcpy-stub.o)
                              ./src/main.o (memcpy)
[...]
Memory Configuration

Name             Origin             Length             Attributes
RAM              0x20000000         0x00020000         xrw
CCMRAM           0x10000000         0x00010000         xrw
FLASH            0x08000000         0x00100000         xr
FLASHB1          0x00000000         0x00000000         xr
EXTMEMB0         0x00000000         0x00000000         xr
EXTMEMB1         0x00000000         0x00000000         xr
EXTMEMB2         0x00000000         0x00000000         xr
EXTMEMB3         0x00000000         0x00000000         xr
MEMORY_ARRAY     0x20002000         0x00000020         xrw
*default*        0x00000000         0xffffffff

Linker script and memory map

LOAD ./system/src/stm32f4-hal/stm32f4xx_hal.o
LOAD ./system/src/stm32f4-hal/stm32f4xx_hal_adc.o
LOAD ./system/src/stm32f4-hal/stm32f4xx_hal_adc_ex.o
LOAD ./system/src/stm32f4-hal/stm32f4xx_hal_cortex.o
LOAD ./system/src/stm32f4-hal/stm32f4xx_hal_dfsdm.o
LOAD ./system/src/stm32f4-hal/stm32f4xx_hal_flash.o
LOAD ./system/src/stm32f4-hal/stm32f4xx_hal_gpio.o
LOAD ./system/src/stm32f4-hal/stm32f4xx_hal_iwdg.o
LOAD ./system/src/stm32f4-hal/stm32f4xx_hal_pwr.o
LOAD ./system/src/stm32f4-hal/stm32f4xx_hal_rcc.o
LOAD ./system/src/stm32f4-hal/stm32f4xx_hal_tim.o
LOAD ./system/src/stm32f4-hal/stm32f4xx_hal_tim_ex.o
LOAD ./system/src/stm32f4-hal/stm32f4xx_hal_timebase_tim_template.o
LOAD ./system/src/stm32f4-hal/stm32f4xx_hal_uart.o
LOAD ./system/src/stm32f4-hal/stm32f4xx_hal_usart.o
LOAD ./system/src/newlib/_cxx.o
LOAD ./system/src/newlib/_exit.o
LOAD ./system/src/newlib/_sbrk.o
LOAD ./system/src/newlib/_startup.o
LOAD ./system/src/newlib/_syscalls.o
LOAD ./system/src/newlib/assert.o
LOAD ./system/src/diag/Trace.o
LOAD ./system/src/diag/trace_impl.o
LOAD ./system/src/cortexm/_initialize_hardware.o
LOAD ./system/src/cortexm/_reset_hardware.o
LOAD ./system/src/cortexm/exception_handlers.o
LOAD ./system/src/cmsis/system_stm32f4xx.o
LOAD ./system/src/cmsis/vectors_stm32f407xx.o
LOAD ./src/Timer.o
LOAD ./src/_initialize_hardware.o
LOAD ./src/main.o
LOAD ./src/stm32f4xx_hal_msp.o
LOAD c:/ciaa/ciaa_software_1.1-win/tools/arm-none-eabi-gcc/bin/../lib/gcc/arm-none-eabi/8.2.1/../../../../arm-none-eabi/lib/thumb/v7e-m/nofp\libstdc++_nano.a
LOAD c:/ciaa/ciaa_software_1.1-win/tools/arm-none-eabi-gcc/bin/../lib/gcc/arm-none-eabi/8.2.1/../../../../arm-none-eabi/lib/thumb/v7e-m/nofp\libm.a
START GROUP
LOAD c:/ciaa/ciaa_software_1.1-win/tools/arm-none-eabi-gcc/bin/../lib/gcc/arm-none-eabi/8.2.1/thumb/v7e-m/nofp\libgcc.a
LOAD c:/ciaa/ciaa_software_1.1-win/tools/arm-none-eabi-gcc/bin/../lib/gcc/arm-none-eabi/8.2.1/../../../../arm-none-eabi/lib/thumb/v7e-m/nofp\libg_nano.a
LOAD c:/ciaa/ciaa_software_1.1-win/tools/arm-none-eabi-gcc/bin/../lib/gcc/arm-none-eabi/8.2.1/../../../../arm-none-eabi/lib/thumb/v7e-m/nofp\libc_nano.a
END GROUP
START GROUP
LOAD c:/ciaa/ciaa_software_1.1-win/tools/arm-none-eabi-gcc/bin/../lib/gcc/arm-none-eabi/8.2.1/thumb/v7e-m/nofp\libgcc.a
LOAD c:/ciaa/ciaa_software_1.1-win/tools/arm-none-eabi-gcc/bin/../lib/gcc/arm-none-eabi/8.2.1/../../../../arm-none-eabi/lib/thumb/v7e-m/nofp\libc_nano.a
END GROUP
                0x20020000                __stack = (ORIGIN (RAM) + LENGTH (RAM))
                0x20020000                _estack = __stack
                0x00000400                __Main_Stack_Size = 0x400
                [!provide]                PROVIDE (_Main_Stack_Size = __Main_Stack_Size)
                0x2001fc00                __Main_Stack_Limit = (__stack - __Main_Stack_Size)
                [!provide]                PROVIDE (_Main_Stack_Limit = __Main_Stack_Limit)
                0x00000100                _Minimum_Stack_Size = 0x100
                0x20000fa8                PROVIDE (_Heap_Begin = _end_noinit)
                0x2001fc00                PROVIDE (_Heap_Limit = (__stack - __Main_Stack_Size))

.isr_vector     0x08000000      0x3e8
 FILL mask 0xff
                0x08000000                __vectors_start = ABSOLUTE (.)
                0x08000000                __vectors_start__ = ABSOLUTE (.)
 *(.isr_vector)
 .isr_vector    0x08000000      0x188 ./system/src/cmsis/vectors_stm32f407xx.o
                0x08000000                __isr_vectors
 *(.cfmconfig)
 *(.after_vectors .after_vectors.*)
 .after_vectors
                0x08000188      0x130 ./system/src/newlib/_startup.o
                0x08000188                _start
 .after_vectors
                0x080002b8      0x12c ./system/src/cortexm/exception_handlers.o
                0x080002b8                Reset_Handler
                0x080002be                NMI_Handler
                0x080002c2                HardFault_Handler
                0x080002d6                HardFault_Handler_C
                0x08000334                MemManage_Handler
                0x08000338                BusFault_Handler
                0x0800034c                BusFault_Handler_C
                0x08000380                UsageFault_Handler
                0x08000394                UsageFault_Handler_C
                0x080003c8                SVC_Handler
                0x080003cc                DebugMon_Handler
                0x080003d0                PendSV_Handler
 .after_vectors
                0x080003e4        0x4 ./system/src/cmsis/vectors_stm32f407xx.o
                0x080003e4                RTC_Alarm_IRQHandler
                0x080003e4                HASH_RNG_IRQHandler
                0x080003e4                EXTI2_IRQHandler
                0x080003e4                TIM8_CC_IRQHandler
                0x080003e4                TIM1_CC_IRQHandler
                0x080003e4                DMA2_Stream5_IRQHandler
                0x080003e4                DMA1_Stream5_IRQHandler
                0x080003e4                PVD_IRQHandler
                0x080003e4                SDIO_IRQHandler
                0x080003e4                TAMP_STAMP_IRQHandler
                0x080003e4                CAN2_RX1_IRQHandler
                0x080003e4                EXTI3_IRQHandler
                0x080003e4                TIM8_TRG_COM_TIM14_IRQHandler
                0x080003e4                TIM8_UP_TIM13_IRQHandler
                0x080003e4                I2C3_ER_IRQHandler
                0x080003e4                EXTI0_IRQHandler
                0x080003e4                I2C2_EV_IRQHandler
                0x080003e4                DMA1_Stream2_IRQHandler
                0x080003e4                CAN1_RX0_IRQHandler
                0x080003e4                FPU_IRQHandler
                0x080003e4                OTG_HS_WKUP_IRQHandler
                0x080003e4                CAN2_SCE_IRQHandler
                0x080003e4                DMA2_Stream2_IRQHandler
                0x080003e4                SPI1_IRQHandler
                0x080003e4                TIM1_BRK_TIM9_IRQHandler
                0x080003e4                DCMI_IRQHandler
                0x080003e4                CAN2_RX0_IRQHandler
                0x080003e4                DMA2_Stream3_IRQHandler
                0x080003e4                USART6_IRQHandler
                0x080003e4                USART3_IRQHandler
                0x080003e4                CAN1_RX1_IRQHandler
                0x080003e4                UART5_IRQHandler
                0x080003e4                DMA2_Stream0_IRQHandler
                0x080003e4                TIM4_IRQHandler
                0x080003e4                I2C1_EV_IRQHandler
                0x080003e4                DMA1_Stream6_IRQHandler
                0x080003e4                DMA1_Stream1_IRQHandler
                0x080003e4                UART4_IRQHandler
                0x080003e4                TIM3_IRQHandler
                0x080003e4                RCC_IRQHandler
                0x080003e4                TIM8_BRK_TIM12_IRQHandler
                0x080003e4                Default_Handler
                0x080003e4                EXTI15_10_IRQHandler
                0x080003e4                ADC_IRQHandler
                0x080003e4                DMA1_Stream7_IRQHandler
                0x080003e4                TIM7_IRQHandler
                0x080003e4                CAN2_TX_IRQHandler
                0x080003e4                TIM5_IRQHandler
                0x080003e4                DMA2_Stream7_IRQHandler
                0x080003e4                I2C3_EV_IRQHandler
                0x080003e4                EXTI9_5_IRQHandler
                0x080003e4                RTC_WKUP_IRQHandler
                0x080003e4                ETH_WKUP_IRQHandler
                0x080003e4                SPI2_IRQHandler
                0x080003e4                OTG_HS_EP1_IN_IRQHandler
                0x080003e4                DMA1_Stream0_IRQHandler
                0x080003e4                CAN1_TX_IRQHandler
                0x080003e4                EXTI4_IRQHandler
                0x080003e4                ETH_IRQHandler
                0x080003e4                OTG_HS_EP1_OUT_IRQHandler
                0x080003e4                WWDG_IRQHandler
                0x080003e4                TIM2_IRQHandler
                0x080003e4                OTG_FS_WKUP_IRQHandler
                0x080003e4                TIM1_TRG_COM_TIM11_IRQHandler
                0x080003e4                OTG_HS_IRQHandler
                0x080003e4                EXTI1_IRQHandler
                0x080003e4                USART2_IRQHandler
                0x080003e4                I2C2_ER_IRQHandler
                0x080003e4                DMA2_Stream1_IRQHandler
                0x080003e4                CAN1_SCE_IRQHandler
                0x080003e4                FLASH_IRQHandler
                0x080003e4                DMA2_Stream4_IRQHandler
                0x080003e4                USART1_IRQHandler
                0x080003e4                OTG_FS_IRQHandler
                0x080003e4                SPI3_IRQHandler
                0x080003e4                DMA1_Stream4_IRQHandler
                0x080003e4                I2C1_ER_IRQHandler
                0x080003e4                FMC_IRQHandler
                0x080003e4                DMA2_Stream6_IRQHandler
                0x080003e4                DMA1_Stream3_IRQHandler

.inits          0x080003e8       0x28
                0x080003e8                __data_regions_array_start = .
                0x080003e8        0x4 LONG 0x8007e84 LOADADDR (.data)
                0x080003ec        0x4 LONG 0x20000000 ADDR (.data)
                0x080003f0        0x4 LONG 0x20000d40 (ADDR (.data) + SIZEOF (.data))
                0x080003f4        0x4 LONG 0x8007e84 LOADADDR (.data_CCMRAM)
                0x080003f8        0x4 LONG 0x10000000 ADDR (.data_CCMRAM)
                0x080003fc        0x4 LONG 0x10000000 (ADDR (.data_CCMRAM) + SIZEOF (.data_CCMRAM))
                0x08000400                __data_regions_array_end = .
                0x08000400                __bss_regions_array_start = .
                0x08000400        0x4 LONG 0x20000d40 ADDR (.bss)
                0x08000404        0x4 LONG 0x20000fa8 (ADDR (.bss) + SIZEOF (.bss))
                0x08000408        0x4 LONG 0x10000000 ADDR (.bss_CCMRAM)
                0x0800040c        0x4 LONG 0x10000000 (ADDR (.bss_CCMRAM) + SIZEOF (.bss_CCMRAM))
                0x08000410                __bss_regions_array_end = .
 *(.init)
 *(.fini)
                0x08000410                . = ALIGN (0x4)
                0x08000410                PROVIDE (__preinit_array_start = .)
 *(.preinit_array_sysinit .preinit_array_sysinit.*)
 *(.preinit_array_platform .preinit_array_platform.*)
 *(.preinit_array .preinit_array.*)
                0x08000410                PROVIDE (__preinit_array_end = .)
                0x08000410                . = ALIGN (0x4)
                0x08000410                PROVIDE (__init_array_start = .)
 *(SORT_BY_NAME(.init_array.*))
 *(.init_array)
                0x08000410                PROVIDE (__init_array_end = .)
                0x08000410                . = ALIGN (0x4)
                0x08000410                PROVIDE (__fini_array_start = .)
 *(SORT_BY_NAME(.fini_array.*))
 *(.fini_array)
                0x08000410                PROVIDE (__fini_array_end = .)

.flashtext
 *(.flashtext .flashtext.*)

.text           0x08000410     0x7a73
 *(.text .text.*)
 .text.HAL_Init
                0x08000410       0x34 ./system/src/stm32f4-hal/stm32f4xx_hal.o
                0x08000410                HAL_Init
 .text.HAL_IncTick
                0x08000444       0x10 ./system/src/stm32f4-hal/stm32f4xx_hal.o
                0x08000444                HAL_IncTick
 .text.HAL_GetTick
                0x08000454        0xc ./system/src/stm32f4-hal/stm32f4xx_hal.o
                0x08000454                HAL_GetTick
 .text.HAL_Delay
                0x08000460       0x1c ./system/src/stm32f4-hal/stm32f4xx_hal.o
                0x08000460                HAL_Delay
 .text.ADC_Init
                0x0800047c      0x158 ./system/src/stm32f4-hal/stm32f4xx_hal_adc.o
 .text.HAL_ADC_Init
                0x080005d4      0x1ec ./system/src/stm32f4-hal/stm32f4xx_hal_adc.o
                0x080005d4                HAL_ADC_Init
 .text.HAL_ADC_Start
                0x080007c0      0x134 ./system/src/stm32f4-hal/stm32f4xx_hal_adc.o
                0x080007c0                HAL_ADC_Start
 .text.HAL_ADC_PollForConversion
                0x080008f4       0xb6 ./system/src/stm32f4-hal/stm32f4xx_hal_adc.o
                0x080008f4                HAL_ADC_PollForConversion
 .text.HAL_ADC_GetValue
                0x080009aa        0x6 ./system/src/stm32f4-hal/stm32f4xx_hal_adc.o
                0x080009aa                HAL_ADC_GetValue
 .text.HAL_ADC_ConfigChannel
                0x080009b0      0x1cc ./system/src/stm32f4-hal/stm32f4xx_hal_adc.o
                0x080009b0                HAL_ADC_ConfigChannel
 .text.HAL_NVIC_SetPriorityGrouping
                0x08000b7c       0x3c ./system/src/stm32f4-hal/stm32f4xx_hal_cortex.o
                0x08000b7c                HAL_NVIC_SetPriorityGrouping
 .text.HAL_NVIC_SetPriority
                0x08000bb8       0x8c ./system/src/stm32f4-hal/stm32f4xx_hal_cortex.o
                0x08000bb8                HAL_NVIC_SetPriority
 .text.HAL_NVIC_EnableIRQ
                0x08000c44       0x2c ./system/src/stm32f4-hal/stm32f4xx_hal_cortex.o
                0x08000c44                HAL_NVIC_EnableIRQ
 .text.HAL_GPIO_Init
                0x08000c70      0x304 ./system/src/stm32f4-hal/stm32f4xx_hal_gpio.o
                0x08000c70                HAL_GPIO_Init
 .text.HAL_GPIO_ReadPin
                0x08000f74       0x28 ./system/src/stm32f4-hal/stm32f4xx_hal_gpio.o
                0x08000f74                HAL_GPIO_ReadPin
 .text.HAL_GPIO_WritePin
                0x08000f9c       0x38 ./system/src/stm32f4-hal/stm32f4xx_hal_gpio.o
                0x08000f9c                HAL_GPIO_WritePin
 .text.HAL_RCC_OscConfig
                0x08000fd4      0x43c ./system/src/stm32f4-hal/stm32f4xx_hal_rcc.o
                0x08000fd4                HAL_RCC_OscConfig
 .text.HAL_RCC_GetSysClockFreq
                0x08001410       0x94 ./system/src/stm32f4-hal/stm32f4xx_hal_rcc.o
                0x08001410                HAL_RCC_GetSysClockFreq
 .text.HAL_RCC_ClockConfig
                0x080014a4      0x258 ./system/src/stm32f4-hal/stm32f4xx_hal_rcc.o
                0x080014a4                HAL_RCC_ClockConfig
 .text.HAL_RCC_GetHCLKFreq
                0x080016fc        0xc ./system/src/stm32f4-hal/stm32f4xx_hal_rcc.o
                0x080016fc                HAL_RCC_GetHCLKFreq
 .text.HAL_RCC_GetPCLK1Freq
                0x08001708       0x2c ./system/src/stm32f4-hal/stm32f4xx_hal_rcc.o
                0x08001708                HAL_RCC_GetPCLK1Freq
 .text.HAL_RCC_GetPCLK2Freq
                0x08001734       0x2c ./system/src/stm32f4-hal/stm32f4xx_hal_rcc.o
                0x08001734                HAL_RCC_GetPCLK2Freq
 .text.HAL_RCC_GetClockConfig
                0x08001760       0x3c ./system/src/stm32f4-hal/stm32f4xx_hal_rcc.o
                0x08001760                HAL_RCC_GetClockConfig
 .text.TIM_TI1_ConfigInputStage
                0x0800179c       0x24 ./system/src/stm32f4-hal/stm32f4xx_hal_tim.o
 .text.TIM_TI2_ConfigInputStage
                0x080017c0       0x26 ./system/src/stm32f4-hal/stm32f4xx_hal_tim.o
 .text.TIM_ITRx_SetConfig
                0x080017e6       0x10 ./system/src/stm32f4-hal/stm32f4xx_hal_tim.o
 .text.TIM_ETR_SetConfig
                0x080017f6       0x16 ./system/src/stm32f4-hal/stm32f4xx_hal_tim.o
 .text.HAL_TIM_Base_Start_IT
                0x0800180c       0x9c ./system/src/stm32f4-hal/stm32f4xx_hal_tim.o
                0x0800180c                HAL_TIM_Base_Start_IT
 .text.HAL_TIM_ConfigClockSource
                0x080018a8      0x5c8 ./system/src/stm32f4-hal/stm32f4xx_hal_tim.o
                0x080018a8                HAL_TIM_ConfigClockSource
 .text.HAL_TIM_OC_DelayElapsedCallback
                0x08001e70        0x2 ./system/src/stm32f4-hal/stm32f4xx_hal_tim.o
                0x08001e70                HAL_TIM_OC_DelayElapsedCallback
 .text.HAL_TIM_IC_CaptureCallback
                0x08001e72        0x2 ./system/src/stm32f4-hal/stm32f4xx_hal_tim.o
                0x08001e72                HAL_TIM_IC_CaptureCallback
 .text.HAL_TIM_PWM_PulseFinishedCallback
                0x08001e74        0x2 ./system/src/stm32f4-hal/stm32f4xx_hal_tim.o
                0x08001e74                HAL_TIM_PWM_PulseFinishedCallback
 .text.HAL_TIM_TriggerCallback
                0x08001e76        0x2 ./system/src/stm32f4-hal/stm32f4xx_hal_tim.o
                0x08001e76                HAL_TIM_TriggerCallback
 .text.HAL_TIM_IRQHandler
                0x08001e78      0x17a ./system/src/stm32f4-hal/stm32f4xx_hal_tim.o
                0x08001e78                HAL_TIM_IRQHandler
 *fill*         0x08001ff2        0x2 
 .text.TIM_Base_SetConfig
                0x08001ff4       0xc0 ./system/src/stm32f4-hal/stm32f4xx_hal_tim.o
                0x08001ff4                TIM_Base_SetConfig
 .text.HAL_TIM_Base_Init
                0x080020b4       0xf0 ./system/src/stm32f4-hal/stm32f4xx_hal_tim.o
                0x080020b4                HAL_TIM_Base_Init
 .text.HAL_TIMEx_MasterConfigSynchronization
                0x080021a4       0xf4 ./system/src/stm32f4-hal/stm32f4xx_hal_tim_ex.o
                0x080021a4                HAL_TIMEx_MasterConfigSynchronization
 .text.HAL_TIMEx_CommutationCallback
                0x08002298        0x2 ./system/src/stm32f4-hal/stm32f4xx_hal_tim_ex.o
                0x08002298                HAL_TIMEx_CommutationCallback
 .text.HAL_TIMEx_BreakCallback
                0x0800229a        0x2 ./system/src/stm32f4-hal/stm32f4xx_hal_tim_ex.o
                0x0800229a                HAL_TIMEx_BreakCallback
 .text.HAL_InitTick
                0x0800229c       0x88 ./system/src/stm32f4-hal/stm32f4xx_hal_timebase_tim_template.o
                0x0800229c                HAL_InitTick
 .text.HAL_TIM_PeriodElapsedCallback
                0x08002324        0x8 ./system/src/stm32f4-hal/stm32f4xx_hal_timebase_tim_template.o
                0x08002324                HAL_TIM_PeriodElapsedCallback
 .text.TIM6_DAC_IRQHandler
                0x0800232c       0x10 ./system/src/stm32f4-hal/stm32f4xx_hal_timebase_tim_template.o
                0x0800232c                TIM6_DAC_IRQHandler
 .text.UART_SetConfig
                0x0800233c      0x3a0 ./system/src/stm32f4-hal/stm32f4xx_hal_uart.o
 .text.UART_WaitOnFlagUntilTimeout
                0x080026dc       0x62 ./system/src/stm32f4-hal/stm32f4xx_hal_uart.o
 *fill*         0x0800273e        0x2 
 .text.HAL_UART_Init
                0x08002740      0x124 ./system/src/stm32f4-hal/stm32f4xx_hal_uart.o
                0x08002740                HAL_UART_Init
 .text.HAL_UART_Transmit
                0x08002864       0xda ./system/src/stm32f4-hal/stm32f4xx_hal_uart.o
                0x08002864                HAL_UART_Transmit
 .text._exit    0x0800293e        0x2 ./system/src/newlib/_exit.o
                0x0800293e                _exit
 .text.abort    0x08002940       0x14 ./system/src/newlib/_exit.o
                0x08002940                abort
 .text._sbrk    0x08002954       0x44 ./system/src/newlib/_sbrk.o
                0x08002954                _sbrk
 .text.__initialize_args
                0x08002998       0x10 ./system/src/newlib/_syscalls.o
                0x08002998                __initialize_args
 .text.assert_failed
                0x080029a8       0x14 ./system/src/newlib/assert.o
                0x080029a8                assert_failed
 .text.trace_printf
                0x080029bc       0x34 ./system/src/diag/Trace.o
                0x080029bc                trace_printf
 .text.trace_puts
                0x080029f0       0x20 ./system/src/diag/Trace.o
                0x080029f0                trace_puts
 .text._trace_write_semihosting_debug
                0x08002a10       0x60 ./system/src/diag/trace_impl.o
 .text.trace_write
                0x08002a70        0x8 ./system/src/diag/trace_impl.o
                0x08002a70                trace_write
 .text.__initialize_hardware_early
                0x08002a78       0x18 ./system/src/cortexm/_initialize_hardware.o
                0x08002a78                __initialize_hardware_early
 .text.dumpExceptionStack
                0x08002a90       0xf4 ./system/src/cortexm/exception_handlers.o
                0x08002a90                dumpExceptionStack
 .text.isSemihosting
                0x08002b84       0x20 ./system/src/cortexm/exception_handlers.o
                0x08002b84                isSemihosting
 .text.SystemInit
                0x08002ba4       0x40 ./system/src/cmsis/system_stm32f4xx.o
                0x08002ba4                SystemInit
 .text.SystemCoreClockUpdate
                0x08002be4       0xa0 ./system/src/cmsis/system_stm32f4xx.o
                0x08002be4                SystemCoreClockUpdate
 .text.SysTick_Handler
                0x08002c84        0xc ./src/Timer.o
                0x08002c84                SysTick_Handler
 .text.TIM1_UP_TIM10_IRQHandler
                0x08002c90       0x68 ./src/Timer.o
                0x08002c90                TIM1_UP_TIM10_IRQHandler
 .text.MX_GPIO_Init
                0x08002cf8      0x148 ./src/_initialize_hardware.o
                0x08002cf8                MX_GPIO_Init
 .text.Error_Handler
                0x08002e40        0x4 ./src/_initialize_hardware.o
                0x08002e40                Error_Handler
 .text.SystemClock_Config
                0x08002e44       0xa4 ./src/_initialize_hardware.o
                0x08002e44                SystemClock_Config
 .text.MX_USART1_UART_Init
                0x08002ee8       0x34 ./src/_initialize_hardware.o
                0x08002ee8                MX_USART1_UART_Init
 .text.MX_ADC1_Init
                0x08002f1c       0x64 ./src/_initialize_hardware.o
                0x08002f1c                MX_ADC1_Init
 .text.MX_TIM1_Init
                0x08002f80       0x6c ./src/_initialize_hardware.o
                0x08002f80                MX_TIM1_Init
 .text.__initialize_hardware
                0x08002fec       0x20 ./src/_initialize_hardware.o
                0x08002fec                __initialize_hardware
 .text.Conflcd  0x0800300c       0xb8 ./src/main.o
                0x0800300c                Conflcd
 .text.LCD_Writ_Bus
                0x080030c4      0x260 ./src/main.o
                0x080030c4                LCD_Writ_Bus
 .text.LCD_Write_DATA
                0x08003324       0x28 ./src/main.o
                0x08003324                LCD_Write_DATA
 .text.LCD_Write_COM
                0x0800334c       0x28 ./src/main.o
                0x0800334c                LCD_Write_COM
 .text.LCD_Write_DATAb
                0x08003374       0x28 ./src/main.o
                0x08003374                LCD_Write_DATAb
 .text._fast_fill_16
                0x0800339c      0x430 ./src/main.o
                0x0800339c                _fast_fill_16
 .text.setXY    0x080037cc       0x80 ./src/main.o
                0x080037cc                setXY
 .text.clrXY    0x0800384c       0x44 ./src/main.o
                0x0800384c                clrXY
 .text.clrScr   0x08003890       0xb0 ./src/main.o
                0x08003890                clrScr
 .text.setFont  0x08003940       0x1c ./src/main.o
                0x08003940                setFont
 .text.initlcd  0x0800395c      0x194 ./src/main.o
                0x0800395c                initlcd
 .text.setColorb
                0x08003af0       0x28 ./src/main.o
                0x08003af0                setColorb
 .text.setColor
                0x08003b18       0x14 ./src/main.o
                0x08003b18                setColor
 .text.setBackColorb
                0x08003b2c       0x34 ./src/main.o
                0x08003b2c                setBackColorb
 .text.inicioLCD
                0x08003b60       0x84 ./src/main.o
                0x08003b60                inicioLCD
 .text.drawHLine
                0x08003be4       0x74 ./src/main.o
                0x08003be4                drawHLine
 .text.drawVLine
                0x08003c58       0x74 ./src/main.o
                0x08003c58                drawVLine
 .text.drawLine
                0x08003ccc       0xe4 ./src/main.o
                0x08003ccc                drawLine
 .text.setPixel
                0x08003db0        0xe ./src/main.o
                0x08003db0                setPixel
 *fill*         0x08003dbe        0x2 
 .text.drawPixel
                0x08003dc0       0x4c ./src/main.o
                0x08003dc0                drawPixel
 .text.printCharAscii
                0x08003e0c      0x208 ./src/main.o
                0x08003e0c                printCharAscii
 .text.drawRectangulo
                0x08004014       0x50 ./src/main.o
                0x08004014                drawRectangulo
 .text.drawRoundRect
                0x08004064       0xa2 ./src/main.o
                0x08004064                drawRoundRect
 *fill*         0x08004106        0x2 
 .text.drawCircle
                0x08004108      0x1d0 ./src/main.o
                0x08004108                drawCircle
 .text.drawfillCircle
                0x080042d8       0x54 ./src/main.o
                0x080042d8                drawfillCircle
 *fill*         0x0800432c        0x4 
 .text.rotateChar
                0x08004330      0x1ec ./src/main.o
                0x08004330                rotateChar
 .text.print    0x0800451c       0xdc ./src/main.o
                0x0800451c                print
 .text.printNumI
                0x080045f8      0x114 ./src/main.o
                0x080045f8                printNumI
 .text._convert_float
                0x0800470c       0xa8 ./src/main.o
                0x0800470c                _convert_float
 .text.printNumF
                0x080047b4       0xd2 ./src/main.o
                0x080047b4                printNumF
 *fill*         0x08004886        0x2 
 .text.InitTouch
                0x08004888       0xa0 ./src/main.o
                0x08004888                InitTouch
 .text.dataAvailable
                0x08004928       0x18 ./src/main.o
                0x08004928                dataAvailable
 .text.getX     0x08004940       0xc8 ./src/main.o
                0x08004940                getX
 .text.getY     0x08004a08       0xc4 ./src/main.o
                0x08004a08                getY
 .text.setPrecision
                0x08004acc       0x3c ./src/main.o
                0x08004acc                setPrecision
 .text.touch_WriteData
                0x08004b08       0x60 ./src/main.o
                0x08004b08                touch_WriteData
 .text.touch_ReadData
                0x08004b68       0x48 ./src/main.o
                0x08004b68                touch_ReadData
 .text.readtouch
                0x08004bb0      0x170 ./src/main.o
                0x08004bb0                readtouch
 .text.main     0x08004d20      0x274 ./src/main.o
                0x08004d20                main
 .text.muestreo
                0x08004f94       0x54 ./src/main.o
                0x08004f94                muestreo
 .text.HAL_MspInit
                0x08004fe8        0x2 ./src/stm32f4xx_hal_msp.o
                0x08004fe8                HAL_MspInit
 *fill*         0x08004fea        0x2 
 .text.HAL_TIM_Base_MspInit
                0x08004fec       0xe4 ./src/stm32f4xx_hal_msp.o
                0x08004fec                HAL_TIM_Base_MspInit
 .text.HAL_UART_MspInit
                0x080050d0       0x74 ./src/stm32f4xx_hal_msp.o
                0x080050d0                HAL_UART_MspInit
 .text.HAL_ADC_MspInit
                0x08005144       0x68 ./src/stm32f4xx_hal_msp.o
                0x08005144                HAL_ADC_MspInit
 .text.cos      0x080051ac       0x90 c:/ciaa/ciaa_software_1.1-win/tools/arm-none-eabi-gcc/bin/../lib/gcc/arm-none-eabi/8.2.1/../../../../arm-none-eabi/lib/thumb/v7e-m/nofp\libm.a(lib_a-s_cos.o)
                0x080051ac                cos
 .text.sin      0x0800523c       0x94 c:/ciaa/ciaa_software_1.1-win/tools/arm-none-eabi-gcc/bin/../lib/gcc/arm-none-eabi/8.2.1/../../../../arm-none-eabi/lib/thumb/v7e-m/nofp\libm.a(lib_a-s_sin.o)
                0x0800523c                sin
 .text.__ieee754_rem_pio2
                0x080052d0      0x434 c:/ciaa/ciaa_software_1.1-win/tools/arm-none-eabi-gcc/bin/../lib/gcc/arm-none-eabi/8.2.1/../../../../arm-none-eabi/lib/thumb/v7e-m/nofp\libm.a(lib_a-e_rem_pio2.o)
                0x080052d0                __ieee754_rem_pio2
 *fill*         0x08005704        0x4 
 .text.__kernel_cos
                0x08005708      0x248 c:/ciaa/ciaa_software_1.1-win/tools/arm-none-eabi-gcc/bin/../lib/gcc/arm-none-eabi/8.2.1/../../../../arm-none-eabi/lib/thumb/v7e-m/nofp\libm.a(lib_a-k_cos.o)
                0x08005708                __kernel_cos
 .text.__kernel_rem_pio2
                0x08005950      0x838 c:/ciaa/ciaa_software_1.1-win/tools/arm-none-eabi-gcc/bin/../lib/gcc/arm-none-eabi/8.2.1/../../../../arm-none-eabi/lib/thumb/v7e-m/nofp\libm.a(lib_a-k_rem_pio2.o)
                0x08005950                __kernel_rem_pio2
 .text.__kernel_sin
                0x08006188      0x16c c:/ciaa/ciaa_software_1.1-win/tools/arm-none-eabi-gcc/bin/../lib/gcc/arm-none-eabi/8.2.1/../../../../arm-none-eabi/lib/thumb/v7e-m/nofp\libm.a(lib_a-k_sin.o)
                0x08006188                __kernel_sin
 .text.fabs     0x080062f4        0x8 c:/ciaa/ciaa_software_1.1-win/tools/arm-none-eabi-gcc/bin/../lib/gcc/arm-none-eabi/8.2.1/../../../../arm-none-eabi/lib/thumb/v7e-m/nofp\libm.a(lib_a-s_fabs.o)
                0x080062f4                fabs
 *fill*         0x080062fc        0x4 
 .text.floor    0x08006300      0x108 c:/ciaa/ciaa_software_1.1-win/tools/arm-none-eabi-gcc/bin/../lib/gcc/arm-none-eabi/8.2.1/../../../../arm-none-eabi/lib/thumb/v7e-m/nofp\libm.a(lib_a-s_floor.o)
                0x08006300                floor
 .text.scalbn   0x08006408       0xf4 c:/ciaa/ciaa_software_1.1-win/tools/arm-none-eabi-gcc/bin/../lib/gcc/arm-none-eabi/8.2.1/../../../../arm-none-eabi/lib/thumb/v7e-m/nofp\libm.a(lib_a-s_scalbn.o)
                0x08006408                scalbn
 .text          0x080064fc      0x378 c:/ciaa/ciaa_software_1.1-win/tools/arm-none-eabi-gcc/bin/../lib/gcc/arm-none-eabi/8.2.1/thumb/v7e-m/nofp\libgcc.a(_arm_addsubdf3.o)
                0x080064fc                __aeabi_drsub
                0x08006504                __aeabi_dsub
                0x08006504                __subdf3
                0x08006508                __aeabi_dadd
                0x08006508                __adddf3
                0x08006780                __floatunsidf
                0x08006780                __aeabi_ui2d
                0x080067a0                __floatsidf
                0x080067a0                __aeabi_i2d
                0x080067c4                __aeabi_f2d
                0x080067c4                __extendsfdf2
                0x08006808                __floatundidf
                0x08006808                __aeabi_ul2d
                0x08006818                __floatdidf
                0x08006818                __aeabi_l2d
 .text          0x08006874      0x424 c:/ciaa/ciaa_software_1.1-win/tools/arm-none-eabi-gcc/bin/../lib/gcc/arm-none-eabi/8.2.1/thumb/v7e-m/nofp\libgcc.a(_arm_muldivdf3.o)
                0x08006874                __aeabi_dmul
                0x08006874                __muldf3
                0x08006ac8                __divdf3
                0x08006ac8                __aeabi_ddiv
 .text          0x08006c98      0x110 c:/ciaa/ciaa_software_1.1-win/tools/arm-none-eabi-gcc/bin/../lib/gcc/arm-none-eabi/8.2.1/thumb/v7e-m/nofp\libgcc.a(_arm_cmpdf2.o)
                0x08006c98                __gtdf2
                0x08006c98                __gedf2
                0x08006ca0                __ltdf2
                0x08006ca0                __ledf2
                0x08006ca8                __nedf2
                0x08006ca8                __eqdf2
                0x08006ca8                __cmpdf2
                0x08006d24                __aeabi_cdrcmple
                0x08006d34                __aeabi_cdcmpeq
                0x08006d34                __aeabi_cdcmple
                0x08006d44                __aeabi_dcmpeq
                0x08006d58                __aeabi_dcmplt
                0x08006d6c                __aeabi_dcmple
                0x08006d80                __aeabi_dcmpge
                0x08006d94                __aeabi_dcmpgt
 .text          0x08006da8       0x50 c:/ciaa/ciaa_software_1.1-win/tools/arm-none-eabi-gcc/bin/../lib/gcc/arm-none-eabi/8.2.1/thumb/v7e-m/nofp\libgcc.a(_arm_fixdfsi.o)
                0x08006da8                __aeabi_d2iz
                0x08006da8                __fixdfsi
 .text          0x08006df8       0xa0 c:/ciaa/ciaa_software_1.1-win/tools/arm-none-eabi-gcc/bin/../lib/gcc/arm-none-eabi/8.2.1/thumb/v7e-m/nofp\libgcc.a(_arm_truncdfsf2.o)
                0x08006df8                __truncdfsf2
                0x08006df8                __aeabi_d2f
 .text.__errno  0x08006e98        0xc c:/ciaa/ciaa_software_1.1-win/tools/arm-none-eabi-gcc/bin/../lib/gcc/arm-none-eabi/8.2.1/../../../../arm-none-eabi/lib/thumb/v7e-m/nofp\libg_nano.a(lib_a-errno.o)
                0x08006e98                __errno
 .text.memcpy   0x08006ea4       0x1c c:/ciaa/ciaa_software_1.1-win/tools/arm-none-eabi-gcc/bin/../lib/gcc/arm-none-eabi/8.2.1/../../../../arm-none-eabi/lib/thumb/v7e-m/nofp\libg_nano.a(lib_a-memcpy-stub.o)
                0x08006ea4                memcpy
 .text.memset   0x08006ec0       0x10 c:/ciaa/ciaa_software_1.1-win/tools/arm-none-eabi-gcc/bin/../lib/gcc/arm-none-eabi/8.2.1/../../../../arm-none-eabi/lib/thumb/v7e-m/nofp\libg_nano.a(lib_a-memset.o)
                0x08006ec0                memset
 .text.sprintf  0x08006ed0       0x40 c:/ciaa/ciaa_software_1.1-win/tools/arm-none-eabi-gcc/bin/../lib/gcc/arm-none-eabi/8.2.1/../../../../arm-none-eabi/lib/thumb/v7e-m/nofp\libg_nano.a(lib_a-sprintf.o)
                0x08006ed0                siprintf
                0x08006ed0                sprintf
 .text.strcat   0x08006f10       0x20 c:/ciaa/ciaa_software_1.1-win/tools/arm-none-eabi-gcc/bin/../lib/gcc/arm-none-eabi/8.2.1/../../../../arm-none-eabi/lib/thumb/v7e-m/nofp\libg_nano.a(lib_a-strcat.o)
                0x08006f10                strcat
 .text          0x08006f30       0x10 c:/ciaa/ciaa_software_1.1-win/tools/arm-none-eabi-gcc/bin/../lib/gcc/arm-none-eabi/8.2.1/../../../../arm-none-eabi/lib/thumb/v7e-m/nofp\libg_nano.a(lib_a-strlen.o)
                0x08006f30                strlen
 .text._vsnprintf_r
                0x08006f40       0x58 c:/ciaa/ciaa_software_1.1-win/tools/arm-none-eabi-gcc/bin/../lib/gcc/arm-none-eabi/8.2.1/../../../../arm-none-eabi/lib/thumb/v7e-m/nofp\libg_nano.a(lib_a-vsnprintf.o)
                0x08006f40                _vsniprintf_r
                0x08006f40                _vsnprintf_r
 .text.vsnprintf
                0x08006f98       0x1c c:/ciaa/ciaa_software_1.1-win/tools/arm-none-eabi-gcc/bin/../lib/gcc/arm-none-eabi/8.2.1/../../../../arm-none-eabi/lib/thumb/v7e-m/nofp\libg_nano.a(lib_a-vsnprintf.o)
                0x08006f98                vsniprintf
                0x08006f98                vsnprintf
 .text.__ssputs_r
                0x08006fb4       0xb6 c:/ciaa/ciaa_software_1.1-win/tools/arm-none-eabi-gcc/bin/../lib/gcc/arm-none-eabi/8.2.1/../../../../arm-none-eabi/lib/thumb/v7e-m/nofp\libg_nano.a(lib_a-nano-svfprintf.o)
                0x08006fb4                __ssputs_r
 *fill*         0x0800706a        0x2 
 .text._svfprintf_r
                0x0800706c      0x1f0 c:/ciaa/ciaa_software_1.1-win/tools/arm-none-eabi-gcc/bin/../lib/gcc/arm-none-eabi/8.2.1/../../../../arm-none-eabi/lib/thumb/v7e-m/nofp\libg_nano.a(lib_a-nano-svfprintf.o)
                0x0800706c                _svfiprintf_r
                0x0800706c                _svfprintf_r
 .text._printf_common
                0x0800725c       0xea c:/ciaa/ciaa_software_1.1-win/tools/arm-none-eabi-gcc/bin/../lib/gcc/arm-none-eabi/8.2.1/../../../../arm-none-eabi/lib/thumb/v7e-m/nofp\libg_nano.a(lib_a-nano-vfprintf_i.o)
                0x0800725c                _printf_common
 *fill*         0x08007346        0x2 
 .text._printf_i
                0x08007348      0x228 c:/ciaa/ciaa_software_1.1-win/tools/arm-none-eabi-gcc/bin/../lib/gcc/arm-none-eabi/8.2.1/../../../../arm-none-eabi/lib/thumb/v7e-m/nofp\libg_nano.a(lib_a-nano-vfprintf_i.o)
                0x08007348                _printf_i
 .text          0x08007570       0xa0 c:/ciaa/ciaa_software_1.1-win/tools/arm-none-eabi-gcc/bin/../lib/gcc/arm-none-eabi/8.2.1/../../../../arm-none-eabi/lib/thumb/v7e-m/nofp\libg_nano.a(lib_a-memchr.o)
                0x08007570                memchr
 .text.memmove  0x08007610       0x34 c:/ciaa/ciaa_software_1.1-win/tools/arm-none-eabi-gcc/bin/../lib/gcc/arm-none-eabi/8.2.1/../../../../arm-none-eabi/lib/thumb/v7e-m/nofp\libg_nano.a(lib_a-memmove.o)
                0x08007610                memmove
 .text._free_r  0x08007644       0x9c c:/ciaa/ciaa_software_1.1-win/tools/arm-none-eabi-gcc/bin/../lib/gcc/arm-none-eabi/8.2.1/../../../../arm-none-eabi/lib/thumb/v7e-m/nofp\libg_nano.a(lib_a-nano-freer.o)
                0x08007644                _free_r
 .text._malloc_r
                0x080076e0       0xb4 c:/ciaa/ciaa_software_1.1-win/tools/arm-none-eabi-gcc/bin/../lib/gcc/arm-none-eabi/8.2.1/../../../../arm-none-eabi/lib/thumb/v7e-m/nofp\libg_nano.a(lib_a-nano-mallocr.o)
                0x080076e0                _malloc_r
 .text._realloc_r
                0x08007794       0x4c c:/ciaa/ciaa_software_1.1-win/tools/arm-none-eabi-gcc/bin/../lib/gcc/arm-none-eabi/8.2.1/../../../../arm-none-eabi/lib/thumb/v7e-m/nofp\libg_nano.a(lib_a-nano-reallocr.o)
                0x08007794                _realloc_r
 .text._sbrk_r  0x080077e0       0x20 c:/ciaa/ciaa_software_1.1-win/tools/arm-none-eabi-gcc/bin/../lib/gcc/arm-none-eabi/8.2.1/../../../../arm-none-eabi/lib/thumb/v7e-m/nofp\libg_nano.a(lib_a-sbrkr.o)
                0x080077e0                _sbrk_r
 .text.__malloc_lock
                0x08007800        0xc c:/ciaa/ciaa_software_1.1-win/tools/arm-none-eabi-gcc/bin/../lib/gcc/arm-none-eabi/8.2.1/../../../../arm-none-eabi/lib/thumb/v7e-m/nofp\libg_nano.a(lib_a-mlock.o)
                0x08007800                __malloc_lock
 .text.__malloc_unlock
                0x0800780c        0xc c:/ciaa/ciaa_software_1.1-win/tools/arm-none-eabi-gcc/bin/../lib/gcc/arm-none-eabi/8.2.1/../../../../arm-none-eabi/lib/thumb/v7e-m/nofp\libg_nano.a(lib_a-mlock.o)
                0x0800780c                __malloc_unlock
 .text._malloc_usable_size_r
                0x08007818       0x10 c:/ciaa/ciaa_software_1.1-win/tools/arm-none-eabi-gcc/bin/../lib/gcc/arm-none-eabi/8.2.1/../../../../arm-none-eabi/lib/thumb/v7e-m/nofp\libg_nano.a(lib_a-nano-msizer.o)
                0x08007818                _malloc_usable_size_r
 .text.__retarget_lock_acquire_recursive
                0x08007828        0x2 c:/ciaa/ciaa_software_1.1-win/tools/arm-none-eabi-gcc/bin/../lib/gcc/arm-none-eabi/8.2.1/../../../../arm-none-eabi/lib/thumb/v7e-m/nofp\libg_nano.a(lib_a-lock.o)
                0x08007828                __retarget_lock_acquire_recursive
 .text.__retarget_lock_release_recursive
                0x0800782a        0x2 c:/ciaa/ciaa_software_1.1-win/tools/arm-none-eabi-gcc/bin/../lib/gcc/arm-none-eabi/8.2.1/../../../../arm-none-eabi/lib/thumb/v7e-m/nofp\libg_nano.a(lib_a-lock.o)
                0x0800782a                __retarget_lock_release_recursive
 *(.rodata .rodata.* .constdata .constdata.*)
 .rodata.ADC_Init.str1.4
                0x0800782c       0x2e ./system/src/stm32f4-hal/stm32f4xx_hal_adc.o
 *fill*         0x0800785a        0x2 
 .rodata.HAL_NVIC_SetPriorityGrouping.str1.4
                0x0800785c       0x31 ./system/src/stm32f4-hal/stm32f4xx_hal_cortex.o
 *fill*         0x0800788d        0x3 
 .rodata.HAL_GPIO_Init.str1.4
                0x08007890       0x2f ./system/src/stm32f4-hal/stm32f4xx_hal_gpio.o
 *fill*         0x080078bf        0x1 
 .rodata.APBAHBPrescTable
                0x080078c0       0x10 ./system/src/stm32f4-hal/stm32f4xx_hal_rcc.o
                0x080078c0                APBAHBPrescTable
 .rodata.HAL_RCC_OscConfig.str1.4
                0x080078d0       0x2e ./system/src/stm32f4-hal/stm32f4xx_hal_rcc.o
 *fill*         0x080078fe        0x2 
 .rodata.TIM_OC3_SetConfig.str1.4
                0x08007900       0x2e ./system/src/stm32f4-hal/stm32f4xx_hal_tim.o
 *fill*         0x0800792e        0x2 
 .rodata.TIM_CCxNChannelCmd.str1.4
                0x08007930       0x31 ./system/src/stm32f4-hal/stm32f4xx_hal_tim_ex.o
 *fill*         0x08007961        0x3 
 .rodata.UART_SetConfig.str1.4
                0x08007964       0x2f ./system/src/stm32f4-hal/stm32f4xx_hal_uart.o
 *fill*         0x08007993        0x1 
 .rodata.abort.str1.4
                0x08007994       0x14 ./system/src/newlib/_exit.o
 .rodata.assert_failed.str1.4
                0x080079a8       0x2b ./system/src/newlib/assert.o
 .rodata.trace_puts.str1.4
                0x080079d3       0x2b ./system/src/diag/Trace.o
                                  0x2 (size before relaxing)
 *fill*         0x080079d3        0x1 
 .rodata.dumpExceptionStack.str1.4
                0x080079d4      0x11a ./system/src/cortexm/exception_handlers.o
 *fill*         0x08007aee        0x2 
 .rodata.str1.4
                0x08007af0       0x2a ./system/src/cortexm/exception_handlers.o
 *fill*         0x08007b1a        0x2 
 .rodata.AHBPrescTable
                0x08007b1c       0x10 ./system/src/cmsis/system_stm32f4xx.o
                0x08007b1c                AHBPrescTable
 .rodata.TIM1_UP_TIM10_IRQHandler.str1.4
                0x08007b2c        0xa ./src/Timer.o
 *fill*         0x08007b36        0x2 
 .rodata        0x08007b38      0x102 ./src/main.o
 *fill*         0x08007c3a        0x2 
 .rodata._convert_float.str1.4
                0x08007c3c        0x6 ./src/main.o
 *fill*         0x08007c42        0x2 
 .rodata.main.str1.4
                0x08007c44       0x34 ./src/main.o
                                 0x31 (size before relaxing)
 .rodata.npio2_hw
                0x08007c78       0x80 c:/ciaa/ciaa_software_1.1-win/tools/arm-none-eabi-gcc/bin/../lib/gcc/arm-none-eabi/8.2.1/../../../../arm-none-eabi/lib/thumb/v7e-m/nofp\libm.a(lib_a-e_rem_pio2.o)
 .rodata.two_over_pi
                0x08007cf8      0x108 c:/ciaa/ciaa_software_1.1-win/tools/arm-none-eabi-gcc/bin/../lib/gcc/arm-none-eabi/8.2.1/../../../../arm-none-eabi/lib/thumb/v7e-m/nofp\libm.a(lib_a-e_rem_pio2.o)
 .rodata.PIo2   0x08007e00       0x40 c:/ciaa/ciaa_software_1.1-win/tools/arm-none-eabi-gcc/bin/../lib/gcc/arm-none-eabi/8.2.1/../../../../arm-none-eabi/lib/thumb/v7e-m/nofp\libm.a(lib_a-k_rem_pio2.o)
 .rodata.init_jk
                0x08007e40       0x10 c:/ciaa/ciaa_software_1.1-win/tools/arm-none-eabi-gcc/bin/../lib/gcc/arm-none-eabi/8.2.1/../../../../arm-none-eabi/lib/thumb/v7e-m/nofp\libm.a(lib_a-k_rem_pio2.o)
 .rodata._svfprintf_r.str1.1
                0x08007e50       0x11 c:/ciaa/ciaa_software_1.1-win/tools/arm-none-eabi-gcc/bin/../lib/gcc/arm-none-eabi/8.2.1/../../../../arm-none-eabi/lib/thumb/v7e-m/nofp\libg_nano.a(lib_a-nano-svfprintf.o)
 .rodata._printf_i.str1.1
                0x08007e61       0x22 c:/ciaa/ciaa_software_1.1-win/tools/arm-none-eabi-gcc/bin/../lib/gcc/arm-none-eabi/8.2.1/../../../../arm-none-eabi/lib/thumb/v7e-m/nofp\libg_nano.a(lib_a-nano-vfprintf_i.o)
 *(vtable)
 *(.eh_frame*)
 *(.glue_7)
 .glue_7        0x08007e83        0x0 linker stubs
 *(.glue_7t)
 .glue_7t       0x08007e83        0x0 linker stubs

.vfp11_veneer   0x08007e84        0x0
 .vfp11_veneer  0x08007e84        0x0 linker stubs

.v4_bx          0x08007e84        0x0
 .v4_bx         0x08007e84        0x0 linker stubs

.iplt           0x08007e84        0x0
 .iplt          0x08007e84        0x0 ./system/src/stm32f4-hal/stm32f4xx_hal.o

.rel.dyn        0x08007e84        0x0
 .rel.iplt      0x08007e84        0x0 ./system/src/stm32f4-hal/stm32f4xx_hal.o

.ARM.extab
 *(.ARM.extab* .gnu.linkonce.armextab.*)
                0x08007e84                . = ALIGN (0x4)
                0x08007e84                __exidx_start = .

.ARM.exidx
 *(.ARM.exidx* .gnu.linkonce.armexidx.*)
                0x08007e84                __exidx_end = .
                0x08007e84                . = ALIGN (0x4)
                0x08007e84                _etext = .
                0x08007e84                __etext = .

.data_CCMRAM    0x10000000        0x0 load address 0x08007e84
 FILL mask 0xff
 *(.data.CCMRAM .data.CCMRAM.*)
                0x10000000                . = ALIGN (0x4)
                0x08007e84                _sidata = LOADADDR (.data)

.data           0x20000000      0xd40 load address 0x08007e84
 FILL mask 0xff
                0x20000000                _sdata = .
                0x20000000                __data_start__ = .
 *(.data_begin .data_begin.*)
 .data_begin    0x20000000        0x4 ./system/src/newlib/_startup.o
 *(.data .data.*)
 .data.argv.4374
                0x20000004        0x8 ./system/src/newlib/_syscalls.o
 .data.SystemCoreClock
                0x2000000c        0x4 ./system/src/cmsis/system_stm32f4xx.o
                0x2000000c                SystemCoreClock
 .data.BigFont  0x20000010      0xbe4 ./src/main.o
                0x20000010                BigFont
 .data.CS       0x20000bf4        0x8 ./src/main.o
                0x20000bf4                CS
 .data.CTE70    0x20000bfc        0x4 ./src/main.o
                0x20000bfc                CTE70
 .data.D0       0x20000c00        0x8 ./src/main.o
                0x20000c00                D0
 .data.D1       0x20000c08        0x8 ./src/main.o
                0x20000c08                D1
 .data.D10      0x20000c10        0x8 ./src/main.o
                0x20000c10                D10
 .data.D11      0x20000c18        0x8 ./src/main.o
                0x20000c18                D11
 .data.D12      0x20000c20        0x8 ./src/main.o
                0x20000c20                D12
 .data.D13      0x20000c28        0x8 ./src/main.o
                0x20000c28                D13
 .data.D14      0x20000c30        0x8 ./src/main.o
                0x20000c30                D14
 .data.D15      0x20000c38        0x8 ./src/main.o
                0x20000c38                D15
 .data.D2       0x20000c40        0x8 ./src/main.o
                0x20000c40                D2
 .data.D3       0x20000c48        0x8 ./src/main.o
                0x20000c48                D3
 .data.D4       0x20000c50        0x8 ./src/main.o
                0x20000c50                D4
 .data.D5       0x20000c58        0x8 ./src/main.o
                0x20000c58                D5
 .data.D6       0x20000c60        0x8 ./src/main.o
                0x20000c60                D6
 .data.D7       0x20000c68        0x8 ./src/main.o
                0x20000c68                D7
 .data.D8       0x20000c70        0x8 ./src/main.o
                0x20000c70                D8
 .data.D9       0x20000c78        0x8 ./src/main.o
                0x20000c78                D9
 .data.Fmuestreo
                0x20000c80        0x4 ./src/main.o
                0x20000c80                Fmuestreo
 .data.LANDSCAPE
                0x20000c84        0x1 ./src/main.o
                0x20000c84                LANDSCAPE
 *fill*         0x20000c85        0x3 ff
 .data.LATCHED_16
                0x20000c88        0x4 ./src/main.o
                0x20000c88                LATCHED_16
 .data.REST     0x20000c8c        0x8 ./src/main.o
                0x20000c8c                REST
 .data.RS       0x20000c94        0x8 ./src/main.o
                0x20000c94                RS
 .data.SERIAL_4PIN
                0x20000c9c        0x4 ./src/main.o
                0x20000c9c                SERIAL_4PIN
 .data.SERIAL_5PIN
                0x20000ca0        0x4 ./src/main.o
                0x20000ca0                SERIAL_5PIN
 .data.T_CLK    0x20000ca4        0x8 ./src/main.o
                0x20000ca4                T_CLK
 .data.T_CS     0x20000cac        0x8 ./src/main.o
                0x20000cac                T_CS
 .data.T_DIN    0x20000cb4        0x8 ./src/main.o
                0x20000cb4                T_DIN
 .data.T_DOUT   0x20000cbc        0x8 ./src/main.o
                0x20000cbc                T_DOUT
 .data.T_IRQ    0x20000cc4        0x8 ./src/main.o
                0x20000cc4                T_IRQ
 .data.WR       0x20000ccc        0x8 ./src/main.o
                0x20000ccc                WR
 .data.orient   0x20000cd4        0x1 ./src/main.o
                0x20000cd4                orient
 *fill*         0x20000cd5        0x3 ff
 .data._impure_ptr
                0x20000cd8        0x4 c:/ciaa/ciaa_software_1.1-win/tools/arm-none-eabi-gcc/bin/../lib/gcc/arm-none-eabi/8.2.1/../../../../arm-none-eabi/lib/thumb/v7e-m/nofp\libg_nano.a(lib_a-impure.o)
                0x20000cd8                _impure_ptr
 .data.impure_data
                0x20000cdc       0x60 c:/ciaa/ciaa_software_1.1-win/tools/arm-none-eabi-gcc/bin/../lib/gcc/arm-none-eabi/8.2.1/../../../../arm-none-eabi/lib/thumb/v7e-m/nofp\libg_nano.a(lib_a-impure.o)
 *(.data_end .data_end.*)
 .data_end      0x20000d3c        0x4 ./system/src/newlib/_startup.o
                0x20000d40                . = ALIGN (0x4)
                0x20000d40                _edata = .
                0x20000d40                __data_end__ = .

.igot.plt       0x20000d40        0x0 load address 0x08008bc4
 .igot.plt      0x20000d40        0x0 ./system/src/stm32f4-hal/stm32f4xx_hal.o

.bss_CCMRAM     0x10000000        0x0
 *(.bss.CCMRAM .bss.CCMRAM.*)

.bss            0x20000d40      0x268
                0x20000d40                __bss_start__ = .
                0x20000d40                _sbss = .
 *(.bss_begin .bss_begin.*)
 .bss_begin     0x20000d40        0x4 ./system/src/newlib/_startup.o
 *(.bss .bss.*)
 .bss.current_heap_end.4004
                0x20000d44        0x4 ./system/src/newlib/_sbrk.o
 .bss.name.4373
                0x20000d48        0x1 ./system/src/newlib/_syscalls.o
 *fill*         0x20000d49        0x3 
 .bss.buf.5248  0x20000d4c       0x80 ./system/src/diag/Trace.o
 .bss.ADCread   0x20000dcc        0x2 ./src/main.o
                0x20000dcc                ADCread
 .bss.PORTRAIT  0x20000dce        0x1 ./src/main.o
                0x20000dce                PORTRAIT
 *fill*         0x20000dcf        0x1 
 .bss.cont      0x20000dd0        0x4 ./src/main.o
                0x20000dd0                cont
 .bss.__malloc_free_list
                0x20000dd4        0x4 c:/ciaa/ciaa_software_1.1-win/tools/arm-none-eabi-gcc/bin/../lib/gcc/arm-none-eabi/8.2.1/../../../../arm-none-eabi/lib/thumb/v7e-m/nofp\libg_nano.a(lib_a-nano-mallocr.o)
                0x20000dd4                __malloc_free_list
 .bss.__malloc_sbrk_start
                0x20000dd8        0x4 c:/ciaa/ciaa_software_1.1-win/tools/arm-none-eabi-gcc/bin/../lib/gcc/arm-none-eabi/8.2.1/../../../../arm-none-eabi/lib/thumb/v7e-m/nofp\libg_nano.a(lib_a-nano-mallocr.o)
                0x20000dd8                __malloc_sbrk_start
 *(COMMON)
 COMMON         0x20000ddc        0x4 ./system/src/stm32f4-hal/stm32f4xx_hal.o
                0x20000ddc                uwTick
 COMMON         0x20000de0       0x3c ./system/src/stm32f4-hal/stm32f4xx_hal_timebase_tim_template.o
                0x20000de0                TimHandle
 COMMON         0x20000e1c        0x4 ./system/src/newlib/_syscalls.o
                0x20000e1c                errno
 COMMON         0x20000e20       0xc4 ./src/_initialize_hardware.o
                0x20000e20                hadc1
                0x20000e68                huart1
                0x20000ea8                htim1
 COMMON         0x20000ee4       0xb4 ./src/main.o
                0x20000ee4                fch
                0x20000ee8                B_WR
                0x20000eec                fcl
                0x20000ef0                touch_y_bottom
                0x20000ef4                disp_y_size
                0x20000ef8                B_REST
                0x20000efc                B_CS
                0x20000f00                VH
                0x20000f04                P_SDA
                0x20000f08                touch_x_right
                0x20000f0c                display_model
                0x20000f10                disp_x_sizeT
                0x20000f14                default_orientation
                0x20000f18                prec
                0x20000f1c                display_transfer_mode
                0x20000f20                display_serial_mode
                0x20000f24                __p2
                0x20000f28                valor
                0x20000f2c                P_REST
                0x20000f30                P_SCL
                0x20000f34                _default_orientation
                0x20000f38                bcl
                0x20000f3a                valorx
                0x20000f3c                TP_Y
                0x20000f40                P_CS
                0x20000f44                touch_x_left
                0x20000f48                B_SCL
                0x20000f4c                bch
                0x20000f4d                _transparent
                0x20000f50                touch_y_top
                0x20000f54                B_ALE
                0x20000f58                __p3
                0x20000f5c                valortouch
                0x20000f60                P_WR
                0x20000f64                B_RS
                0x20000f68                cfont
                0x20000f70                SER
                0x20000f74                VL
                0x20000f78                B_SDA
                0x20000f7c                TP_X
                0x20000f7e                valory
                0x20000f80                __p5
                0x20000f84                P_RS
                0x20000f88                __p1
                0x20000f89                __p4
                0x20000f8c                disp_x_size
                0x20000f90                disp_y_sizeT
                0x20000f94                P_ALE
 COMMON         0x20000f98        0x9 c:/ciaa/ciaa_software_1.1-win/tools/arm-none-eabi-gcc/bin/../lib/gcc/arm-none-eabi/8.2.1/../../../../arm-none-eabi/lib/thumb/v7e-m/nofp\libg_nano.a(lib_a-lock.o)
                0x20000f98                __lock___atexit_recursive_mutex
                0x20000f99                __lock___arc4random_mutex
                0x20000f9a                __lock___env_recursive_mutex
                0x20000f9b                __lock___sinit_recursive_mutex
                0x20000f9c                __lock___malloc_recursive_mutex
                0x20000f9d                __lock___at_quick_exit_mutex
                0x20000f9e                __lock___dd_hash_mutex
                0x20000f9f                __lock___tz_mutex
                0x20000fa0                __lock___sfp_recursive_mutex
 *(.bss_end .bss_end.*)
 *fill*         0x20000fa1        0x3 
 .bss_end       0x20000fa4        0x4 ./system/src/newlib/_startup.o
                0x20000fa8                . = ALIGN (0x4)
                0x20000fa8                __bss_end__ = .
                0x20000fa8                _ebss = .

.noinit_CCMRAM
 *(.noinit.CCMRAM .noinit.CCMRAM.*)

.noinit         0x20000fa8        0x0
                0x20000fa8                _noinit = .
 *(.noinit .noinit.*)
                0x20000fa8                . = ALIGN (0x4)
                0x20000fa8                _end_noinit = .
                [!provide]                PROVIDE (end = _end_noinit)
                [!provide]                PROVIDE (_end = _end_noinit)
                [!provide]                PROVIDE (__end = _end_noinit)
                [!provide]                PROVIDE (__end__ = _end_noinit)

._check_stack   0x20000fa8      0x100
                0x200010a8                . = (. + _Minimum_Stack_Size)
 *fill*         0x20000fa8      0x100 

.b1text
 *(.b1text)
 *(.b1rodata)
 *(.b1rodata.*)

.eb0text
 *(.eb0text)
 *(.eb0rodata)
 *(.eb0rodata.*)

.eb1text
 *(.eb1text)
 *(.eb1rodata)
 *(.eb1rodata.*)

.eb2text
 *(.eb2text)
 *(.eb2rodata)
 *(.eb2rodata.*)

.eb3text
 *(.eb3text)
 *(.eb3rodata)
 *(.eb3rodata.*)

.stab
 *(.stab)

.stabstr
 *(.stabstr)

.stab.excl
 *(.stab.excl)

.stab.exclstr
 *(.stab.exclstr)

.stab.index
 *(.stab.index)

.stab.indexstr
 *(.stab.indexstr)

.comment        0x00000000       0x68
 *(.comment)
 .comment       0x00000000       0x68 ./system/src/stm32f4-hal/stm32f4xx_hal.o
                                 0x69 (size before relaxing)
 .comment       0x00000068       0x69 ./system/src/stm32f4-hal/stm32f4xx_hal_adc.o
 .comment       0x00000068       0x69 ./system/src/stm32f4-hal/stm32f4xx_hal_cortex.o
 .comment       0x00000068       0x69 ./system/src/stm32f4-hal/stm32f4xx_hal_gpio.o
 .comment       0x00000068       0x69 ./system/src/stm32f4-hal/stm32f4xx_hal_rcc.o
 .comment       0x00000068       0x69 ./system/src/stm32f4-hal/stm32f4xx_hal_tim.o
 .comment       0x00000068       0x69 ./system/src/stm32f4-hal/stm32f4xx_hal_tim_ex.o
 .comment       0x00000068       0x69 ./system/src/stm32f4-hal/stm32f4xx_hal_timebase_tim_template.o
 .comment       0x00000068       0x69 ./system/src/stm32f4-hal/stm32f4xx_hal_uart.o
 .comment       0x00000068       0x69 ./system/src/newlib/_exit.o
 .comment       0x00000068       0x69 ./system/src/newlib/_sbrk.o
 .comment       0x00000068       0x69 ./system/src/newlib/_startup.o
 .comment       0x00000068       0x69 ./system/src/newlib/_syscalls.o
 .comment       0x00000068       0x69 ./system/src/newlib/assert.o
 .comment       0x00000068       0x69 ./system/src/diag/Trace.o
 .comment       0x00000068       0x69 ./system/src/diag/trace_impl.o
 .comment       0x00000068       0x69 ./system/src/cortexm/_initialize_hardware.o
 .comment       0x00000068       0x69 ./system/src/cortexm/exception_handlers.o
 .comment       0x00000068       0x69 ./system/src/cmsis/system_stm32f4xx.o
 .comment       0x00000068       0x69 ./system/src/cmsis/vectors_stm32f407xx.o
 .comment       0x00000068       0x69 ./src/Timer.o
 .comment       0x00000068       0x69 ./src/_initialize_hardware.o
 .comment       0x00000068       0x69 ./src/main.o
 .comment       0x00000068       0x69 ./src/stm32f4xx_hal_msp.o

.ARM.attributes
                0x00000000       0x2c
 .ARM.attributes
                0x00000000       0x2e ./system/src/stm32f4-hal/stm32f4xx_hal.o
 .ARM.attributes
                0x0000002e       0x2e ./system/src/stm32f4-hal/stm32f4xx_hal_adc.o
 .ARM.attributes
                0x0000005c       0x2e ./system/src/stm32f4-hal/stm32f4xx_hal_cortex.o
 .ARM.attributes
                0x0000008a       0x2e ./system/src/stm32f4-hal/stm32f4xx_hal_gpio.o
 .ARM.attributes
                0x000000b8       0x2e ./system/src/stm32f4-hal/stm32f4xx_hal_rcc.o
 .ARM.attributes
                0x000000e6       0x2e ./system/src/stm32f4-hal/stm32f4xx_hal_tim.o
 .ARM.attributes
                0x00000114       0x2e ./system/src/stm32f4-hal/stm32f4xx_hal_tim_ex.o
 .ARM.attributes
                0x00000142       0x2e ./system/src/stm32f4-hal/stm32f4xx_hal_timebase_tim_template.o
 .ARM.attributes
                0x00000170       0x2e ./system/src/stm32f4-hal/stm32f4xx_hal_uart.o
 .ARM.attributes
                0x0000019e       0x2e ./system/src/newlib/_exit.o
 .ARM.attributes
                0x000001cc       0x2e ./system/src/newlib/_sbrk.o
 .ARM.attributes
                0x000001fa       0x2e ./system/src/newlib/_startup.o
 .ARM.attributes
                0x00000228       0x2e ./system/src/newlib/_syscalls.o
 .ARM.attributes
                0x00000256       0x2e ./system/src/newlib/assert.o
 .ARM.attributes
                0x00000284       0x2e ./system/src/diag/Trace.o
 .ARM.attributes
                0x000002b2       0x2e ./system/src/diag/trace_impl.o
 .ARM.attributes
                0x000002e0       0x2e ./system/src/cortexm/_initialize_hardware.o
 .ARM.attributes
                0x0000030e       0x2e ./system/src/cortexm/exception_handlers.o
 .ARM.attributes
                0x0000033c       0x2e ./system/src/cmsis/system_stm32f4xx.o
 .ARM.attributes
                0x0000036a       0x2e ./system/src/cmsis/vectors_stm32f407xx.o
 .ARM.attributes
                0x00000398       0x2e ./src/Timer.o
 .ARM.attributes
                0x000003c6       0x2e ./src/_initialize_hardware.o
 .ARM.attributes
                0x000003f4       0x2e ./src/main.o
 .ARM.attributes
                0x00000422       0x2e ./src/stm32f4xx_hal_msp.o
 .ARM.attributes
                0x00000450       0x2e c:/ciaa/ciaa_software_1.1-win/tools/arm-none-eabi-gcc/bin/../lib/gcc/arm-none-eabi/8.2.1/../../../../arm-none-eabi/lib/thumb/v7e-m/nofp\libm.a(lib_a-s_cos.o)
 .ARM.attributes
                0x0000047e       0x2e c:/ciaa/ciaa_software_1.1-win/tools/arm-none-eabi-gcc/bin/../lib/gcc/arm-none-eabi/8.2.1/../../../../arm-none-eabi/lib/thumb/v7e-m/nofp\libm.a(lib_a-s_sin.o)
 .ARM.attributes
                0x000004ac       0x2e c:/ciaa/ciaa_software_1.1-win/tools/arm-none-eabi-gcc/bin/../lib/gcc/arm-none-eabi/8.2.1/../../../../arm-none-eabi/lib/thumb/v7e-m/nofp\libm.a(lib_a-e_rem_pio2.o)
 .ARM.attributes
                0x000004da       0x2e c:/ciaa/ciaa_software_1.1-win/tools/arm-none-eabi-gcc/bin/../lib/gcc/arm-none-eabi/8.2.1/../../../../arm-none-eabi/lib/thumb/v7e-m/nofp\libm.a(lib_a-k_cos.o)
 .ARM.attributes
                0x00000508       0x2e c:/ciaa/ciaa_software_1.1-win/tools/arm-none-eabi-gcc/bin/../lib/gcc/arm-none-eabi/8.2.1/../../../../arm-none-eabi/lib/thumb/v7e-m/nofp\libm.a(lib_a-k_rem_pio2.o)
 .ARM.attributes
                0x00000536       0x2e c:/ciaa/ciaa_software_1.1-win/tools/arm-none-eabi-gcc/bin/../lib/gcc/arm-none-eabi/8.2.1/../../../../arm-none-eabi/lib/thumb/v7e-m/nofp\libm.a(lib_a-k_sin.o)
 .ARM.attributes
                0x00000564       0x2e c:/ciaa/ciaa_software_1.1-win/tools/arm-none-eabi-gcc/bin/../lib/gcc/arm-none-eabi/8.2.1/../../../../arm-none-eabi/lib/thumb/v7e-m/nofp\libm.a(lib_a-s_fabs.o)
 .ARM.attributes
                0x00000592       0x2e c:/ciaa/ciaa_software_1.1-win/tools/arm-none-eabi-gcc/bin/../lib/gcc/arm-none-eabi/8.2.1/../../../../arm-none-eabi/lib/thumb/v7e-m/nofp\libm.a(lib_a-s_floor.o)
 .ARM.attributes
                0x000005c0       0x2e c:/ciaa/ciaa_software_1.1-win/tools/arm-none-eabi-gcc/bin/../lib/gcc/arm-none-eabi/8.2.1/../../../../arm-none-eabi/lib/thumb/v7e-m/nofp\libm.a(lib_a-s_scalbn.o)
 .ARM.attributes
                0x000005ee       0x1e c:/ciaa/ciaa_software_1.1-win/tools/arm-none-eabi-gcc/bin/../lib/gcc/arm-none-eabi/8.2.1/thumb/v7e-m/nofp\libgcc.a(_arm_addsubdf3.o)
 .ARM.attributes
                0x0000060c       0x1e c:/ciaa/ciaa_software_1.1-win/tools/arm-none-eabi-gcc/bin/../lib/gcc/arm-none-eabi/8.2.1/thumb/v7e-m/nofp\libgcc.a(_arm_muldivdf3.o)
 .ARM.attributes
                0x0000062a       0x1e c:/ciaa/ciaa_software_1.1-win/tools/arm-none-eabi-gcc/bin/../lib/gcc/arm-none-eabi/8.2.1/thumb/v7e-m/nofp\libgcc.a(_arm_cmpdf2.o)
 .ARM.attributes
                0x00000648       0x1e c:/ciaa/ciaa_software_1.1-win/tools/arm-none-eabi-gcc/bin/../lib/gcc/arm-none-eabi/8.2.1/thumb/v7e-m/nofp\libgcc.a(_arm_fixdfsi.o)
 .ARM.attributes
                0x00000666       0x1e c:/ciaa/ciaa_software_1.1-win/tools/arm-none-eabi-gcc/bin/../lib/gcc/arm-none-eabi/8.2.1/thumb/v7e-m/nofp\libgcc.a(_arm_truncdfsf2.o)
 .ARM.attributes
                0x00000684       0x2e c:/ciaa/ciaa_software_1.1-win/tools/arm-none-eabi-gcc/bin/../lib/gcc/arm-none-eabi/8.2.1/../../../../arm-none-eabi/lib/thumb/v7e-m/nofp\libg_nano.a(lib_a-errno.o)
 .ARM.attributes
                0x000006b2       0x2e c:/ciaa/ciaa_software_1.1-win/tools/arm-none-eabi-gcc/bin/../lib/gcc/arm-none-eabi/8.2.1/../../../../arm-none-eabi/lib/thumb/v7e-m/nofp\libg_nano.a(lib_a-impure.o)
 .ARM.attributes
                0x000006e0       0x2e c:/ciaa/ciaa_software_1.1-win/tools/arm-none-eabi-gcc/bin/../lib/gcc/arm-none-eabi/8.2.1/../../../../arm-none-eabi/lib/thumb/v7e-m/nofp\libg_nano.a(lib_a-memcpy-stub.o)
 .ARM.attributes
                0x0000070e       0x2e c:/ciaa/ciaa_software_1.1-win/tools/arm-none-eabi-gcc/bin/../lib/gcc/arm-none-eabi/8.2.1/../../../../arm-none-eabi/lib/thumb/v7e-m/nofp\libg_nano.a(lib_a-memset.o)
 .ARM.attributes
                0x0000073c       0x2e c:/ciaa/ciaa_software_1.1-win/tools/arm-none-eabi-gcc/bin/../lib/gcc/arm-none-eabi/8.2.1/../../../../arm-none-eabi/lib/thumb/v7e-m/nofp\libg_nano.a(lib_a-sprintf.o)
 .ARM.attributes
                0x0000076a       0x2e c:/ciaa/ciaa_software_1.1-win/tools/arm-none-eabi-gcc/bin/../lib/gcc/arm-none-eabi/8.2.1/../../../../arm-none-eabi/lib/thumb/v7e-m/nofp\libg_nano.a(lib_a-strcat.o)
 .ARM.attributes
                0x00000798       0x17 c:/ciaa/ciaa_software_1.1-win/tools/arm-none-eabi-gcc/bin/../lib/gcc/arm-none-eabi/8.2.1/../../../../arm-none-eabi/lib/thumb/v7e-m/nofp\libg_nano.a(lib_a-strlen.o)
 .ARM.attributes
                0x000007af       0x2e c:/ciaa/ciaa_software_1.1-win/tools/arm-none-eabi-gcc/bin/../lib/gcc/arm-none-eabi/8.2.1/../../../../arm-none-eabi/lib/thumb/v7e-m/nofp\libg_nano.a(lib_a-vsnprintf.o)
 .ARM.attributes
                0x000007dd       0x2e c:/ciaa/ciaa_software_1.1-win/tools/arm-none-eabi-gcc/bin/../lib/gcc/arm-none-eabi/8.2.1/../../../../arm-none-eabi/lib/thumb/v7e-m/nofp\libg_nano.a(lib_a-nano-svfprintf.o)
 .ARM.attributes
                0x0000080b       0x2e c:/ciaa/ciaa_software_1.1-win/tools/arm-none-eabi-gcc/bin/../lib/gcc/arm-none-eabi/8.2.1/../../../../arm-none-eabi/lib/thumb/v7e-m/nofp\libg_nano.a(lib_a-nano-vfprintf_i.o)
 .ARM.attributes
                0x00000839       0x1c c:/ciaa/ciaa_software_1.1-win/tools/arm-none-eabi-gcc/bin/../lib/gcc/arm-none-eabi/8.2.1/../../../../arm-none-eabi/lib/thumb/v7e-m/nofp\libg_nano.a(lib_a-memchr.o)
 .ARM.attributes
                0x00000855       0x2e c:/ciaa/ciaa_software_1.1-win/tools/arm-none-eabi-gcc/bin/../lib/gcc/arm-none-eabi/8.2.1/../../../../arm-none-eabi/lib/thumb/v7e-m/nofp\libg_nano.a(lib_a-memmove.o)
 .ARM.attributes
                0x00000883       0x2e c:/ciaa/ciaa_software_1.1-win/tools/arm-none-eabi-gcc/bin/../lib/gcc/arm-none-eabi/8.2.1/../../../../arm-none-eabi/lib/thumb/v7e-m/nofp\libg_nano.a(lib_a-nano-freer.o)
 .ARM.attributes
                0x000008b1       0x2e c:/ciaa/ciaa_software_1.1-win/tools/arm-none-eabi-gcc/bin/../lib/gcc/arm-none-eabi/8.2.1/../../../../arm-none-eabi/lib/thumb/v7e-m/nofp\libg_nano.a(lib_a-nano-mallocr.o)
 .ARM.attributes
                0x000008df       0x2e c:/ciaa/ciaa_software_1.1-win/tools/arm-none-eabi-gcc/bin/../lib/gcc/arm-none-eabi/8.2.1/../../../../arm-none-eabi/lib/thumb/v7e-m/nofp\libg_nano.a(lib_a-nano-reallocr.o)
 .ARM.attributes
                0x0000090d       0x2e c:/ciaa/ciaa_software_1.1-win/tools/arm-none-eabi-gcc/bin/../lib/gcc/arm-none-eabi/8.2.1/../../../../arm-none-eabi/lib/thumb/v7e-m/nofp\libg_nano.a(lib_a-sbrkr.o)
 .ARM.attributes
                0x0000093b       0x2e c:/ciaa/ciaa_software_1.1-win/tools/arm-none-eabi-gcc/bin/../lib/gcc/arm-none-eabi/8.2.1/../../../../arm-none-eabi/lib/thumb/v7e-m/nofp\libg_nano.a(lib_a-mlock.o)
 .ARM.attributes
                0x00000969       0x2e c:/ciaa/ciaa_software_1.1-win/tools/arm-none-eabi-gcc/bin/../lib/gcc/arm-none-eabi/8.2.1/../../../../arm-none-eabi/lib/thumb/v7e-m/nofp\libg_nano.a(lib_a-nano-msizer.o)
 .ARM.attributes
                0x00000997       0x2e c:/ciaa/ciaa_software_1.1-win/tools/arm-none-eabi-gcc/bin/../lib/gcc/arm-none-eabi/8.2.1/../../../../arm-none-eabi/lib/thumb/v7e-m/nofp\libg_nano.a(lib_a-lock.o)

.debug
 *(.debug)

.line
 *(.line)

.debug_srcinfo
 *(.debug_srcinfo)

.debug_sfnames
 *(.debug_sfnames)

.debug_aranges  0x00000000      0xe30
 *(.debug_aranges)
 .debug_aranges
                0x00000000       0xc0 ./system/src/stm32f4-hal/stm32f4xx_hal.o
 .debug_aranges
                0x000000c0       0xe8 ./system/src/stm32f4-hal/stm32f4xx_hal_adc.o
 .debug_aranges
                0x000001a8       0x98 ./system/src/stm32f4-hal/stm32f4xx_hal_cortex.o
 .debug_aranges
                0x00000240       0x58 ./system/src/stm32f4-hal/stm32f4xx_hal_gpio.o
 .debug_aranges
                0x00000298       0x88 ./system/src/stm32f4-hal/stm32f4xx_hal_rcc.o
 .debug_aranges
                0x00000320      0x368 ./system/src/stm32f4-hal/stm32f4xx_hal_tim.o
 .debug_aranges
                0x00000688      0x140 ./system/src/stm32f4-hal/stm32f4xx_hal_tim_ex.o
 .debug_aranges
                0x000007c8       0x40 ./system/src/stm32f4-hal/stm32f4xx_hal_timebase_tim_template.o
 .debug_aranges
                0x00000808      0x168 ./system/src/stm32f4-hal/stm32f4xx_hal_uart.o
 .debug_aranges
                0x00000970       0x28 ./system/src/newlib/_exit.o
 .debug_aranges
                0x00000998       0x20 ./system/src/newlib/_sbrk.o
 .debug_aranges
                0x000009b8       0x40 ./system/src/newlib/_startup.o
 .debug_aranges
                0x000009f8       0x30 ./system/src/newlib/_syscalls.o
 .debug_aranges
                0x00000a28       0x28 ./system/src/newlib/assert.o
 .debug_aranges
                0x00000a50       0x38 ./system/src/diag/Trace.o
 .debug_aranges
                0x00000a88       0x30 ./system/src/diag/trace_impl.o
 .debug_aranges
                0x00000ab8       0x28 ./system/src/cortexm/_initialize_hardware.o
 .debug_aranges
                0x00000ae0       0x90 ./system/src/cortexm/exception_handlers.o
 .debug_aranges
                0x00000b70       0x28 ./system/src/cmsis/system_stm32f4xx.o
 .debug_aranges
                0x00000b98       0x20 ./system/src/cmsis/vectors_stm32f407xx.o
 .debug_aranges
                0x00000bb8       0x40 ./src/Timer.o
 .debug_aranges
                0x00000bf8       0x50 ./src/_initialize_hardware.o
 .debug_aranges
                0x00000c48      0x180 ./src/main.o
 .debug_aranges
                0x00000dc8       0x68 ./src/stm32f4xx_hal_msp.o

.debug_pubnames
 *(.debug_pubnames)

.debug_info     0x00000000    0x23742
 *(.debug_info .gnu.linkonce.wi.*)
 .debug_info    0x00000000     0x11fc ./system/src/stm32f4-hal/stm32f4xx_hal.o
 .debug_info    0x000011fc     0x1b93 ./system/src/stm32f4-hal/stm32f4xx_hal_adc.o
 .debug_info    0x00002d8f     0x1b3b ./system/src/stm32f4-hal/stm32f4xx_hal_cortex.o
 .debug_info    0x000048ca     0x11d9 ./system/src/stm32f4-hal/stm32f4xx_hal_gpio.o
 .debug_info    0x00005aa3     0x19ab ./system/src/stm32f4-hal/stm32f4xx_hal_rcc.o
 .debug_info    0x0000744e     0x50f8 ./system/src/stm32f4-hal/stm32f4xx_hal_tim.o
 .debug_info    0x0000c546     0x233f ./system/src/stm32f4-hal/stm32f4xx_hal_tim_ex.o
 .debug_info    0x0000e885     0x150a ./system/src/stm32f4-hal/stm32f4xx_hal_timebase_tim_template.o
 .debug_info    0x0000fd8f     0x20f8 ./system/src/stm32f4-hal/stm32f4xx_hal_uart.o
 .debug_info    0x00011e87      0x9e7 ./system/src/newlib/_exit.o
 .debug_info    0x0001286e      0x9d4 ./system/src/newlib/_sbrk.o
 .debug_info    0x00013242      0x591 ./system/src/newlib/_startup.o
 .debug_info    0x000137d3      0xab9 ./system/src/newlib/_syscalls.o
 .debug_info    0x0001428c      0xaaa ./system/src/newlib/assert.o
 .debug_info    0x00014d36      0xbdb ./system/src/diag/Trace.o
 .debug_info    0x00015911      0xc46 ./system/src/diag/trace_impl.o
 .debug_info    0x00016557      0xb7f ./system/src/cortexm/_initialize_hardware.o
 .debug_info    0x000170d6     0x1296 ./system/src/cortexm/exception_handlers.o
 .debug_info    0x0001836c      0xdad ./system/src/cmsis/system_stm32f4xx.o
 .debug_info    0x00019119       0xce ./system/src/cmsis/vectors_stm32f407xx.o
 .debug_info    0x000191e7     0x1b78 ./src/Timer.o
 .debug_info    0x0001ad5f     0x1d6c ./src/_initialize_hardware.o
 .debug_info    0x0001cacb     0x5058 ./src/main.o
 .debug_info    0x00021b23     0x1c1f ./src/stm32f4xx_hal_msp.o

.debug_abbrev   0x00000000     0x4782
 *(.debug_abbrev)
 .debug_abbrev  0x00000000      0x384 ./system/src/stm32f4-hal/stm32f4xx_hal.o
 .debug_abbrev  0x00000384      0x393 ./system/src/stm32f4-hal/stm32f4xx_hal_adc.o
 .debug_abbrev  0x00000717      0x479 ./system/src/stm32f4-hal/stm32f4xx_hal_cortex.o
 .debug_abbrev  0x00000b90      0x32f ./system/src/stm32f4-hal/stm32f4xx_hal_gpio.o
 .debug_abbrev  0x00000ebf      0x404 ./system/src/stm32f4-hal/stm32f4xx_hal_rcc.o
 .debug_abbrev  0x000012c3      0x32e ./system/src/stm32f4-hal/stm32f4xx_hal_tim.o
 .debug_abbrev  0x000015f1      0x32e ./system/src/stm32f4-hal/stm32f4xx_hal_tim_ex.o
 .debug_abbrev  0x0000191f      0x308 ./system/src/stm32f4-hal/stm32f4xx_hal_timebase_tim_template.o
 .debug_abbrev  0x00001c27      0x36f ./system/src/stm32f4-hal/stm32f4xx_hal_uart.o
 .debug_abbrev  0x00001f96      0x222 ./system/src/newlib/_exit.o
 .debug_abbrev  0x000021b8      0x232 ./system/src/newlib/_sbrk.o
 .debug_abbrev  0x000023ea      0x203 ./system/src/newlib/_startup.o
 .debug_abbrev  0x000025ed      0x26d ./system/src/newlib/_syscalls.o
 .debug_abbrev  0x0000285a      0x222 ./system/src/newlib/assert.o
 .debug_abbrev  0x00002a7c      0x2c6 ./system/src/diag/Trace.o
 .debug_abbrev  0x00002d42      0x34e ./system/src/diag/trace_impl.o
 .debug_abbrev  0x00003090      0x20a ./system/src/cortexm/_initialize_hardware.o
 .debug_abbrev  0x0000329a      0x372 ./system/src/cortexm/exception_handlers.o
 .debug_abbrev  0x0000360c      0x250 ./system/src/cmsis/system_stm32f4xx.o
 .debug_abbrev  0x0000385c       0xa5 ./system/src/cmsis/vectors_stm32f407xx.o
 .debug_abbrev  0x00003901      0x35a ./src/Timer.o
 .debug_abbrev  0x00003c5b      0x304 ./src/_initialize_hardware.o
 .debug_abbrev  0x00003f5f      0x52a ./src/main.o
 .debug_abbrev  0x00004489      0x2f9 ./src/stm32f4xx_hal_msp.o

.debug_line     0x00000000    0x18d3e
 *(.debug_line)
 .debug_line    0x00000000      0xcd3 ./system/src/stm32f4-hal/stm32f4xx_hal.o
 .debug_line    0x00000cd3     0x19df ./system/src/stm32f4-hal/stm32f4xx_hal_adc.o
 .debug_line    0x000026b2     0x1009 ./system/src/stm32f4-hal/stm32f4xx_hal_cortex.o
 .debug_line    0x000036bb     0x10a1 ./system/src/stm32f4-hal/stm32f4xx_hal_gpio.o
 .debug_line    0x0000475c     0x1586 ./system/src/stm32f4-hal/stm32f4xx_hal_rcc.o
 .debug_line    0x00005ce2     0x54a0 ./system/src/stm32f4-hal/stm32f4xx_hal_tim.o
 .debug_line    0x0000b182     0x1ccc ./system/src/stm32f4-hal/stm32f4xx_hal_tim_ex.o
 .debug_line    0x0000ce4e      0xb4f ./system/src/stm32f4-hal/stm32f4xx_hal_timebase_tim_template.o
 .debug_line    0x0000d99d     0x200c ./system/src/stm32f4-hal/stm32f4xx_hal_uart.o
 .debug_line    0x0000f9a9      0x362 ./system/src/newlib/_exit.o
 .debug_line    0x0000fd0b      0x353 ./system/src/newlib/_sbrk.o
 .debug_line    0x0001005e      0x5cc ./system/src/newlib/_startup.o
 .debug_line    0x0001062a      0x438 ./system/src/newlib/_syscalls.o
 .debug_line    0x00010a62      0x3a5 ./system/src/newlib/assert.o
 .debug_line    0x00010e07      0x43e ./system/src/diag/Trace.o
 .debug_line    0x00011245      0xb89 ./system/src/diag/trace_impl.o
 .debug_line    0x00011dce      0xa85 ./system/src/cortexm/_initialize_hardware.o
 .debug_line    0x00012853      0xd6b ./system/src/cortexm/exception_handlers.o
 .debug_line    0x000135be      0xb48 ./system/src/cmsis/system_stm32f4xx.o
 .debug_line    0x00014106      0x110 ./system/src/cmsis/vectors_stm32f407xx.o
 .debug_line    0x00014216      0xb97 ./src/Timer.o
 .debug_line    0x00014dad      0xdd7 ./src/_initialize_hardware.o
 .debug_line    0x00015b84     0x2552 ./src/main.o
 .debug_line    0x000180d6      0xc68 ./src/stm32f4xx_hal_msp.o

.debug_frame    0x00000000     0x2eb8
 *(.debug_frame)
 .debug_frame   0x00000000      0x188 ./system/src/stm32f4-hal/stm32f4xx_hal.o
 .debug_frame   0x00000188      0x2a0 ./system/src/stm32f4-hal/stm32f4xx_hal_adc.o
 .debug_frame   0x00000428      0x17c ./system/src/stm32f4-hal/stm32f4xx_hal_cortex.o
 .debug_frame   0x000005a4       0xfc ./system/src/stm32f4-hal/stm32f4xx_hal_gpio.o
 .debug_frame   0x000006a0      0x13c ./system/src/stm32f4-hal/stm32f4xx_hal_rcc.o
 .debug_frame   0x000007dc      0xa8c ./system/src/stm32f4-hal/stm32f4xx_hal_tim.o
 .debug_frame   0x00001268      0x3dc ./system/src/stm32f4-hal/stm32f4xx_hal_tim_ex.o
 .debug_frame   0x00001644       0x80 ./system/src/stm32f4-hal/stm32f4xx_hal_timebase_tim_template.o
 .debug_frame   0x000016c4      0x3e8 ./system/src/stm32f4-hal/stm32f4xx_hal_uart.o
 .debug_frame   0x00001aac       0x38 ./system/src/newlib/_exit.o
 .debug_frame   0x00001ae4       0x28 ./system/src/newlib/_sbrk.o
 .debug_frame   0x00001b0c       0x7c ./system/src/newlib/_startup.o
 .debug_frame   0x00001b88       0x50 ./system/src/newlib/_syscalls.o
 .debug_frame   0x00001bd8       0x40 ./system/src/newlib/assert.o
 .debug_frame   0x00001c18       0x94 ./system/src/diag/Trace.o
 .debug_frame   0x00001cac       0x64 ./system/src/diag/trace_impl.o
 .debug_frame   0x00001d10       0x40 ./system/src/cortexm/_initialize_hardware.o
 .debug_frame   0x00001d50      0x158 ./system/src/cortexm/exception_handlers.o
 .debug_frame   0x00001ea8       0x30 ./system/src/cmsis/system_stm32f4xx.o
 .debug_frame   0x00001ed8       0x20 ./system/src/cmsis/vectors_stm32f407xx.o
 .debug_frame   0x00001ef8       0x70 ./src/Timer.o
 .debug_frame   0x00001f68       0xdc ./src/_initialize_hardware.o
 .debug_frame   0x00002044      0x51c ./src/main.o
 .debug_frame   0x00002560       0xf8 ./src/stm32f4xx_hal_msp.o
 .debug_frame   0x00002658       0x38 c:/ciaa/ciaa_software_1.1-win/tools/arm-none-eabi-gcc/bin/../lib/gcc/arm-none-eabi/8.2.1/../../../../arm-none-eabi/lib/thumb/v7e-m/nofp\libm.a(lib_a-s_cos.o)
 .debug_frame   0x00002690       0x38 c:/ciaa/ciaa_software_1.1-win/tools/arm-none-eabi-gcc/bin/../lib/gcc/arm-none-eabi/8.2.1/../../../../arm-none-eabi/lib/thumb/v7e-m/nofp\libm.a(lib_a-s_sin.o)
 .debug_frame   0x000026c8       0x4c c:/ciaa/ciaa_software_1.1-win/tools/arm-none-eabi-gcc/bin/../lib/gcc/arm-none-eabi/8.2.1/../../../../arm-none-eabi/lib/thumb/v7e-m/nofp\libm.a(lib_a-e_rem_pio2.o)
 .debug_frame   0x00002714       0x4c c:/ciaa/ciaa_software_1.1-win/tools/arm-none-eabi-gcc/bin/../lib/gcc/arm-none-eabi/8.2.1/../../../../arm-none-eabi/lib/thumb/v7e-m/nofp\libm.a(lib_a-k_cos.o)
 .debug_frame   0x00002760       0x58 c:/ciaa/ciaa_software_1.1-win/tools/arm-none-eabi-gcc/bin/../lib/gcc/arm-none-eabi/8.2.1/../../../../arm-none-eabi/lib/thumb/v7e-m/nofp\libm.a(lib_a-k_rem_pio2.o)
 .debug_frame   0x000027b8       0x48 c:/ciaa/ciaa_software_1.1-win/tools/arm-none-eabi-gcc/bin/../lib/gcc/arm-none-eabi/8.2.1/../../../../arm-none-eabi/lib/thumb/v7e-m/nofp\libm.a(lib_a-k_sin.o)
 .debug_frame   0x00002800       0x20 c:/ciaa/ciaa_software_1.1-win/tools/arm-none-eabi-gcc/bin/../lib/gcc/arm-none-eabi/8.2.1/../../../../arm-none-eabi/lib/thumb/v7e-m/nofp\libm.a(lib_a-s_fabs.o)
 .debug_frame   0x00002820       0x30 c:/ciaa/ciaa_software_1.1-win/tools/arm-none-eabi-gcc/bin/../lib/gcc/arm-none-eabi/8.2.1/../../../../arm-none-eabi/lib/thumb/v7e-m/nofp\libm.a(lib_a-s_floor.o)
 .debug_frame   0x00002850       0x30 c:/ciaa/ciaa_software_1.1-win/tools/arm-none-eabi-gcc/bin/../lib/gcc/arm-none-eabi/8.2.1/../../../../arm-none-eabi/lib/thumb/v7e-m/nofp\libm.a(lib_a-s_scalbn.o)
 .debug_frame   0x00002880       0xac c:/ciaa/ciaa_software_1.1-win/tools/arm-none-eabi-gcc/bin/../lib/gcc/arm-none-eabi/8.2.1/thumb/v7e-m/nofp\libgcc.a(_arm_addsubdf3.o)
 .debug_frame   0x0000292c       0x50 c:/ciaa/ciaa_software_1.1-win/tools/arm-none-eabi-gcc/bin/../lib/gcc/arm-none-eabi/8.2.1/thumb/v7e-m/nofp\libgcc.a(_arm_muldivdf3.o)
 .debug_frame   0x0000297c       0xc4 c:/ciaa/ciaa_software_1.1-win/tools/arm-none-eabi-gcc/bin/../lib/gcc/arm-none-eabi/8.2.1/thumb/v7e-m/nofp\libgcc.a(_arm_cmpdf2.o)
 .debug_frame   0x00002a40       0x24 c:/ciaa/ciaa_software_1.1-win/tools/arm-none-eabi-gcc/bin/../lib/gcc/arm-none-eabi/8.2.1/thumb/v7e-m/nofp\libgcc.a(_arm_fixdfsi.o)
 .debug_frame   0x00002a64       0x24 c:/ciaa/ciaa_software_1.1-win/tools/arm-none-eabi-gcc/bin/../lib/gcc/arm-none-eabi/8.2.1/thumb/v7e-m/nofp\libgcc.a(_arm_truncdfsf2.o)
 .debug_frame   0x00002a88       0x20 c:/ciaa/ciaa_software_1.1-win/tools/arm-none-eabi-gcc/bin/../lib/gcc/arm-none-eabi/8.2.1/../../../../arm-none-eabi/lib/thumb/v7e-m/nofp\libg_nano.a(lib_a-errno.o)
 .debug_frame   0x00002aa8       0x28 c:/ciaa/ciaa_software_1.1-win/tools/arm-none-eabi-gcc/bin/../lib/gcc/arm-none-eabi/8.2.1/../../../../arm-none-eabi/lib/thumb/v7e-m/nofp\libg_nano.a(lib_a-memcpy-stub.o)
 .debug_frame   0x00002ad0       0x20 c:/ciaa/ciaa_software_1.1-win/tools/arm-none-eabi-gcc/bin/../lib/gcc/arm-none-eabi/8.2.1/../../../../arm-none-eabi/lib/thumb/v7e-m/nofp\libg_nano.a(lib_a-memset.o)
 .debug_frame   0x00002af0       0x6c c:/ciaa/ciaa_software_1.1-win/tools/arm-none-eabi-gcc/bin/../lib/gcc/arm-none-eabi/8.2.1/../../../../arm-none-eabi/lib/thumb/v7e-m/nofp\libg_nano.a(lib_a-sprintf.o)
 .debug_frame   0x00002b5c       0x28 c:/ciaa/ciaa_software_1.1-win/tools/arm-none-eabi-gcc/bin/../lib/gcc/arm-none-eabi/8.2.1/../../../../arm-none-eabi/lib/thumb/v7e-m/nofp\libg_nano.a(lib_a-strcat.o)
 .debug_frame   0x00002b84       0x4c c:/ciaa/ciaa_software_1.1-win/tools/arm-none-eabi-gcc/bin/../lib/gcc/arm-none-eabi/8.2.1/../../../../arm-none-eabi/lib/thumb/v7e-m/nofp\libg_nano.a(lib_a-vsnprintf.o)
 .debug_frame   0x00002bd0       0x90 c:/ciaa/ciaa_software_1.1-win/tools/arm-none-eabi-gcc/bin/../lib/gcc/arm-none-eabi/8.2.1/../../../../arm-none-eabi/lib/thumb/v7e-m/nofp\libg_nano.a(lib_a-nano-svfprintf.o)
 .debug_frame   0x00002c60       0x60 c:/ciaa/ciaa_software_1.1-win/tools/arm-none-eabi-gcc/bin/../lib/gcc/arm-none-eabi/8.2.1/../../../../arm-none-eabi/lib/thumb/v7e-m/nofp\libg_nano.a(lib_a-nano-vfprintf_i.o)
 .debug_frame   0x00002cc0       0x28 c:/ciaa/ciaa_software_1.1-win/tools/arm-none-eabi-gcc/bin/../lib/gcc/arm-none-eabi/8.2.1/../../../../arm-none-eabi/lib/thumb/v7e-m/nofp\libg_nano.a(lib_a-memmove.o)
 .debug_frame   0x00002ce8       0x38 c:/ciaa/ciaa_software_1.1-win/tools/arm-none-eabi-gcc/bin/../lib/gcc/arm-none-eabi/8.2.1/../../../../arm-none-eabi/lib/thumb/v7e-m/nofp\libg_nano.a(lib_a-nano-freer.o)
 .debug_frame   0x00002d20       0x30 c:/ciaa/ciaa_software_1.1-win/tools/arm-none-eabi-gcc/bin/../lib/gcc/arm-none-eabi/8.2.1/../../../../arm-none-eabi/lib/thumb/v7e-m/nofp\libg_nano.a(lib_a-nano-mallocr.o)
 .debug_frame   0x00002d50       0x3c c:/ciaa/ciaa_software_1.1-win/tools/arm-none-eabi-gcc/bin/../lib/gcc/arm-none-eabi/8.2.1/../../../../arm-none-eabi/lib/thumb/v7e-m/nofp\libg_nano.a(lib_a-nano-reallocr.o)
 .debug_frame   0x00002d8c       0x2c c:/ciaa/ciaa_software_1.1-win/tools/arm-none-eabi-gcc/bin/../lib/gcc/arm-none-eabi/8.2.1/../../../../arm-none-eabi/lib/thumb/v7e-m/nofp\libg_nano.a(lib_a-sbrkr.o)
 .debug_frame   0x00002db8       0x30 c:/ciaa/ciaa_software_1.1-win/tools/arm-none-eabi-gcc/bin/../lib/gcc/arm-none-eabi/8.2.1/../../../../arm-none-eabi/lib/thumb/v7e-m/nofp\libg_nano.a(lib_a-mlock.o)
 .debug_frame   0x00002de8       0x20 c:/ciaa/ciaa_software_1.1-win/tools/arm-none-eabi-gcc/bin/../lib/gcc/arm-none-eabi/8.2.1/../../../../arm-none-eabi/lib/thumb/v7e-m/nofp\libg_nano.a(lib_a-nano-msizer.o)
 .debug_frame   0x00002e08       0xb0 c:/ciaa/ciaa_software_1.1-win/tools/arm-none-eabi-gcc/bin/../lib/gcc/arm-none-eabi/8.2.1/../../../../arm-none-eabi/lib/thumb/v7e-m/nofp\libg_nano.a(lib_a-lock.o)

.debug_str      0x00000000    0x9e774
 *(.debug_str)
 .debug_str     0x00000000    0x97c11 ./system/src/stm32f4-hal/stm32f4xx_hal.o
                              0x98058 (size before relaxing)
 .debug_str     0x00097c11      0x68c ./system/src/stm32f4-hal/stm32f4xx_hal_adc.o
                              0x97c21 (size before relaxing)
 .debug_str     0x0009829d      0x366 ./system/src/stm32f4-hal/stm32f4xx_hal_cortex.o
                              0x97ed4 (size before relaxing)
 .debug_str     0x00098603      0x2dd ./system/src/stm32f4-hal/stm32f4xx_hal_gpio.o
                              0x978e5 (size before relaxing)
 .debug_str     0x000988e0      0x393 ./system/src/stm32f4-hal/stm32f4xx_hal_rcc.o
                              0x97a73 (size before relaxing)
 .debug_str     0x00098c73      0xe61 ./system/src/stm32f4-hal/stm32f4xx_hal_tim.o
                              0x9868d (size before relaxing)
 .debug_str     0x00099ad4      0x4e2 ./system/src/stm32f4-hal/stm32f4xx_hal_tim_ex.o
                              0x97f45 (size before relaxing)
 .debug_str     0x00099fb6       0x94 ./system/src/stm32f4-hal/stm32f4xx_hal_timebase_tim_template.o
                              0x980ab (size before relaxing)
 .debug_str     0x0009a04a      0x595 ./system/src/stm32f4-hal/stm32f4xx_hal_uart.o
                              0x97d77 (size before relaxing)
 .debug_str     0x0009a5df     0x10ff ./system/src/newlib/_exit.o
                               0x7ec0 (size before relaxing)
 .debug_str     0x0009b6de      0x4f5 ./system/src/newlib/_sbrk.o
                               0x7272 (size before relaxing)
 .debug_str     0x0009bbd3      0x2c6 ./system/src/newlib/_startup.o
                               0x6a13 (size before relaxing)
 .debug_str     0x0009be99      0xdef ./system/src/newlib/_syscalls.o
                               0x80be (size before relaxing)
 .debug_str     0x0009cc88       0xd0 ./system/src/newlib/assert.o
                               0x89c5 (size before relaxing)
 .debug_str     0x0009cd58      0x176 ./system/src/diag/Trace.o
                               0x8638 (size before relaxing)
 .debug_str     0x0009cece      0x37b ./system/src/diag/trace_impl.o
                              0x98802 (size before relaxing)
 .debug_str     0x0009d249       0x5e ./system/src/cortexm/_initialize_hardware.o
                              0x97594 (size before relaxing)
 .debug_str     0x0009d2a7      0x19d ./system/src/cortexm/exception_handlers.o
                              0x9898c (size before relaxing)
 .debug_str     0x0009d444       0x46 ./system/src/cmsis/system_stm32f4xx.o
                              0x97663 (size before relaxing)
 .debug_str     0x0009d48a       0x59 ./system/src/cmsis/vectors_stm32f407xx.o
                               0x3943 (size before relaxing)
 .debug_str     0x0009d4e3       0xb5 ./src/Timer.o
                              0x983a6 (size before relaxing)
 .debug_str     0x0009d598       0x99 ./src/_initialize_hardware.o
                              0x980fe (size before relaxing)
 .debug_str     0x0009d631     0x10fc ./src/main.o
                              0x99ff2 (size before relaxing)
 .debug_str     0x0009e72d       0x47 ./src/stm32f4xx_hal_msp.o
                              0x9833b (size before relaxing)

.debug_loc      0x00000000     0xa09a
 *(.debug_loc)
 .debug_loc     0x00000000       0xdb ./system/src/stm32f4-hal/stm32f4xx_hal.o
 .debug_loc     0x000000db      0x88f ./system/src/stm32f4-hal/stm32f4xx_hal_adc.o
 .debug_loc     0x0000096a      0x8cf ./system/src/stm32f4-hal/stm32f4xx_hal_cortex.o
 .debug_loc     0x00001239      0x683 ./system/src/stm32f4-hal/stm32f4xx_hal_gpio.o
 .debug_loc     0x000018bc      0x7a1 ./system/src/stm32f4-hal/stm32f4xx_hal_rcc.o
 .debug_loc     0x0000205d     0x2bca ./system/src/stm32f4-hal/stm32f4xx_hal_tim.o
 .debug_loc     0x00004c27      0xd0d ./system/src/stm32f4-hal/stm32f4xx_hal_tim_ex.o
 .debug_loc     0x00005934       0xeb ./system/src/stm32f4-hal/stm32f4xx_hal_timebase_tim_template.o
 .debug_loc     0x00005a1f     0x158e ./system/src/stm32f4-hal/stm32f4xx_hal_uart.o
 .debug_loc     0x00006fad       0x15 ./system/src/newlib/_exit.o
 .debug_loc     0x00006fc2       0x97 ./system/src/newlib/_sbrk.o
 .debug_loc     0x00007059      0x465 ./system/src/newlib/_startup.o
 .debug_loc     0x000074be       0x6f ./system/src/newlib/_syscalls.o
 .debug_loc     0x0000752d      0x160 ./system/src/newlib/assert.o
 .debug_loc     0x0000768d      0x118 ./system/src/diag/Trace.o
 .debug_loc     0x000077a5      0x1a1 ./system/src/diag/trace_impl.o
 .debug_loc     0x00007946      0x35c ./system/src/cortexm/exception_handlers.o
 .debug_loc     0x00007ca2      0x16c ./system/src/cmsis/system_stm32f4xx.o
 .debug_loc     0x00007e0e       0x63 ./src/Timer.o
 .debug_loc     0x00007e71     0x1fef ./src/main.o
 .debug_loc     0x00009e60      0x23a ./src/stm32f4xx_hal_msp.o

.debug_macinfo
 *(.debug_macinfo)

.debug_weaknames
 *(.debug_weaknames)

.debug_funcnames
 *(.debug_funcnames)

.debug_typenames
 *(.debug_typenames)

.debug_varnames
 *(.debug_varnames)
OUTPUT(TFinal_v1.0.elf elf32-littlearm)

.debug_ranges   0x00000000      0xeb0
 .debug_ranges  0x00000000       0xb0 ./system/src/stm32f4-hal/stm32f4xx_hal.o
 .debug_ranges  0x000000b0       0xd8 ./system/src/stm32f4-hal/stm32f4xx_hal_adc.o
 .debug_ranges  0x00000188       0xe8 ./system/src/stm32f4-hal/stm32f4xx_hal_cortex.o
 .debug_ranges  0x00000270       0x48 ./system/src/stm32f4-hal/stm32f4xx_hal_gpio.o
 .debug_ranges  0x000002b8       0x78 ./system/src/stm32f4-hal/stm32f4xx_hal_rcc.o
 .debug_ranges  0x00000330      0x358 ./system/src/stm32f4-hal/stm32f4xx_hal_tim.o
 .debug_ranges  0x00000688      0x130 ./system/src/stm32f4-hal/stm32f4xx_hal_tim_ex.o
 .debug_ranges  0x000007b8       0x30 ./system/src/stm32f4-hal/stm32f4xx_hal_timebase_tim_template.o
 .debug_ranges  0x000007e8      0x158 ./system/src/stm32f4-hal/stm32f4xx_hal_uart.o
 .debug_ranges  0x00000940       0x18 ./system/src/newlib/_exit.o
 .debug_ranges  0x00000958       0x10 ./system/src/newlib/_sbrk.o
 .debug_ranges  0x00000968       0x78 ./system/src/newlib/_startup.o
 .debug_ranges  0x000009e0       0x20 ./system/src/newlib/_syscalls.o
 .debug_ranges  0x00000a00       0x18 ./system/src/newlib/assert.o
 .debug_ranges  0x00000a18       0x28 ./system/src/diag/Trace.o
 .debug_ranges  0x00000a40       0x38 ./system/src/diag/trace_impl.o
 .debug_ranges  0x00000a78       0x18 ./system/src/cortexm/_initialize_hardware.o
 .debug_ranges  0x00000a90       0x98 ./system/src/cortexm/exception_handlers.o
 .debug_ranges  0x00000b28       0x18 ./system/src/cmsis/system_stm32f4xx.o
 .debug_ranges  0x00000b40       0x10 ./system/src/cmsis/vectors_stm32f407xx.o
 .debug_ranges  0x00000b50       0x30 ./src/Timer.o
 .debug_ranges  0x00000b80       0x40 ./src/_initialize_hardware.o
 .debug_ranges  0x00000bc0      0x298 ./src/main.o
 .debug_ranges  0x00000e58       0x58 ./src/stm32f4xx_hal_msp.o

.debug_macro    0x00000000    0x1e1c6
 .debug_macro   0x00000000      0x558 ./system/src/stm32f4-hal/stm32f4xx_hal.o
 .debug_macro   0x00000558      0xaa2 ./system/src/stm32f4-hal/stm32f4xx_hal.o
 .debug_macro   0x00000ffa      0x289 ./system/src/stm32f4-hal/stm32f4xx_hal.o
 .debug_macro   0x00001283       0x31 ./system/src/stm32f4-hal/stm32f4xx_hal.o
 .debug_macro   0x000012b4       0x28 ./system/src/stm32f4-hal/stm32f4xx_hal.o
 .debug_macro   0x000012dc      0x34e ./system/src/stm32f4-hal/stm32f4xx_hal.o
 .debug_macro   0x0000162a       0x35 ./system/src/stm32f4-hal/stm32f4xx_hal.o
 .debug_macro   0x0000165f       0x50 ./system/src/stm32f4-hal/stm32f4xx_hal.o
 .debug_macro   0x000016af      0xe66 ./system/src/stm32f4-hal/stm32f4xx_hal.o
 .debug_macro   0x00002515     0x93f9 ./system/src/stm32f4-hal/stm32f4xx_hal.o
 .debug_macro   0x0000b90e       0x43 ./system/src/stm32f4-hal/stm32f4xx_hal.o
 .debug_macro   0x0000b951     0x347f ./system/src/stm32f4-hal/stm32f4xx_hal.o
 .debug_macro   0x0000edd0       0x22 ./system/src/stm32f4-hal/stm32f4xx_hal.o
 .debug_macro   0x0000edf2       0x5e ./system/src/stm32f4-hal/stm32f4xx_hal.o
 .debug_macro   0x0000ee50       0x18 ./system/src/stm32f4-hal/stm32f4xx_hal.o
 .debug_macro   0x0000ee68       0x94 ./system/src/stm32f4-hal/stm32f4xx_hal.o
 .debug_macro   0x0000eefc       0x35 ./system/src/stm32f4-hal/stm32f4xx_hal.o
 .debug_macro   0x0000ef31       0x34 ./system/src/stm32f4-hal/stm32f4xx_hal.o
 .debug_macro   0x0000ef65       0x16 ./system/src/stm32f4-hal/stm32f4xx_hal.o
 .debug_macro   0x0000ef7b       0x57 ./system/src/stm32f4-hal/stm32f4xx_hal.o
 .debug_macro   0x0000efd2       0x97 ./system/src/stm32f4-hal/stm32f4xx_hal.o
 .debug_macro   0x0000f069      0x339 ./system/src/stm32f4-hal/stm32f4xx_hal.o
 .debug_macro   0x0000f3a2       0xfd ./system/src/stm32f4-hal/stm32f4xx_hal.o