Archive member included to satisfy reference by file (symbol)

c:/ciaa/ciaa_software_1.1-win/tools/arm-none-eabi-gcc/bin/../lib/gcc/arm-none-eabi/8.2.1/../../../../arm-none-eabi/lib/thumb/v7e-m/nofp\libg_nano.a(lib_a-errno.o)
                              ./system/src/newlib/_sbrk.o (__errno)
c:/ciaa/ciaa_software_1.1-win/tools/arm-none-eabi-gcc/bin/../lib/gcc/arm-none-eabi/8.2.1/../../../../arm-none-eabi/lib/thumb/v7e-m/nofp\libg_nano.a(lib_a-impure.o)
                              c:/ciaa/ciaa_software_1.1-win/tools/arm-none-eabi-gcc/bin/../lib/gcc/arm-none-eabi/8.2.1/../../../../arm-none-eabi/lib/thumb/v7e-m/nofp\libg_nano.a(lib_a-errno.o) (_impure_ptr)
c:/ciaa/ciaa_software_1.1-win/tools/arm-none-eabi-gcc/bin/../lib/gcc/arm-none-eabi/8.2.1/../../../../arm-none-eabi/lib/thumb/v7e-m/nofp\libg_nano.a(lib_a-memset.o)
                              ./src/_initialize_hardware.o (memset)
c:/ciaa/ciaa_software_1.1-win/tools/arm-none-eabi-gcc/bin/../lib/gcc/arm-none-eabi/8.2.1/../../../../arm-none-eabi/lib/thumb/v7e-m/nofp\libg_nano.a(lib_a-strlen.o)
                              ./system/src/diag/Trace.o (strlen)
c:/ciaa/ciaa_software_1.1-win/tools/arm-none-eabi-gcc/bin/../lib/gcc/arm-none-eabi/8.2.1/../../../../arm-none-eabi/lib/thumb/v7e-m/nofp\libg_nano.a(lib_a-vsnprintf.o)
                              ./system/src/diag/Trace.o (vsnprintf)
c:/ciaa/ciaa_software_1.1-win/tools/arm-none-eabi-gcc/bin/../lib/gcc/arm-none-eabi/8.2.1/../../../../arm-none-eabi/lib/thumb/v7e-m/nofp\libg_nano.a(lib_a-nano-svfprintf.o)
                              c:/ciaa/ciaa_software_1.1-win/tools/arm-none-eabi-gcc/bin/../lib/gcc/arm-none-eabi/8.2.1/../../../../arm-none-eabi/lib/thumb/v7e-m/nofp\libg_nano.a(lib_a-vsnprintf.o) (_svfprintf_r)
c:/ciaa/ciaa_software_1.1-win/tools/arm-none-eabi-gcc/bin/../lib/gcc/arm-none-eabi/8.2.1/../../../../arm-none-eabi/lib/thumb/v7e-m/nofp\libg_nano.a(lib_a-nano-vfprintf_i.o)
                              c:/ciaa/ciaa_software_1.1-win/tools/arm-none-eabi-gcc/bin/../lib/gcc/arm-none-eabi/8.2.1/../../../../arm-none-eabi/lib/thumb/v7e-m/nofp\libg_nano.a(lib_a-nano-svfprintf.o) (_printf_i)
c:/ciaa/ciaa_software_1.1-win/tools/arm-none-eabi-gcc/bin/../lib/gcc/arm-none-eabi/8.2.1/../../../../arm-none-eabi/lib/thumb/v7e-m/nofp\libg_nano.a(lib_a-memchr.o)
                              c:/ciaa/ciaa_software_1.1-win/tools/arm-none-eabi-gcc/bin/../lib/gcc/arm-none-eabi/8.2.1/../../../../arm-none-eabi/lib/thumb/v7e-m/nofp\libg_nano.a(lib_a-nano-svfprintf.o) (memchr)
c:/ciaa/ciaa_software_1.1-win/tools/arm-none-eabi-gcc/bin/../lib/gcc/arm-none-eabi/8.2.1/../../../../arm-none-eabi/lib/thumb/v7e-m/nofp\libg_nano.a(lib_a-memcpy-stub.o)
                              c:/ciaa/ciaa_software_1.1-win/tools/arm-none-eabi-gcc/bin/../lib/gcc/arm-none-eabi/8.2.1/../../../../arm-none-eabi/lib/thumb/v7e-m/nofp\libg_nano.a(lib_a-nano-svfprintf.o) (memcpy)
c:/ciaa/ciaa_software_1.1-win/tools/arm-none-eabi-gcc/bin/../lib/gcc/arm-none-eabi/8.2.1/../../../../arm-none-eabi/lib/thumb/v7e-m/nofp\libg_nano.a(lib_a-memmove.o)
                              c:/ciaa/ciaa_software_1.1-win/tools/arm-none-eabi-gcc/bin/../lib/gcc/arm-none-eabi/8.2.1/../../../../arm-none-eabi/lib/thumb/v7e-m/nofp\libg_nano.a(lib_a-nano-svfprintf.o) (memmove)
c:/ciaa/ciaa_software_1.1-win/tools/arm-none-eabi-gcc/bin/../lib/gcc/arm-none-eabi/8.2.1/../../../../arm-none-eabi/lib/thumb/v7e-m/nofp\libg_nano.a(lib_a-nano-freer.o)
                              c:/ciaa/ciaa_software_1.1-win/tools/arm-none-eabi-gcc/bin/../lib/gcc/arm-none-eabi/8.2.1/../../../../arm-none-eabi/lib/thumb/v7e-m/nofp\libg_nano.a(lib_a-nano-svfprintf.o) (_free_r)
c:/ciaa/ciaa_software_1.1-win/tools/arm-none-eabi-gcc/bin/../lib/gcc/arm-none-eabi/8.2.1/../../../../arm-none-eabi/lib/thumb/v7e-m/nofp\libg_nano.a(lib_a-nano-mallocr.o)
                              c:/ciaa/ciaa_software_1.1-win/tools/arm-none-eabi-gcc/bin/../lib/gcc/arm-none-eabi/8.2.1/../../../../arm-none-eabi/lib/thumb/v7e-m/nofp\libg_nano.a(lib_a-nano-svfprintf.o) (_malloc_r)
c:/ciaa/ciaa_software_1.1-win/tools/arm-none-eabi-gcc/bin/../lib/gcc/arm-none-eabi/8.2.1/../../../../arm-none-eabi/lib/thumb/v7e-m/nofp\libg_nano.a(lib_a-nano-reallocr.o)
                              c:/ciaa/ciaa_software_1.1-win/tools/arm-none-eabi-gcc/bin/../lib/gcc/arm-none-eabi/8.2.1/../../../../arm-none-eabi/lib/thumb/v7e-m/nofp\libg_nano.a(lib_a-nano-svfprintf.o) (_realloc_r)
c:/ciaa/ciaa_software_1.1-win/tools/arm-none-eabi-gcc/bin/../lib/gcc/arm-none-eabi/8.2.1/../../../../arm-none-eabi/lib/thumb/v7e-m/nofp\libg_nano.a(lib_a-sbrkr.o)
                              c:/ciaa/ciaa_software_1.1-win/tools/arm-none-eabi-gcc/bin/../lib/gcc/arm-none-eabi/8.2.1/../../../../arm-none-eabi/lib/thumb/v7e-m/nofp\libg_nano.a(lib_a-nano-mallocr.o) (_sbrk_r)
c:/ciaa/ciaa_software_1.1-win/tools/arm-none-eabi-gcc/bin/../lib/gcc/arm-none-eabi/8.2.1/../../../../arm-none-eabi/lib/thumb/v7e-m/nofp\libg_nano.a(lib_a-mlock.o)
[...]
Memory Configuration

Name             Origin             Length             Attributes
RAM              0x20000000         0x00020000         xrw
CCMRAM           0x10000000         0x00010000         xrw
FLASH            0x08000000         0x00100000         xr
FLASHB1          0x00000000         0x00000000         xr
EXTMEMB0         0x00000000         0x00000000         xr
EXTMEMB1         0x00000000         0x00000000         xr
EXTMEMB2         0x00000000         0x00000000         xr
EXTMEMB3         0x00000000         0x00000000         xr
MEMORY_ARRAY     0x20002000         0x00000020         xrw
*default*        0x00000000         0xffffffff

Linker script and memory map

LOAD ./system/src/stm32f4-hal/stm32f4xx_hal.o
LOAD ./system/src/stm32f4-hal/stm32f4xx_hal_adc.o
LOAD ./system/src/stm32f4-hal/stm32f4xx_hal_adc_ex.o
LOAD ./system/src/stm32f4-hal/stm32f4xx_hal_cortex.o
LOAD ./system/src/stm32f4-hal/stm32f4xx_hal_dfsdm.o
LOAD ./system/src/stm32f4-hal/stm32f4xx_hal_flash.o
LOAD ./system/src/stm32f4-hal/stm32f4xx_hal_gpio.o
LOAD ./system/src/stm32f4-hal/stm32f4xx_hal_iwdg.o
LOAD ./system/src/stm32f4-hal/stm32f4xx_hal_pwr.o
LOAD ./system/src/stm32f4-hal/stm32f4xx_hal_rcc.o
LOAD ./system/src/stm32f4-hal/stm32f4xx_hal_tim.o
LOAD ./system/src/stm32f4-hal/stm32f4xx_hal_tim_ex.o
LOAD ./system/src/stm32f4-hal/stm32f4xx_hal_timebase_tim_template.o
LOAD ./system/src/stm32f4-hal/stm32f4xx_hal_uart.o
LOAD ./system/src/stm32f4-hal/stm32f4xx_hal_usart.o
LOAD ./system/src/newlib/_cxx.o
LOAD ./system/src/newlib/_exit.o
LOAD ./system/src/newlib/_sbrk.o
LOAD ./system/src/newlib/_startup.o
LOAD ./system/src/newlib/_syscalls.o
LOAD ./system/src/newlib/assert.o
LOAD ./system/src/diag/Trace.o
LOAD ./system/src/diag/trace_impl.o
LOAD ./system/src/cortexm/_initialize_hardware.o
LOAD ./system/src/cortexm/_reset_hardware.o
LOAD ./system/src/cortexm/exception_handlers.o
LOAD ./system/src/cmsis/system_stm32f4xx.o
LOAD ./system/src/cmsis/vectors_stm32f407xx.o
LOAD ./src/Driverlcd.o
LOAD ./src/Timer.o
LOAD ./src/_initialize_hardware.o
LOAD ./src/main.o
LOAD ./src/stm32f4xx_hal_msp.o
LOAD c:/ciaa/ciaa_software_1.1-win/tools/arm-none-eabi-gcc/bin/../lib/gcc/arm-none-eabi/8.2.1/../../../../arm-none-eabi/lib/thumb/v7e-m/nofp\libstdc++_nano.a
LOAD c:/ciaa/ciaa_software_1.1-win/tools/arm-none-eabi-gcc/bin/../lib/gcc/arm-none-eabi/8.2.1/../../../../arm-none-eabi/lib/thumb/v7e-m/nofp\libm.a
START GROUP
LOAD c:/ciaa/ciaa_software_1.1-win/tools/arm-none-eabi-gcc/bin/../lib/gcc/arm-none-eabi/8.2.1/thumb/v7e-m/nofp\libgcc.a
LOAD c:/ciaa/ciaa_software_1.1-win/tools/arm-none-eabi-gcc/bin/../lib/gcc/arm-none-eabi/8.2.1/../../../../arm-none-eabi/lib/thumb/v7e-m/nofp\libg_nano.a
LOAD c:/ciaa/ciaa_software_1.1-win/tools/arm-none-eabi-gcc/bin/../lib/gcc/arm-none-eabi/8.2.1/../../../../arm-none-eabi/lib/thumb/v7e-m/nofp\libc_nano.a
END GROUP
START GROUP
LOAD c:/ciaa/ciaa_software_1.1-win/tools/arm-none-eabi-gcc/bin/../lib/gcc/arm-none-eabi/8.2.1/thumb/v7e-m/nofp\libgcc.a
LOAD c:/ciaa/ciaa_software_1.1-win/tools/arm-none-eabi-gcc/bin/../lib/gcc/arm-none-eabi/8.2.1/../../../../arm-none-eabi/lib/thumb/v7e-m/nofp\libc_nano.a
END GROUP
                0x20020000                __stack = (ORIGIN (RAM) + LENGTH (RAM))
                0x20020000                _estack = __stack
                0x00000400                __Main_Stack_Size = 0x400
                [!provide]                PROVIDE (_Main_Stack_Size = __Main_Stack_Size)
                0x2001fc00                __Main_Stack_Limit = (__stack - __Main_Stack_Size)
                [!provide]                PROVIDE (_Main_Stack_Limit = __Main_Stack_Limit)
                0x00000100                _Minimum_Stack_Size = 0x100
                0x20000238                PROVIDE (_Heap_Begin = _end_noinit)
                0x2001fc00                PROVIDE (_Heap_Limit = (__stack - __Main_Stack_Size))

.isr_vector     0x08000000      0x3e8
 FILL mask 0xff
                0x08000000                __vectors_start = ABSOLUTE (.)
                0x08000000                __vectors_start__ = ABSOLUTE (.)
 *(.isr_vector)
 .isr_vector    0x08000000      0x188 ./system/src/cmsis/vectors_stm32f407xx.o
                0x08000000                __isr_vectors
 *(.cfmconfig)
 *(.after_vectors .after_vectors.*)
 .after_vectors
                0x08000188      0x130 ./system/src/newlib/_startup.o
                0x08000188                _start
 .after_vectors
                0x080002b8      0x12c ./system/src/cortexm/exception_handlers.o
                0x080002b8                Reset_Handler
                0x080002be                NMI_Handler
                0x080002c2                HardFault_Handler
                0x080002d6                HardFault_Handler_C
                0x08000334                MemManage_Handler
                0x08000338                BusFault_Handler
                0x0800034c                BusFault_Handler_C
                0x08000380                UsageFault_Handler
                0x08000394                UsageFault_Handler_C
                0x080003c8                SVC_Handler
                0x080003cc                DebugMon_Handler
                0x080003d0                PendSV_Handler
 .after_vectors
                0x080003e4        0x4 ./system/src/cmsis/vectors_stm32f407xx.o
                0x080003e4                RTC_Alarm_IRQHandler
                0x080003e4                HASH_RNG_IRQHandler
                0x080003e4                EXTI2_IRQHandler
                0x080003e4                TIM8_CC_IRQHandler
                0x080003e4                TIM1_CC_IRQHandler
                0x080003e4                DMA2_Stream5_IRQHandler
                0x080003e4                DMA1_Stream5_IRQHandler
                0x080003e4                PVD_IRQHandler
                0x080003e4                SDIO_IRQHandler
                0x080003e4                TAMP_STAMP_IRQHandler
                0x080003e4                CAN2_RX1_IRQHandler
                0x080003e4                EXTI3_IRQHandler
                0x080003e4                TIM8_TRG_COM_TIM14_IRQHandler
                0x080003e4                TIM8_UP_TIM13_IRQHandler
                0x080003e4                I2C3_ER_IRQHandler
                0x080003e4                EXTI0_IRQHandler
                0x080003e4                I2C2_EV_IRQHandler
                0x080003e4                DMA1_Stream2_IRQHandler
                0x080003e4                CAN1_RX0_IRQHandler
                0x080003e4                FPU_IRQHandler
                0x080003e4                OTG_HS_WKUP_IRQHandler
                0x080003e4                CAN2_SCE_IRQHandler
                0x080003e4                DMA2_Stream2_IRQHandler
                0x080003e4                SPI1_IRQHandler
                0x080003e4                TIM1_BRK_TIM9_IRQHandler
                0x080003e4                DCMI_IRQHandler
                0x080003e4                CAN2_RX0_IRQHandler
                0x080003e4                DMA2_Stream3_IRQHandler
                0x080003e4                USART6_IRQHandler
                0x080003e4                USART3_IRQHandler
                0x080003e4                CAN1_RX1_IRQHandler
                0x080003e4                UART5_IRQHandler
                0x080003e4                DMA2_Stream0_IRQHandler
                0x080003e4                TIM4_IRQHandler
                0x080003e4                I2C1_EV_IRQHandler
                0x080003e4                DMA1_Stream6_IRQHandler
                0x080003e4                DMA1_Stream1_IRQHandler
                0x080003e4                UART4_IRQHandler
                0x080003e4                TIM3_IRQHandler
                0x080003e4                RCC_IRQHandler
                0x080003e4                TIM8_BRK_TIM12_IRQHandler
                0x080003e4                Default_Handler
                0x080003e4                EXTI15_10_IRQHandler
                0x080003e4                ADC_IRQHandler
                0x080003e4                DMA1_Stream7_IRQHandler
                0x080003e4                TIM7_IRQHandler
                0x080003e4                CAN2_TX_IRQHandler
                0x080003e4                TIM5_IRQHandler
                0x080003e4                DMA2_Stream7_IRQHandler
                0x080003e4                I2C3_EV_IRQHandler
                0x080003e4                EXTI9_5_IRQHandler
                0x080003e4                RTC_WKUP_IRQHandler
                0x080003e4                ETH_WKUP_IRQHandler
                0x080003e4                SPI2_IRQHandler
                0x080003e4                OTG_HS_EP1_IN_IRQHandler
                0x080003e4                DMA1_Stream0_IRQHandler
                0x080003e4                CAN1_TX_IRQHandler
                0x080003e4                EXTI4_IRQHandler
                0x080003e4                ETH_IRQHandler
                0x080003e4                OTG_HS_EP1_OUT_IRQHandler
                0x080003e4                WWDG_IRQHandler
                0x080003e4                TIM2_IRQHandler
                0x080003e4                OTG_FS_WKUP_IRQHandler
                0x080003e4                TIM1_TRG_COM_TIM11_IRQHandler
                0x080003e4                OTG_HS_IRQHandler
                0x080003e4                EXTI1_IRQHandler
                0x080003e4                USART2_IRQHandler
                0x080003e4                I2C2_ER_IRQHandler
                0x080003e4                DMA2_Stream1_IRQHandler
                0x080003e4                CAN1_SCE_IRQHandler
                0x080003e4                FLASH_IRQHandler
                0x080003e4                DMA2_Stream4_IRQHandler
                0x080003e4                USART1_IRQHandler
                0x080003e4                OTG_FS_IRQHandler
                0x080003e4                SPI3_IRQHandler
                0x080003e4                DMA1_Stream4_IRQHandler
                0x080003e4                I2C1_ER_IRQHandler
                0x080003e4                FMC_IRQHandler
                0x080003e4                DMA2_Stream6_IRQHandler
                0x080003e4                DMA1_Stream3_IRQHandler

.inits          0x080003e8       0x28
                0x080003e8                __data_regions_array_start = .
                0x080003e8        0x4 LONG 0x8003e74 LOADADDR (.data)
                0x080003ec        0x4 LONG 0x20000000 ADDR (.data)
                0x080003f0        0x4 LONG 0x20000084 (ADDR (.data) + SIZEOF (.data))
                0x080003f4        0x4 LONG 0x8003e74 LOADADDR (.data_CCMRAM)
                0x080003f8        0x4 LONG 0x10000000 ADDR (.data_CCMRAM)
                0x080003fc        0x4 LONG 0x10000000 (ADDR (.data_CCMRAM) + SIZEOF (.data_CCMRAM))
                0x08000400                __data_regions_array_end = .
                0x08000400                __bss_regions_array_start = .
                0x08000400        0x4 LONG 0x20000084 ADDR (.bss)
                0x08000404        0x4 LONG 0x20000238 (ADDR (.bss) + SIZEOF (.bss))
                0x08000408        0x4 LONG 0x10000000 ADDR (.bss_CCMRAM)
                0x0800040c        0x4 LONG 0x10000000 (ADDR (.bss_CCMRAM) + SIZEOF (.bss_CCMRAM))
                0x08000410                __bss_regions_array_end = .
 *(.init)
 *(.fini)
                0x08000410                . = ALIGN (0x4)
                0x08000410                PROVIDE (__preinit_array_start = .)
 *(.preinit_array_sysinit .preinit_array_sysinit.*)
 *(.preinit_array_platform .preinit_array_platform.*)
 *(.preinit_array .preinit_array.*)
                0x08000410                PROVIDE (__preinit_array_end = .)
                0x08000410                . = ALIGN (0x4)
                0x08000410                PROVIDE (__init_array_start = .)
 *(SORT_BY_NAME(.init_array.*))
 *(.init_array)
                0x08000410                PROVIDE (__init_array_end = .)
                0x08000410                . = ALIGN (0x4)
                0x08000410                PROVIDE (__fini_array_start = .)
 *(SORT_BY_NAME(.fini_array.*))
 *(.fini_array)
                0x08000410                PROVIDE (__fini_array_end = .)

.flashtext
 *(.flashtext .flashtext.*)

.text           0x08000410     0x3a63
 *(.text .text.*)
 .text.HAL_Init
                0x08000410       0x34 ./system/src/stm32f4-hal/stm32f4xx_hal.o
                0x08000410                HAL_Init
 .text.HAL_IncTick
                0x08000444       0x10 ./system/src/stm32f4-hal/stm32f4xx_hal.o
                0x08000444                HAL_IncTick
 .text.HAL_GetTick
                0x08000454        0xc ./system/src/stm32f4-hal/stm32f4xx_hal.o
                0x08000454                HAL_GetTick
 .text.ADC_Init
                0x08000460      0x158 ./system/src/stm32f4-hal/stm32f4xx_hal_adc.o
 .text.HAL_ADC_Init
                0x080005b8      0x1ec ./system/src/stm32f4-hal/stm32f4xx_hal_adc.o
                0x080005b8                HAL_ADC_Init
 .text.HAL_ADC_Start
                0x080007a4      0x134 ./system/src/stm32f4-hal/stm32f4xx_hal_adc.o
                0x080007a4                HAL_ADC_Start
 .text.HAL_ADC_PollForConversion
                0x080008d8       0xb6 ./system/src/stm32f4-hal/stm32f4xx_hal_adc.o
                0x080008d8                HAL_ADC_PollForConversion
 .text.HAL_ADC_GetValue
                0x0800098e        0x6 ./system/src/stm32f4-hal/stm32f4xx_hal_adc.o
                0x0800098e                HAL_ADC_GetValue
 .text.HAL_ADC_ConfigChannel
                0x08000994      0x1cc ./system/src/stm32f4-hal/stm32f4xx_hal_adc.o
                0x08000994                HAL_ADC_ConfigChannel
 .text.HAL_NVIC_SetPriorityGrouping
                0x08000b60       0x3c ./system/src/stm32f4-hal/stm32f4xx_hal_cortex.o
                0x08000b60                HAL_NVIC_SetPriorityGrouping
 .text.HAL_NVIC_SetPriority
                0x08000b9c       0x8c ./system/src/stm32f4-hal/stm32f4xx_hal_cortex.o
                0x08000b9c                HAL_NVIC_SetPriority
 .text.HAL_NVIC_EnableIRQ
                0x08000c28       0x2c ./system/src/stm32f4-hal/stm32f4xx_hal_cortex.o
                0x08000c28                HAL_NVIC_EnableIRQ
 .text.HAL_GPIO_Init
                0x08000c54      0x304 ./system/src/stm32f4-hal/stm32f4xx_hal_gpio.o
                0x08000c54                HAL_GPIO_Init
 .text.HAL_GPIO_WritePin
                0x08000f58       0x38 ./system/src/stm32f4-hal/stm32f4xx_hal_gpio.o
                0x08000f58                HAL_GPIO_WritePin
 .text.HAL_RCC_OscConfig
                0x08000f90      0x43c ./system/src/stm32f4-hal/stm32f4xx_hal_rcc.o
                0x08000f90                HAL_RCC_OscConfig
 .text.HAL_RCC_GetSysClockFreq
                0x080013cc       0x94 ./system/src/stm32f4-hal/stm32f4xx_hal_rcc.o
                0x080013cc                HAL_RCC_GetSysClockFreq
 .text.HAL_RCC_ClockConfig
                0x08001460      0x258 ./system/src/stm32f4-hal/stm32f4xx_hal_rcc.o
                0x08001460                HAL_RCC_ClockConfig
 .text.HAL_RCC_GetHCLKFreq
                0x080016b8        0xc ./system/src/stm32f4-hal/stm32f4xx_hal_rcc.o
                0x080016b8                HAL_RCC_GetHCLKFreq
 .text.HAL_RCC_GetPCLK1Freq
                0x080016c4       0x2c ./system/src/stm32f4-hal/stm32f4xx_hal_rcc.o
                0x080016c4                HAL_RCC_GetPCLK1Freq
 .text.HAL_RCC_GetPCLK2Freq
                0x080016f0       0x2c ./system/src/stm32f4-hal/stm32f4xx_hal_rcc.o
                0x080016f0                HAL_RCC_GetPCLK2Freq
 .text.HAL_RCC_GetClockConfig
                0x0800171c       0x3c ./system/src/stm32f4-hal/stm32f4xx_hal_rcc.o
                0x0800171c                HAL_RCC_GetClockConfig
 .text.TIM_TI1_ConfigInputStage
                0x08001758       0x24 ./system/src/stm32f4-hal/stm32f4xx_hal_tim.o
 .text.TIM_TI2_ConfigInputStage
                0x0800177c       0x26 ./system/src/stm32f4-hal/stm32f4xx_hal_tim.o
 .text.TIM_ITRx_SetConfig
                0x080017a2       0x10 ./system/src/stm32f4-hal/stm32f4xx_hal_tim.o
 .text.TIM_ETR_SetConfig
                0x080017b2       0x16 ./system/src/stm32f4-hal/stm32f4xx_hal_tim.o
 .text.HAL_TIM_Base_Start_IT
                0x080017c8       0x9c ./system/src/stm32f4-hal/stm32f4xx_hal_tim.o
                0x080017c8                HAL_TIM_Base_Start_IT
 .text.HAL_TIM_ConfigClockSource
                0x08001864      0x5c8 ./system/src/stm32f4-hal/stm32f4xx_hal_tim.o
                0x08001864                HAL_TIM_ConfigClockSource
 .text.HAL_TIM_OC_DelayElapsedCallback
                0x08001e2c        0x2 ./system/src/stm32f4-hal/stm32f4xx_hal_tim.o
                0x08001e2c                HAL_TIM_OC_DelayElapsedCallback
 .text.HAL_TIM_IC_CaptureCallback
                0x08001e2e        0x2 ./system/src/stm32f4-hal/stm32f4xx_hal_tim.o
                0x08001e2e                HAL_TIM_IC_CaptureCallback
 .text.HAL_TIM_PWM_PulseFinishedCallback
                0x08001e30        0x2 ./system/src/stm32f4-hal/stm32f4xx_hal_tim.o
                0x08001e30                HAL_TIM_PWM_PulseFinishedCallback
 .text.HAL_TIM_TriggerCallback
                0x08001e32        0x2 ./system/src/stm32f4-hal/stm32f4xx_hal_tim.o
                0x08001e32                HAL_TIM_TriggerCallback
 .text.HAL_TIM_IRQHandler
                0x08001e34      0x17a ./system/src/stm32f4-hal/stm32f4xx_hal_tim.o
                0x08001e34                HAL_TIM_IRQHandler
 *fill*         0x08001fae        0x2 
 .text.TIM_Base_SetConfig
                0x08001fb0       0xc0 ./system/src/stm32f4-hal/stm32f4xx_hal_tim.o
                0x08001fb0                TIM_Base_SetConfig
 .text.HAL_TIM_Base_Init
                0x08002070       0xf0 ./system/src/stm32f4-hal/stm32f4xx_hal_tim.o
                0x08002070                HAL_TIM_Base_Init
 .text.HAL_TIMEx_MasterConfigSynchronization
                0x08002160       0xf4 ./system/src/stm32f4-hal/stm32f4xx_hal_tim_ex.o
                0x08002160                HAL_TIMEx_MasterConfigSynchronization
 .text.HAL_TIMEx_CommutationCallback
                0x08002254        0x2 ./system/src/stm32f4-hal/stm32f4xx_hal_tim_ex.o
                0x08002254                HAL_TIMEx_CommutationCallback
 .text.HAL_TIMEx_BreakCallback
                0x08002256        0x2 ./system/src/stm32f4-hal/stm32f4xx_hal_tim_ex.o
                0x08002256                HAL_TIMEx_BreakCallback
 .text.HAL_InitTick
                0x08002258       0x88 ./system/src/stm32f4-hal/stm32f4xx_hal_timebase_tim_template.o
                0x08002258                HAL_InitTick
 .text.HAL_TIM_PeriodElapsedCallback
                0x080022e0        0x8 ./system/src/stm32f4-hal/stm32f4xx_hal_timebase_tim_template.o
                0x080022e0                HAL_TIM_PeriodElapsedCallback
 .text.TIM6_DAC_IRQHandler
                0x080022e8       0x10 ./system/src/stm32f4-hal/stm32f4xx_hal_timebase_tim_template.o
                0x080022e8                TIM6_DAC_IRQHandler
 .text.UART_SetConfig
                0x080022f8      0x3a0 ./system/src/stm32f4-hal/stm32f4xx_hal_uart.o
 .text.UART_WaitOnFlagUntilTimeout
                0x08002698       0x62 ./system/src/stm32f4-hal/stm32f4xx_hal_uart.o
 *fill*         0x080026fa        0x2 
 .text.HAL_UART_Init
                0x080026fc      0x124 ./system/src/stm32f4-hal/stm32f4xx_hal_uart.o
                0x080026fc                HAL_UART_Init
 .text.HAL_UART_Transmit
                0x08002820       0xda ./system/src/stm32f4-hal/stm32f4xx_hal_uart.o
                0x08002820                HAL_UART_Transmit
 .text._exit    0x080028fa        0x2 ./system/src/newlib/_exit.o
                0x080028fa                _exit
 .text.abort    0x080028fc       0x14 ./system/src/newlib/_exit.o
                0x080028fc                abort
 .text._sbrk    0x08002910       0x44 ./system/src/newlib/_sbrk.o
                0x08002910                _sbrk
 .text.__initialize_args
                0x08002954       0x10 ./system/src/newlib/_syscalls.o
                0x08002954                __initialize_args
 .text.assert_failed
                0x08002964       0x14 ./system/src/newlib/assert.o
                0x08002964                assert_failed
 .text.trace_printf
                0x08002978       0x34 ./system/src/diag/Trace.o
                0x08002978                trace_printf
 .text.trace_puts
                0x080029ac       0x20 ./system/src/diag/Trace.o
                0x080029ac                trace_puts
 .text._trace_write_semihosting_debug
                0x080029cc       0x60 ./system/src/diag/trace_impl.o
 .text.trace_write
                0x08002a2c        0x8 ./system/src/diag/trace_impl.o
                0x08002a2c                trace_write
 .text.__initialize_hardware_early
                0x08002a34       0x18 ./system/src/cortexm/_initialize_hardware.o
                0x08002a34                __initialize_hardware_early
 .text.dumpExceptionStack
                0x08002a4c       0xf4 ./system/src/cortexm/exception_handlers.o
                0x08002a4c                dumpExceptionStack
 .text.isSemihosting
                0x08002b40       0x20 ./system/src/cortexm/exception_handlers.o
                0x08002b40                isSemihosting
 .text.SystemInit
                0x08002b60       0x40 ./system/src/cmsis/system_stm32f4xx.o
                0x08002b60                SystemInit
 .text.SystemCoreClockUpdate
                0x08002ba0       0xa0 ./system/src/cmsis/system_stm32f4xx.o
                0x08002ba0                SystemCoreClockUpdate
 .text.timer_start
                0x08002c40       0x3c ./src/Timer.o
                0x08002c40                timer_start
 .text.SysTick_Handler
                0x08002c7c        0xc ./src/Timer.o
                0x08002c7c                SysTick_Handler
 .text.TIM1_UP_TIM10_IRQHandler
                0x08002c88       0x68 ./src/Timer.o
                0x08002c88                TIM1_UP_TIM10_IRQHandler
 .text.MX_GPIO_Init
                0x08002cf0       0xb4 ./src/_initialize_hardware.o
                0x08002cf0                MX_GPIO_Init
 .text.Error_Handler
                0x08002da4        0x4 ./src/_initialize_hardware.o
                0x08002da4                Error_Handler
 .text.SystemClock_Config
                0x08002da8       0xa4 ./src/_initialize_hardware.o
                0x08002da8                SystemClock_Config
 .text.MX_USART1_UART_Init
                0x08002e4c       0x34 ./src/_initialize_hardware.o
                0x08002e4c                MX_USART1_UART_Init
 .text.MX_ADC1_Init
                0x08002e80       0x64 ./src/_initialize_hardware.o
                0x08002e80                MX_ADC1_Init
 .text.MX_TIM1_Init
                0x08002ee4       0x6c ./src/_initialize_hardware.o
                0x08002ee4                MX_TIM1_Init
 .text.__initialize_hardware
                0x08002f50       0x20 ./src/_initialize_hardware.o
                0x08002f50                __initialize_hardware
 .text.main     0x08002f70       0x24 ./src/main.o
                0x08002f70                main
 .text.muestreo
                0x08002f94       0x70 ./src/main.o
                0x08002f94                muestreo
 .text.HAL_MspInit
                0x08003004        0x2 ./src/stm32f4xx_hal_msp.o
                0x08003004                HAL_MspInit
 *fill*         0x08003006        0x2 
 .text.HAL_TIM_Base_MspInit
                0x08003008       0xe4 ./src/stm32f4xx_hal_msp.o
                0x08003008                HAL_TIM_Base_MspInit
 .text.HAL_UART_MspInit
                0x080030ec       0x74 ./src/stm32f4xx_hal_msp.o
                0x080030ec                HAL_UART_MspInit
 .text.HAL_ADC_MspInit
                0x08003160       0x68 ./src/stm32f4xx_hal_msp.o
                0x08003160                HAL_ADC_MspInit
 .text.__errno  0x080031c8        0xc c:/ciaa/ciaa_software_1.1-win/tools/arm-none-eabi-gcc/bin/../lib/gcc/arm-none-eabi/8.2.1/../../../../arm-none-eabi/lib/thumb/v7e-m/nofp\libg_nano.a(lib_a-errno.o)
                0x080031c8                __errno
 .text.memset   0x080031d4       0x10 c:/ciaa/ciaa_software_1.1-win/tools/arm-none-eabi-gcc/bin/../lib/gcc/arm-none-eabi/8.2.1/../../../../arm-none-eabi/lib/thumb/v7e-m/nofp\libg_nano.a(lib_a-memset.o)
                0x080031d4                memset
 .text          0x080031e4       0x10 c:/ciaa/ciaa_software_1.1-win/tools/arm-none-eabi-gcc/bin/../lib/gcc/arm-none-eabi/8.2.1/../../../../arm-none-eabi/lib/thumb/v7e-m/nofp\libg_nano.a(lib_a-strlen.o)
                0x080031e4                strlen
 .text._vsnprintf_r
                0x080031f4       0x58 c:/ciaa/ciaa_software_1.1-win/tools/arm-none-eabi-gcc/bin/../lib/gcc/arm-none-eabi/8.2.1/../../../../arm-none-eabi/lib/thumb/v7e-m/nofp\libg_nano.a(lib_a-vsnprintf.o)
                0x080031f4                _vsniprintf_r
                0x080031f4                _vsnprintf_r
 .text.vsnprintf
                0x0800324c       0x1c c:/ciaa/ciaa_software_1.1-win/tools/arm-none-eabi-gcc/bin/../lib/gcc/arm-none-eabi/8.2.1/../../../../arm-none-eabi/lib/thumb/v7e-m/nofp\libg_nano.a(lib_a-vsnprintf.o)
                0x0800324c                vsniprintf
                0x0800324c                vsnprintf
 .text.__ssputs_r
                0x08003268       0xb6 c:/ciaa/ciaa_software_1.1-win/tools/arm-none-eabi-gcc/bin/../lib/gcc/arm-none-eabi/8.2.1/../../../../arm-none-eabi/lib/thumb/v7e-m/nofp\libg_nano.a(lib_a-nano-svfprintf.o)
                0x08003268                __ssputs_r
 *fill*         0x0800331e        0x2 
 .text._svfprintf_r
                0x08003320      0x1f0 c:/ciaa/ciaa_software_1.1-win/tools/arm-none-eabi-gcc/bin/../lib/gcc/arm-none-eabi/8.2.1/../../../../arm-none-eabi/lib/thumb/v7e-m/nofp\libg_nano.a(lib_a-nano-svfprintf.o)
                0x08003320                _svfiprintf_r
                0x08003320                _svfprintf_r
 .text._printf_common
                0x08003510       0xea c:/ciaa/ciaa_software_1.1-win/tools/arm-none-eabi-gcc/bin/../lib/gcc/arm-none-eabi/8.2.1/../../../../arm-none-eabi/lib/thumb/v7e-m/nofp\libg_nano.a(lib_a-nano-vfprintf_i.o)
                0x08003510                _printf_common
 *fill*         0x080035fa        0x2 
 .text._printf_i
                0x080035fc      0x228 c:/ciaa/ciaa_software_1.1-win/tools/arm-none-eabi-gcc/bin/../lib/gcc/arm-none-eabi/8.2.1/../../../../arm-none-eabi/lib/thumb/v7e-m/nofp\libg_nano.a(lib_a-nano-vfprintf_i.o)
                0x080035fc                _printf_i
 *fill*         0x08003824        0xc 
 .text          0x08003830       0xa0 c:/ciaa/ciaa_software_1.1-win/tools/arm-none-eabi-gcc/bin/../lib/gcc/arm-none-eabi/8.2.1/../../../../arm-none-eabi/lib/thumb/v7e-m/nofp\libg_nano.a(lib_a-memchr.o)
                0x08003830                memchr
 .text.memcpy   0x080038d0       0x1c c:/ciaa/ciaa_software_1.1-win/tools/arm-none-eabi-gcc/bin/../lib/gcc/arm-none-eabi/8.2.1/../../../../arm-none-eabi/lib/thumb/v7e-m/nofp\libg_nano.a(lib_a-memcpy-stub.o)
                0x080038d0                memcpy
 .text.memmove  0x080038ec       0x34 c:/ciaa/ciaa_software_1.1-win/tools/arm-none-eabi-gcc/bin/../lib/gcc/arm-none-eabi/8.2.1/../../../../arm-none-eabi/lib/thumb/v7e-m/nofp\libg_nano.a(lib_a-memmove.o)
                0x080038ec                memmove
 .text._free_r  0x08003920       0x9c c:/ciaa/ciaa_software_1.1-win/tools/arm-none-eabi-gcc/bin/../lib/gcc/arm-none-eabi/8.2.1/../../../../arm-none-eabi/lib/thumb/v7e-m/nofp\libg_nano.a(lib_a-nano-freer.o)
                0x08003920                _free_r
 .text._malloc_r
                0x080039bc       0xb4 c:/ciaa/ciaa_software_1.1-win/tools/arm-none-eabi-gcc/bin/../lib/gcc/arm-none-eabi/8.2.1/../../../../arm-none-eabi/lib/thumb/v7e-m/nofp\libg_nano.a(lib_a-nano-mallocr.o)
                0x080039bc                _malloc_r
 .text._realloc_r
                0x08003a70       0x4c c:/ciaa/ciaa_software_1.1-win/tools/arm-none-eabi-gcc/bin/../lib/gcc/arm-none-eabi/8.2.1/../../../../arm-none-eabi/lib/thumb/v7e-m/nofp\libg_nano.a(lib_a-nano-reallocr.o)
                0x08003a70                _realloc_r
 .text._sbrk_r  0x08003abc       0x20 c:/ciaa/ciaa_software_1.1-win/tools/arm-none-eabi-gcc/bin/../lib/gcc/arm-none-eabi/8.2.1/../../../../arm-none-eabi/lib/thumb/v7e-m/nofp\libg_nano.a(lib_a-sbrkr.o)
                0x08003abc                _sbrk_r
 .text.__malloc_lock
                0x08003adc        0xc c:/ciaa/ciaa_software_1.1-win/tools/arm-none-eabi-gcc/bin/../lib/gcc/arm-none-eabi/8.2.1/../../../../arm-none-eabi/lib/thumb/v7e-m/nofp\libg_nano.a(lib_a-mlock.o)
                0x08003adc                __malloc_lock
 .text.__malloc_unlock
                0x08003ae8        0xc c:/ciaa/ciaa_software_1.1-win/tools/arm-none-eabi-gcc/bin/../lib/gcc/arm-none-eabi/8.2.1/../../../../arm-none-eabi/lib/thumb/v7e-m/nofp\libg_nano.a(lib_a-mlock.o)
                0x08003ae8                __malloc_unlock
 .text._malloc_usable_size_r
                0x08003af4       0x10 c:/ciaa/ciaa_software_1.1-win/tools/arm-none-eabi-gcc/bin/../lib/gcc/arm-none-eabi/8.2.1/../../../../arm-none-eabi/lib/thumb/v7e-m/nofp\libg_nano.a(lib_a-nano-msizer.o)
                0x08003af4                _malloc_usable_size_r
 .text.__retarget_lock_acquire_recursive
                0x08003b04        0x2 c:/ciaa/ciaa_software_1.1-win/tools/arm-none-eabi-gcc/bin/../lib/gcc/arm-none-eabi/8.2.1/../../../../arm-none-eabi/lib/thumb/v7e-m/nofp\libg_nano.a(lib_a-lock.o)
                0x08003b04                __retarget_lock_acquire_recursive
 .text.__retarget_lock_release_recursive
                0x08003b06        0x2 c:/ciaa/ciaa_software_1.1-win/tools/arm-none-eabi-gcc/bin/../lib/gcc/arm-none-eabi/8.2.1/../../../../arm-none-eabi/lib/thumb/v7e-m/nofp\libg_nano.a(lib_a-lock.o)
                0x08003b06                __retarget_lock_release_recursive
 *(.rodata .rodata.* .constdata .constdata.*)
 .rodata.ADC_Init.str1.4
                0x08003b08       0x2e ./system/src/stm32f4-hal/stm32f4xx_hal_adc.o
 *fill*         0x08003b36        0x2 
 .rodata.HAL_NVIC_SetPriorityGrouping.str1.4
                0x08003b38       0x31 ./system/src/stm32f4-hal/stm32f4xx_hal_cortex.o
 *fill*         0x08003b69        0x3 
 .rodata.HAL_GPIO_Init.str1.4
                0x08003b6c       0x2f ./system/src/stm32f4-hal/stm32f4xx_hal_gpio.o
 *fill*         0x08003b9b        0x1 
 .rodata.APBAHBPrescTable
                0x08003b9c       0x10 ./system/src/stm32f4-hal/stm32f4xx_hal_rcc.o
                0x08003b9c                APBAHBPrescTable
 .rodata.HAL_RCC_OscConfig.str1.4
                0x08003bac       0x2e ./system/src/stm32f4-hal/stm32f4xx_hal_rcc.o
 *fill*         0x08003bda        0x2 
 .rodata.TIM_OC3_SetConfig.str1.4
                0x08003bdc       0x2e ./system/src/stm32f4-hal/stm32f4xx_hal_tim.o
 *fill*         0x08003c0a        0x2 
 .rodata.TIM_CCxNChannelCmd.str1.4
                0x08003c0c       0x31 ./system/src/stm32f4-hal/stm32f4xx_hal_tim_ex.o
 *fill*         0x08003c3d        0x3 
 .rodata.UART_SetConfig.str1.4
                0x08003c40       0x2f ./system/src/stm32f4-hal/stm32f4xx_hal_uart.o
 *fill*         0x08003c6f        0x1 
 .rodata.abort.str1.4
                0x08003c70       0x14 ./system/src/newlib/_exit.o
 .rodata.assert_failed.str1.4
                0x08003c84       0x2b ./system/src/newlib/assert.o
 .rodata.trace_puts.str1.4
                0x08003caf       0x2b ./system/src/diag/Trace.o
                                  0x2 (size before relaxing)
 *fill*         0x08003caf        0x1 
 .rodata.dumpExceptionStack.str1.4
                0x08003cb0      0x11a ./system/src/cortexm/exception_handlers.o
 *fill*         0x08003dca        0x2 
 .rodata.str1.4
                0x08003dcc       0x2a ./system/src/cortexm/exception_handlers.o
 *fill*         0x08003df6        0x2 
 .rodata.AHBPrescTable
                0x08003df8       0x10 ./system/src/cmsis/system_stm32f4xx.o
                0x08003df8                AHBPrescTable
 .rodata.TIM1_UP_TIM10_IRQHandler.str1.4
                0x08003e08        0xa ./src/Timer.o
 *fill*         0x08003e12        0x2 
 .rodata.main.str1.4
                0x08003e14       0x2c ./src/main.o
                                 0x29 (size before relaxing)
 .rodata._svfprintf_r.str1.1
                0x08003e40       0x11 c:/ciaa/ciaa_software_1.1-win/tools/arm-none-eabi-gcc/bin/../lib/gcc/arm-none-eabi/8.2.1/../../../../arm-none-eabi/lib/thumb/v7e-m/nofp\libg_nano.a(lib_a-nano-svfprintf.o)
 .rodata._printf_i.str1.1
                0x08003e51       0x22 c:/ciaa/ciaa_software_1.1-win/tools/arm-none-eabi-gcc/bin/../lib/gcc/arm-none-eabi/8.2.1/../../../../arm-none-eabi/lib/thumb/v7e-m/nofp\libg_nano.a(lib_a-nano-vfprintf_i.o)
 *(vtable)
 *(.eh_frame*)
 *(.glue_7)
 .glue_7        0x08003e73        0x0 linker stubs
 *(.glue_7t)
 .glue_7t       0x08003e73        0x0 linker stubs

.vfp11_veneer   0x08003e74        0x0
 .vfp11_veneer  0x08003e74        0x0 linker stubs

.v4_bx          0x08003e74        0x0
 .v4_bx         0x08003e74        0x0 linker stubs

.iplt           0x08003e74        0x0
 .iplt          0x08003e74        0x0 ./system/src/stm32f4-hal/stm32f4xx_hal.o

.rel.dyn        0x08003e74        0x0
 .rel.iplt      0x08003e74        0x0 ./system/src/stm32f4-hal/stm32f4xx_hal.o

.ARM.extab
 *(.ARM.extab* .gnu.linkonce.armextab.*)
                0x08003e74                . = ALIGN (0x4)
                0x08003e74                __exidx_start = .

.ARM.exidx
 *(.ARM.exidx* .gnu.linkonce.armexidx.*)
                0x08003e74                __exidx_end = .
                0x08003e74                . = ALIGN (0x4)
                0x08003e74                _etext = .
                0x08003e74                __etext = .

.data_CCMRAM    0x10000000        0x0 load address 0x08003e74
 FILL mask 0xff
 *(.data.CCMRAM .data.CCMRAM.*)
                0x10000000                . = ALIGN (0x4)
                0x08003e74                _sidata = LOADADDR (.data)

.data           0x20000000       0x84 load address 0x08003e74
 FILL mask 0xff
                0x20000000                _sdata = .
                0x20000000                __data_start__ = .
 *(.data_begin .data_begin.*)
 .data_begin    0x20000000        0x4 ./system/src/newlib/_startup.o
 *(.data .data.*)
 .data.argv.4374
                0x20000004        0x8 ./system/src/newlib/_syscalls.o
 .data.SystemCoreClock
                0x2000000c        0x4 ./system/src/cmsis/system_stm32f4xx.o
                0x2000000c                SystemCoreClock
 .data.D1       0x20000010        0x8 ./src/main.o
                0x20000010                D1
 .data.Fmuestreo
                0x20000018        0x4 ./src/main.o
                0x20000018                Fmuestreo
 .data._impure_ptr
                0x2000001c        0x4 c:/ciaa/ciaa_software_1.1-win/tools/arm-none-eabi-gcc/bin/../lib/gcc/arm-none-eabi/8.2.1/../../../../arm-none-eabi/lib/thumb/v7e-m/nofp\libg_nano.a(lib_a-impure.o)
                0x2000001c                _impure_ptr
 .data.impure_data
                0x20000020       0x60 c:/ciaa/ciaa_software_1.1-win/tools/arm-none-eabi-gcc/bin/../lib/gcc/arm-none-eabi/8.2.1/../../../../arm-none-eabi/lib/thumb/v7e-m/nofp\libg_nano.a(lib_a-impure.o)
 *(.data_end .data_end.*)
 .data_end      0x20000080        0x4 ./system/src/newlib/_startup.o
                0x20000084                . = ALIGN (0x4)
                0x20000084                _edata = .
                0x20000084                __data_end__ = .

.igot.plt       0x20000084        0x0 load address 0x08003ef8
 .igot.plt      0x20000084        0x0 ./system/src/stm32f4-hal/stm32f4xx_hal.o

.bss_CCMRAM     0x10000000        0x0
 *(.bss.CCMRAM .bss.CCMRAM.*)

.bss            0x20000084      0x1b4
                0x20000084                __bss_start__ = .
                0x20000084                _sbss = .
 *(.bss_begin .bss_begin.*)
 .bss_begin     0x20000084        0x4 ./system/src/newlib/_startup.o
 *(.bss .bss.*)
 .bss.current_heap_end.4004
                0x20000088        0x4 ./system/src/newlib/_sbrk.o
 .bss.name.4373
                0x2000008c        0x1 ./system/src/newlib/_syscalls.o
 *fill*         0x2000008d        0x3 
 .bss.buf.5248  0x20000090       0x80 ./system/src/diag/Trace.o
 .bss.ADCread   0x20000110        0x2 ./src/main.o
                0x20000110                ADCread
 *fill*         0x20000112        0x2 
 .bss.cont      0x20000114        0x4 ./src/main.o
                0x20000114                cont
 .bss.__malloc_free_list
                0x20000118        0x4 c:/ciaa/ciaa_software_1.1-win/tools/arm-none-eabi-gcc/bin/../lib/gcc/arm-none-eabi/8.2.1/../../../../arm-none-eabi/lib/thumb/v7e-m/nofp\libg_nano.a(lib_a-nano-mallocr.o)
                0x20000118                __malloc_free_list
 .bss.__malloc_sbrk_start
                0x2000011c        0x4 c:/ciaa/ciaa_software_1.1-win/tools/arm-none-eabi-gcc/bin/../lib/gcc/arm-none-eabi/8.2.1/../../../../arm-none-eabi/lib/thumb/v7e-m/nofp\libg_nano.a(lib_a-nano-mallocr.o)
                0x2000011c                __malloc_sbrk_start
 *(COMMON)
 COMMON         0x20000120        0x4 ./system/src/stm32f4-hal/stm32f4xx_hal.o
                0x20000120                uwTick
 COMMON         0x20000124       0x3c ./system/src/stm32f4-hal/stm32f4xx_hal_timebase_tim_template.o
                0x20000124                TimHandle
 COMMON         0x20000160        0x4 ./system/src/newlib/_syscalls.o
                0x20000160                errno
 COMMON         0x20000164       0xc4 ./src/_initialize_hardware.o
                0x20000164                hadc1
                0x200001ac                huart1
                0x200001ec                htim1
 COMMON         0x20000228        0x9 c:/ciaa/ciaa_software_1.1-win/tools/arm-none-eabi-gcc/bin/../lib/gcc/arm-none-eabi/8.2.1/../../../../arm-none-eabi/lib/thumb/v7e-m/nofp\libg_nano.a(lib_a-lock.o)
                0x20000228                __lock___atexit_recursive_mutex
                0x20000229                __lock___arc4random_mutex
                0x2000022a                __lock___env_recursive_mutex
                0x2000022b                __lock___sinit_recursive_mutex
                0x2000022c                __lock___malloc_recursive_mutex
                0x2000022d                __lock___at_quick_exit_mutex
                0x2000022e                __lock___dd_hash_mutex
                0x2000022f                __lock___tz_mutex
                0x20000230                __lock___sfp_recursive_mutex
 *(.bss_end .bss_end.*)
 *fill*         0x20000231        0x3 
 .bss_end       0x20000234        0x4 ./system/src/newlib/_startup.o
                0x20000238                . = ALIGN (0x4)
                0x20000238                __bss_end__ = .
                0x20000238                _ebss = .

.noinit_CCMRAM
 *(.noinit.CCMRAM .noinit.CCMRAM.*)

.noinit         0x20000238        0x0
                0x20000238                _noinit = .
 *(.noinit .noinit.*)
                0x20000238                . = ALIGN (0x4)
                0x20000238                _end_noinit = .
                [!provide]                PROVIDE (end = _end_noinit)
                [!provide]                PROVIDE (_end = _end_noinit)
                [!provide]                PROVIDE (__end = _end_noinit)
                [!provide]                PROVIDE (__end__ = _end_noinit)

._check_stack   0x20000238      0x100
                0x20000338                . = (. + _Minimum_Stack_Size)
 *fill*         0x20000238      0x100 

.b1text
 *(.b1text)
 *(.b1rodata)
 *(.b1rodata.*)

.eb0text
 *(.eb0text)
 *(.eb0rodata)
 *(.eb0rodata.*)

.eb1text
 *(.eb1text)
 *(.eb1rodata)
 *(.eb1rodata.*)

.eb2text
 *(.eb2text)
 *(.eb2rodata)
 *(.eb2rodata.*)

.eb3text
 *(.eb3text)
 *(.eb3rodata)
 *(.eb3rodata.*)

.stab
 *(.stab)

.stabstr
 *(.stabstr)

.stab.excl
 *(.stab.excl)

.stab.exclstr
 *(.stab.exclstr)

.stab.index
 *(.stab.index)

.stab.indexstr
 *(.stab.indexstr)

.comment        0x00000000       0x68
 *(.comment)
 .comment       0x00000000       0x68 ./system/src/stm32f4-hal/stm32f4xx_hal.o
                                 0x69 (size before relaxing)
 .comment       0x00000068       0x69 ./system/src/stm32f4-hal/stm32f4xx_hal_adc.o
 .comment       0x00000068       0x69 ./system/src/stm32f4-hal/stm32f4xx_hal_cortex.o
 .comment       0x00000068       0x69 ./system/src/stm32f4-hal/stm32f4xx_hal_gpio.o
 .comment       0x00000068       0x69 ./system/src/stm32f4-hal/stm32f4xx_hal_rcc.o
 .comment       0x00000068       0x69 ./system/src/stm32f4-hal/stm32f4xx_hal_tim.o
 .comment       0x00000068       0x69 ./system/src/stm32f4-hal/stm32f4xx_hal_tim_ex.o
 .comment       0x00000068       0x69 ./system/src/stm32f4-hal/stm32f4xx_hal_timebase_tim_template.o
 .comment       0x00000068       0x69 ./system/src/stm32f4-hal/stm32f4xx_hal_uart.o
 .comment       0x00000068       0x69 ./system/src/newlib/_exit.o
 .comment       0x00000068       0x69 ./system/src/newlib/_sbrk.o
 .comment       0x00000068       0x69 ./system/src/newlib/_startup.o
 .comment       0x00000068       0x69 ./system/src/newlib/_syscalls.o
 .comment       0x00000068       0x69 ./system/src/newlib/assert.o
 .comment       0x00000068       0x69 ./system/src/diag/Trace.o
 .comment       0x00000068       0x69 ./system/src/diag/trace_impl.o
 .comment       0x00000068       0x69 ./system/src/cortexm/_initialize_hardware.o
 .comment       0x00000068       0x69 ./system/src/cortexm/exception_handlers.o
 .comment       0x00000068       0x69 ./system/src/cmsis/system_stm32f4xx.o
 .comment       0x00000068       0x69 ./system/src/cmsis/vectors_stm32f407xx.o
 .comment       0x00000068       0x69 ./src/Timer.o
 .comment       0x00000068       0x69 ./src/_initialize_hardware.o
 .comment       0x00000068       0x69 ./src/main.o
 .comment       0x00000068       0x69 ./src/stm32f4xx_hal_msp.o

.ARM.attributes
                0x00000000       0x2c
 .ARM.attributes
                0x00000000       0x2e ./system/src/stm32f4-hal/stm32f4xx_hal.o
 .ARM.attributes
                0x0000002e       0x2e ./system/src/stm32f4-hal/stm32f4xx_hal_adc.o
 .ARM.attributes
                0x0000005c       0x2e ./system/src/stm32f4-hal/stm32f4xx_hal_cortex.o
 .ARM.attributes
                0x0000008a       0x2e ./system/src/stm32f4-hal/stm32f4xx_hal_gpio.o
 .ARM.attributes
                0x000000b8       0x2e ./system/src/stm32f4-hal/stm32f4xx_hal_rcc.o
 .ARM.attributes
                0x000000e6       0x2e ./system/src/stm32f4-hal/stm32f4xx_hal_tim.o
 .ARM.attributes
                0x00000114       0x2e ./system/src/stm32f4-hal/stm32f4xx_hal_tim_ex.o
 .ARM.attributes
                0x00000142       0x2e ./system/src/stm32f4-hal/stm32f4xx_hal_timebase_tim_template.o
 .ARM.attributes
                0x00000170       0x2e ./system/src/stm32f4-hal/stm32f4xx_hal_uart.o
 .ARM.attributes
                0x0000019e       0x2e ./system/src/newlib/_exit.o
 .ARM.attributes
                0x000001cc       0x2e ./system/src/newlib/_sbrk.o
 .ARM.attributes
                0x000001fa       0x2e ./system/src/newlib/_startup.o
 .ARM.attributes
                0x00000228       0x2e ./system/src/newlib/_syscalls.o
 .ARM.attributes
                0x00000256       0x2e ./system/src/newlib/assert.o
 .ARM.attributes
                0x00000284       0x2e ./system/src/diag/Trace.o
 .ARM.attributes
                0x000002b2       0x2e ./system/src/diag/trace_impl.o
 .ARM.attributes
                0x000002e0       0x2e ./system/src/cortexm/_initialize_hardware.o
 .ARM.attributes
                0x0000030e       0x2e ./system/src/cortexm/exception_handlers.o
 .ARM.attributes
                0x0000033c       0x2e ./system/src/cmsis/system_stm32f4xx.o
 .ARM.attributes
                0x0000036a       0x2e ./system/src/cmsis/vectors_stm32f407xx.o
 .ARM.attributes
                0x00000398       0x2e ./src/Timer.o
 .ARM.attributes
                0x000003c6       0x2e ./src/_initialize_hardware.o
 .ARM.attributes
                0x000003f4       0x2e ./src/main.o
 .ARM.attributes
                0x00000422       0x2e ./src/stm32f4xx_hal_msp.o
 .ARM.attributes
                0x00000450       0x2e c:/ciaa/ciaa_software_1.1-win/tools/arm-none-eabi-gcc/bin/../lib/gcc/arm-none-eabi/8.2.1/../../../../arm-none-eabi/lib/thumb/v7e-m/nofp\libg_nano.a(lib_a-errno.o)
 .ARM.attributes
                0x0000047e       0x2e c:/ciaa/ciaa_software_1.1-win/tools/arm-none-eabi-gcc/bin/../lib/gcc/arm-none-eabi/8.2.1/../../../../arm-none-eabi/lib/thumb/v7e-m/nofp\libg_nano.a(lib_a-impure.o)
 .ARM.attributes
                0x000004ac       0x2e c:/ciaa/ciaa_software_1.1-win/tools/arm-none-eabi-gcc/bin/../lib/gcc/arm-none-eabi/8.2.1/../../../../arm-none-eabi/lib/thumb/v7e-m/nofp\libg_nano.a(lib_a-memset.o)
 .ARM.attributes
                0x000004da       0x17 c:/ciaa/ciaa_software_1.1-win/tools/arm-none-eabi-gcc/bin/../lib/gcc/arm-none-eabi/8.2.1/../../../../arm-none-eabi/lib/thumb/v7e-m/nofp\libg_nano.a(lib_a-strlen.o)
 .ARM.attributes
                0x000004f1       0x2e c:/ciaa/ciaa_software_1.1-win/tools/arm-none-eabi-gcc/bin/../lib/gcc/arm-none-eabi/8.2.1/../../../../arm-none-eabi/lib/thumb/v7e-m/nofp\libg_nano.a(lib_a-vsnprintf.o)
 .ARM.attributes
                0x0000051f       0x2e c:/ciaa/ciaa_software_1.1-win/tools/arm-none-eabi-gcc/bin/../lib/gcc/arm-none-eabi/8.2.1/../../../../arm-none-eabi/lib/thumb/v7e-m/nofp\libg_nano.a(lib_a-nano-svfprintf.o)
 .ARM.attributes
                0x0000054d       0x2e c:/ciaa/ciaa_software_1.1-win/tools/arm-none-eabi-gcc/bin/../lib/gcc/arm-none-eabi/8.2.1/../../../../arm-none-eabi/lib/thumb/v7e-m/nofp\libg_nano.a(lib_a-nano-vfprintf_i.o)
 .ARM.attributes
                0x0000057b       0x1c c:/ciaa/ciaa_software_1.1-win/tools/arm-none-eabi-gcc/bin/../lib/gcc/arm-none-eabi/8.2.1/../../../../arm-none-eabi/lib/thumb/v7e-m/nofp\libg_nano.a(lib_a-memchr.o)
 .ARM.attributes
                0x00000597       0x2e c:/ciaa/ciaa_software_1.1-win/tools/arm-none-eabi-gcc/bin/../lib/gcc/arm-none-eabi/8.2.1/../../../../arm-none-eabi/lib/thumb/v7e-m/nofp\libg_nano.a(lib_a-memcpy-stub.o)
 .ARM.attributes
                0x000005c5       0x2e c:/ciaa/ciaa_software_1.1-win/tools/arm-none-eabi-gcc/bin/../lib/gcc/arm-none-eabi/8.2.1/../../../../arm-none-eabi/lib/thumb/v7e-m/nofp\libg_nano.a(lib_a-memmove.o)
 .ARM.attributes
                0x000005f3       0x2e c:/ciaa/ciaa_software_1.1-win/tools/arm-none-eabi-gcc/bin/../lib/gcc/arm-none-eabi/8.2.1/../../../../arm-none-eabi/lib/thumb/v7e-m/nofp\libg_nano.a(lib_a-nano-freer.o)
 .ARM.attributes
                0x00000621       0x2e c:/ciaa/ciaa_software_1.1-win/tools/arm-none-eabi-gcc/bin/../lib/gcc/arm-none-eabi/8.2.1/../../../../arm-none-eabi/lib/thumb/v7e-m/nofp\libg_nano.a(lib_a-nano-mallocr.o)
 .ARM.attributes
                0x0000064f       0x2e c:/ciaa/ciaa_software_1.1-win/tools/arm-none-eabi-gcc/bin/../lib/gcc/arm-none-eabi/8.2.1/../../../../arm-none-eabi/lib/thumb/v7e-m/nofp\libg_nano.a(lib_a-nano-reallocr.o)
 .ARM.attributes
                0x0000067d       0x2e c:/ciaa/ciaa_software_1.1-win/tools/arm-none-eabi-gcc/bin/../lib/gcc/arm-none-eabi/8.2.1/../../../../arm-none-eabi/lib/thumb/v7e-m/nofp\libg_nano.a(lib_a-sbrkr.o)
 .ARM.attributes
                0x000006ab       0x2e c:/ciaa/ciaa_software_1.1-win/tools/arm-none-eabi-gcc/bin/../lib/gcc/arm-none-eabi/8.2.1/../../../../arm-none-eabi/lib/thumb/v7e-m/nofp\libg_nano.a(lib_a-mlock.o)
 .ARM.attributes
                0x000006d9       0x2e c:/ciaa/ciaa_software_1.1-win/tools/arm-none-eabi-gcc/bin/../lib/gcc/arm-none-eabi/8.2.1/../../../../arm-none-eabi/lib/thumb/v7e-m/nofp\libg_nano.a(lib_a-nano-msizer.o)
 .ARM.attributes
                0x00000707       0x2e c:/ciaa/ciaa_software_1.1-win/tools/arm-none-eabi-gcc/bin/../lib/gcc/arm-none-eabi/8.2.1/../../../../arm-none-eabi/lib/thumb/v7e-m/nofp\libg_nano.a(lib_a-lock.o)

.debug
 *(.debug)

.line
 *(.line)

.debug_srcinfo
 *(.debug_srcinfo)

.debug_sfnames
 *(.debug_sfnames)

.debug_aranges  0x00000000      0xcd8
 *(.debug_aranges)
 .debug_aranges
                0x00000000       0xc0 ./system/src/stm32f4-hal/stm32f4xx_hal.o
 .debug_aranges
                0x000000c0       0xe8 ./system/src/stm32f4-hal/stm32f4xx_hal_adc.o
 .debug_aranges
                0x000001a8       0x98 ./system/src/stm32f4-hal/stm32f4xx_hal_cortex.o
 .debug_aranges
                0x00000240       0x58 ./system/src/stm32f4-hal/stm32f4xx_hal_gpio.o
 .debug_aranges
                0x00000298       0x88 ./system/src/stm32f4-hal/stm32f4xx_hal_rcc.o
 .debug_aranges
                0x00000320      0x368 ./system/src/stm32f4-hal/stm32f4xx_hal_tim.o
 .debug_aranges
                0x00000688      0x140 ./system/src/stm32f4-hal/stm32f4xx_hal_tim_ex.o
 .debug_aranges
                0x000007c8       0x40 ./system/src/stm32f4-hal/stm32f4xx_hal_timebase_tim_template.o
 .debug_aranges
                0x00000808      0x168 ./system/src/stm32f4-hal/stm32f4xx_hal_uart.o
 .debug_aranges
                0x00000970       0x28 ./system/src/newlib/_exit.o
 .debug_aranges
                0x00000998       0x20 ./system/src/newlib/_sbrk.o
 .debug_aranges
                0x000009b8       0x40 ./system/src/newlib/_startup.o
 .debug_aranges
                0x000009f8       0x30 ./system/src/newlib/_syscalls.o
 .debug_aranges
                0x00000a28       0x28 ./system/src/newlib/assert.o
 .debug_aranges
                0x00000a50       0x38 ./system/src/diag/Trace.o
 .debug_aranges
                0x00000a88       0x30 ./system/src/diag/trace_impl.o
 .debug_aranges
                0x00000ab8       0x28 ./system/src/cortexm/_initialize_hardware.o
 .debug_aranges
                0x00000ae0       0x90 ./system/src/cortexm/exception_handlers.o
 .debug_aranges
                0x00000b70       0x28 ./system/src/cmsis/system_stm32f4xx.o
 .debug_aranges
                0x00000b98       0x20 ./system/src/cmsis/vectors_stm32f407xx.o
 .debug_aranges
                0x00000bb8       0x40 ./src/Timer.o
 .debug_aranges
                0x00000bf8       0x50 ./src/_initialize_hardware.o
 .debug_aranges
                0x00000c48       0x28 ./src/main.o
 .debug_aranges
                0x00000c70       0x68 ./src/stm32f4xx_hal_msp.o

.debug_pubnames
 *(.debug_pubnames)

.debug_info     0x00000000    0x1fdce
 *(.debug_info .gnu.linkonce.wi.*)
 .debug_info    0x00000000     0x11fc ./system/src/stm32f4-hal/stm32f4xx_hal.o
 .debug_info    0x000011fc     0x1b93 ./system/src/stm32f4-hal/stm32f4xx_hal_adc.o
 .debug_info    0x00002d8f     0x1b3b ./system/src/stm32f4-hal/stm32f4xx_hal_cortex.o
 .debug_info    0x000048ca     0x11d9 ./system/src/stm32f4-hal/stm32f4xx_hal_gpio.o
 .debug_info    0x00005aa3     0x19ab ./system/src/stm32f4-hal/stm32f4xx_hal_rcc.o
 .debug_info    0x0000744e     0x50f8 ./system/src/stm32f4-hal/stm32f4xx_hal_tim.o
 .debug_info    0x0000c546     0x233f ./system/src/stm32f4-hal/stm32f4xx_hal_tim_ex.o
 .debug_info    0x0000e885     0x150a ./system/src/stm32f4-hal/stm32f4xx_hal_timebase_tim_template.o
 .debug_info    0x0000fd8f     0x20f8 ./system/src/stm32f4-hal/stm32f4xx_hal_uart.o
 .debug_info    0x00011e87      0x9e7 ./system/src/newlib/_exit.o
 .debug_info    0x0001286e      0x9d4 ./system/src/newlib/_sbrk.o
 .debug_info    0x00013242      0x591 ./system/src/newlib/_startup.o
 .debug_info    0x000137d3      0xab9 ./system/src/newlib/_syscalls.o
 .debug_info    0x0001428c      0xaaa ./system/src/newlib/assert.o
 .debug_info    0x00014d36      0xbdb ./system/src/diag/Trace.o
 .debug_info    0x00015911      0xc46 ./system/src/diag/trace_impl.o
 .debug_info    0x00016557      0xb7f ./system/src/cortexm/_initialize_hardware.o
 .debug_info    0x000170d6     0x1296 ./system/src/cortexm/exception_handlers.o
 .debug_info    0x0001836c      0xdad ./system/src/cmsis/system_stm32f4xx.o
 .debug_info    0x00019119       0xce ./system/src/cmsis/vectors_stm32f407xx.o
 .debug_info    0x000191e7     0x1b78 ./src/Timer.o
 .debug_info    0x0001ad5f     0x1c9a ./src/_initialize_hardware.o
 .debug_info    0x0001c9f9     0x17b6 ./src/main.o
 .debug_info    0x0001e1af     0x1c1f ./src/stm32f4xx_hal_msp.o

.debug_abbrev   0x00000000     0x4526
 *(.debug_abbrev)
 .debug_abbrev  0x00000000      0x384 ./system/src/stm32f4-hal/stm32f4xx_hal.o
 .debug_abbrev  0x00000384      0x393 ./system/src/stm32f4-hal/stm32f4xx_hal_adc.o
 .debug_abbrev  0x00000717      0x479 ./system/src/stm32f4-hal/stm32f4xx_hal_cortex.o
 .debug_abbrev  0x00000b90      0x32f ./system/src/stm32f4-hal/stm32f4xx_hal_gpio.o
 .debug_abbrev  0x00000ebf      0x404 ./system/src/stm32f4-hal/stm32f4xx_hal_rcc.o
 .debug_abbrev  0x000012c3      0x32e ./system/src/stm32f4-hal/stm32f4xx_hal_tim.o
 .debug_abbrev  0x000015f1      0x32e ./system/src/stm32f4-hal/stm32f4xx_hal_tim_ex.o
 .debug_abbrev  0x0000191f      0x308 ./system/src/stm32f4-hal/stm32f4xx_hal_timebase_tim_template.o
 .debug_abbrev  0x00001c27      0x36f ./system/src/stm32f4-hal/stm32f4xx_hal_uart.o
 .debug_abbrev  0x00001f96      0x222 ./system/src/newlib/_exit.o
 .debug_abbrev  0x000021b8      0x232 ./system/src/newlib/_sbrk.o
 .debug_abbrev  0x000023ea      0x203 ./system/src/newlib/_startup.o
 .debug_abbrev  0x000025ed      0x26d ./system/src/newlib/_syscalls.o
 .debug_abbrev  0x0000285a      0x222 ./system/src/newlib/assert.o
 .debug_abbrev  0x00002a7c      0x2c6 ./system/src/diag/Trace.o
 .debug_abbrev  0x00002d42      0x34e ./system/src/diag/trace_impl.o
 .debug_abbrev  0x00003090      0x20a ./system/src/cortexm/_initialize_hardware.o
 .debug_abbrev  0x0000329a      0x372 ./system/src/cortexm/exception_handlers.o
 .debug_abbrev  0x0000360c      0x250 ./system/src/cmsis/system_stm32f4xx.o
 .debug_abbrev  0x0000385c       0xa5 ./system/src/cmsis/vectors_stm32f407xx.o
 .debug_abbrev  0x00003901      0x35a ./src/Timer.o
 .debug_abbrev  0x00003c5b      0x2f3 ./src/_initialize_hardware.o
 .debug_abbrev  0x00003f4e      0x2df ./src/main.o
 .debug_abbrev  0x0000422d      0x2f9 ./src/stm32f4xx_hal_msp.o

.debug_line     0x00000000    0x172dc
 *(.debug_line)
 .debug_line    0x00000000      0xcd3 ./system/src/stm32f4-hal/stm32f4xx_hal.o
 .debug_line    0x00000cd3     0x19df ./system/src/stm32f4-hal/stm32f4xx_hal_adc.o
 .debug_line    0x000026b2     0x1009 ./system/src/stm32f4-hal/stm32f4xx_hal_cortex.o
 .debug_line    0x000036bb     0x10a1 ./system/src/stm32f4-hal/stm32f4xx_hal_gpio.o
 .debug_line    0x0000475c     0x1586 ./system/src/stm32f4-hal/stm32f4xx_hal_rcc.o
 .debug_line    0x00005ce2     0x54a0 ./system/src/stm32f4-hal/stm32f4xx_hal_tim.o
 .debug_line    0x0000b182     0x1ccc ./system/src/stm32f4-hal/stm32f4xx_hal_tim_ex.o
 .debug_line    0x0000ce4e      0xb4f ./system/src/stm32f4-hal/stm32f4xx_hal_timebase_tim_template.o
 .debug_line    0x0000d99d     0x200c ./system/src/stm32f4-hal/stm32f4xx_hal_uart.o
 .debug_line    0x0000f9a9      0x362 ./system/src/newlib/_exit.o
 .debug_line    0x0000fd0b      0x353 ./system/src/newlib/_sbrk.o
 .debug_line    0x0001005e      0x5cc ./system/src/newlib/_startup.o
 .debug_line    0x0001062a      0x438 ./system/src/newlib/_syscalls.o
 .debug_line    0x00010a62      0x3a5 ./system/src/newlib/assert.o
 .debug_line    0x00010e07      0x43e ./system/src/diag/Trace.o
 .debug_line    0x00011245      0xb89 ./system/src/diag/trace_impl.o
 .debug_line    0x00011dce      0xa85 ./system/src/cortexm/_initialize_hardware.o
 .debug_line    0x00012853      0xd6b ./system/src/cortexm/exception_handlers.o
 .debug_line    0x000135be      0xb48 ./system/src/cmsis/system_stm32f4xx.o
 .debug_line    0x00014106      0x110 ./system/src/cmsis/vectors_stm32f407xx.o
 .debug_line    0x00014216      0xb97 ./src/Timer.o
 .debug_line    0x00014dad      0xd6a ./src/_initialize_hardware.o
 .debug_line    0x00015b17      0xb5d ./src/main.o
 .debug_line    0x00016674      0xc68 ./src/stm32f4xx_hal_msp.o

.debug_frame    0x00000000     0x2510
 *(.debug_frame)
 .debug_frame   0x00000000      0x188 ./system/src/stm32f4-hal/stm32f4xx_hal.o
 .debug_frame   0x00000188      0x2a0 ./system/src/stm32f4-hal/stm32f4xx_hal_adc.o
 .debug_frame   0x00000428      0x17c ./system/src/stm32f4-hal/stm32f4xx_hal_cortex.o
 .debug_frame   0x000005a4       0xfc ./system/src/stm32f4-hal/stm32f4xx_hal_gpio.o
 .debug_frame   0x000006a0      0x13c ./system/src/stm32f4-hal/stm32f4xx_hal_rcc.o
 .debug_frame   0x000007dc      0xa8c ./system/src/stm32f4-hal/stm32f4xx_hal_tim.o
 .debug_frame   0x00001268      0x3dc ./system/src/stm32f4-hal/stm32f4xx_hal_tim_ex.o
 .debug_frame   0x00001644       0x80 ./system/src/stm32f4-hal/stm32f4xx_hal_timebase_tim_template.o
 .debug_frame   0x000016c4      0x3e8 ./system/src/stm32f4-hal/stm32f4xx_hal_uart.o
 .debug_frame   0x00001aac       0x38 ./system/src/newlib/_exit.o
 .debug_frame   0x00001ae4       0x28 ./system/src/newlib/_sbrk.o
 .debug_frame   0x00001b0c       0x7c ./system/src/newlib/_startup.o
 .debug_frame   0x00001b88       0x50 ./system/src/newlib/_syscalls.o
 .debug_frame   0x00001bd8       0x40 ./system/src/newlib/assert.o
 .debug_frame   0x00001c18       0x94 ./system/src/diag/Trace.o
 .debug_frame   0x00001cac       0x64 ./system/src/diag/trace_impl.o
 .debug_frame   0x00001d10       0x40 ./system/src/cortexm/_initialize_hardware.o
 .debug_frame   0x00001d50      0x158 ./system/src/cortexm/exception_handlers.o
 .debug_frame   0x00001ea8       0x30 ./system/src/cmsis/system_stm32f4xx.o
 .debug_frame   0x00001ed8       0x20 ./system/src/cmsis/vectors_stm32f407xx.o
 .debug_frame   0x00001ef8       0x70 ./src/Timer.o
 .debug_frame   0x00001f68       0xd4 ./src/_initialize_hardware.o
 .debug_frame   0x0000203c       0x40 ./src/main.o
 .debug_frame   0x0000207c       0xf8 ./src/stm32f4xx_hal_msp.o
 .debug_frame   0x00002174       0x20 c:/ciaa/ciaa_software_1.1-win/tools/arm-none-eabi-gcc/bin/../lib/gcc/arm-none-eabi/8.2.1/../../../../arm-none-eabi/lib/thumb/v7e-m/nofp\libg_nano.a(lib_a-errno.o)
 .debug_frame   0x00002194       0x20 c:/ciaa/ciaa_software_1.1-win/tools/arm-none-eabi-gcc/bin/../lib/gcc/arm-none-eabi/8.2.1/../../../../arm-none-eabi/lib/thumb/v7e-m/nofp\libg_nano.a(lib_a-memset.o)
 .debug_frame   0x000021b4       0x4c c:/ciaa/ciaa_software_1.1-win/tools/arm-none-eabi-gcc/bin/../lib/gcc/arm-none-eabi/8.2.1/../../../../arm-none-eabi/lib/thumb/v7e-m/nofp\libg_nano.a(lib_a-vsnprintf.o)
 .debug_frame   0x00002200       0x90 c:/ciaa/ciaa_software_1.1-win/tools/arm-none-eabi-gcc/bin/../lib/gcc/arm-none-eabi/8.2.1/../../../../arm-none-eabi/lib/thumb/v7e-m/nofp\libg_nano.a(lib_a-nano-svfprintf.o)
 .debug_frame   0x00002290       0x60 c:/ciaa/ciaa_software_1.1-win/tools/arm-none-eabi-gcc/bin/../lib/gcc/arm-none-eabi/8.2.1/../../../../arm-none-eabi/lib/thumb/v7e-m/nofp\libg_nano.a(lib_a-nano-vfprintf_i.o)
 .debug_frame   0x000022f0       0x28 c:/ciaa/ciaa_software_1.1-win/tools/arm-none-eabi-gcc/bin/../lib/gcc/arm-none-eabi/8.2.1/../../../../arm-none-eabi/lib/thumb/v7e-m/nofp\libg_nano.a(lib_a-memcpy-stub.o)
 .debug_frame   0x00002318       0x28 c:/ciaa/ciaa_software_1.1-win/tools/arm-none-eabi-gcc/bin/../lib/gcc/arm-none-eabi/8.2.1/../../../../arm-none-eabi/lib/thumb/v7e-m/nofp\libg_nano.a(lib_a-memmove.o)
 .debug_frame   0x00002340       0x38 c:/ciaa/ciaa_software_1.1-win/tools/arm-none-eabi-gcc/bin/../lib/gcc/arm-none-eabi/8.2.1/../../../../arm-none-eabi/lib/thumb/v7e-m/nofp\libg_nano.a(lib_a-nano-freer.o)
 .debug_frame   0x00002378       0x30 c:/ciaa/ciaa_software_1.1-win/tools/arm-none-eabi-gcc/bin/../lib/gcc/arm-none-eabi/8.2.1/../../../../arm-none-eabi/lib/thumb/v7e-m/nofp\libg_nano.a(lib_a-nano-mallocr.o)
 .debug_frame   0x000023a8       0x3c c:/ciaa/ciaa_software_1.1-win/tools/arm-none-eabi-gcc/bin/../lib/gcc/arm-none-eabi/8.2.1/../../../../arm-none-eabi/lib/thumb/v7e-m/nofp\libg_nano.a(lib_a-nano-reallocr.o)
 .debug_frame   0x000023e4       0x2c c:/ciaa/ciaa_software_1.1-win/tools/arm-none-eabi-gcc/bin/../lib/gcc/arm-none-eabi/8.2.1/../../../../arm-none-eabi/lib/thumb/v7e-m/nofp\libg_nano.a(lib_a-sbrkr.o)
 .debug_frame   0x00002410       0x30 c:/ciaa/ciaa_software_1.1-win/tools/arm-none-eabi-gcc/bin/../lib/gcc/arm-none-eabi/8.2.1/../../../../arm-none-eabi/lib/thumb/v7e-m/nofp\libg_nano.a(lib_a-mlock.o)
 .debug_frame   0x00002440       0x20 c:/ciaa/ciaa_software_1.1-win/tools/arm-none-eabi-gcc/bin/../lib/gcc/arm-none-eabi/8.2.1/../../../../arm-none-eabi/lib/thumb/v7e-m/nofp\libg_nano.a(lib_a-nano-msizer.o)
 .debug_frame   0x00002460       0xb0 c:/ciaa/ciaa_software_1.1-win/tools/arm-none-eabi-gcc/bin/../lib/gcc/arm-none-eabi/8.2.1/../../../../arm-none-eabi/lib/thumb/v7e-m/nofp\libg_nano.a(lib_a-lock.o)

.debug_str      0x00000000    0x9d6f0
 *(.debug_str)
 .debug_str     0x00000000    0x97c17 ./system/src/stm32f4-hal/stm32f4xx_hal.o
                              0x98058 (size before relaxing)
 .debug_str     0x00097c17      0x68c ./system/src/stm32f4-hal/stm32f4xx_hal_adc.o
                              0x97c21 (size before relaxing)
 .debug_str     0x000982a3      0x366 ./system/src/stm32f4-hal/stm32f4xx_hal_cortex.o
                              0x97ed4 (size before relaxing)
 .debug_str     0x00098609      0x2dd ./system/src/stm32f4-hal/stm32f4xx_hal_gpio.o
                              0x978e5 (size before relaxing)
 .debug_str     0x000988e6      0x393 ./system/src/stm32f4-hal/stm32f4xx_hal_rcc.o
                              0x97a73 (size before relaxing)
 .debug_str     0x00098c79      0xe61 ./system/src/stm32f4-hal/stm32f4xx_hal_tim.o
                              0x9868d (size before relaxing)
 .debug_str     0x00099ada      0x4e2 ./system/src/stm32f4-hal/stm32f4xx_hal_tim_ex.o
                              0x97f45 (size before relaxing)
 .debug_str     0x00099fbc       0x94 ./system/src/stm32f4-hal/stm32f4xx_hal_timebase_tim_template.o
                              0x980ab (size before relaxing)
 .debug_str     0x0009a050      0x595 ./system/src/stm32f4-hal/stm32f4xx_hal_uart.o
                              0x97d77 (size before relaxing)
 .debug_str     0x0009a5e5     0x10ff ./system/src/newlib/_exit.o
                               0x7ec0 (size before relaxing)
 .debug_str     0x0009b6e4      0x4f5 ./system/src/newlib/_sbrk.o
                               0x7272 (size before relaxing)
 .debug_str     0x0009bbd9      0x2c6 ./system/src/newlib/_startup.o
                               0x6a13 (size before relaxing)
 .debug_str     0x0009be9f      0xdef ./system/src/newlib/_syscalls.o
                               0x80be (size before relaxing)
 .debug_str     0x0009cc8e       0xd0 ./system/src/newlib/assert.o
                               0x89c5 (size before relaxing)
 .debug_str     0x0009cd5e      0x176 ./system/src/diag/Trace.o
                               0x8638 (size before relaxing)
 .debug_str     0x0009ced4      0x37b ./system/src/diag/trace_impl.o
                              0x98802 (size before relaxing)
 .debug_str     0x0009d24f       0x5e ./system/src/cortexm/_initialize_hardware.o
                              0x97594 (size before relaxing)
 .debug_str     0x0009d2ad      0x19d ./system/src/cortexm/exception_handlers.o
                              0x9898c (size before relaxing)
 .debug_str     0x0009d44a       0x46 ./system/src/cmsis/system_stm32f4xx.o
                              0x97663 (size before relaxing)
 .debug_str     0x0009d490       0x59 ./system/src/cmsis/vectors_stm32f407xx.o
                               0x3943 (size before relaxing)
 .debug_str     0x0009d4e9       0xb5 ./src/Timer.o
                              0x983a6 (size before relaxing)
 .debug_str     0x0009d59e       0x99 ./src/_initialize_hardware.o
                              0x980fe (size before relaxing)
 .debug_str     0x0009d637       0x72 ./src/main.o
                              0x98e34 (size before relaxing)
 .debug_str     0x0009d6a9       0x47 ./src/stm32f4xx_hal_msp.o
                              0x9833b (size before relaxing)

.debug_loc      0x00000000     0x80f5
 *(.debug_loc)
 .debug_loc     0x00000000       0xdb ./system/src/stm32f4-hal/stm32f4xx_hal.o
 .debug_loc     0x000000db      0x88f ./system/src/stm32f4-hal/stm32f4xx_hal_adc.o
 .debug_loc     0x0000096a      0x8cf ./system/src/stm32f4-hal/stm32f4xx_hal_cortex.o
 .debug_loc     0x00001239      0x683 ./system/src/stm32f4-hal/stm32f4xx_hal_gpio.o
 .debug_loc     0x000018bc      0x7a1 ./system/src/stm32f4-hal/stm32f4xx_hal_rcc.o
 .debug_loc     0x0000205d     0x2bca ./system/src/stm32f4-hal/stm32f4xx_hal_tim.o
 .debug_loc     0x00004c27      0xd0d ./system/src/stm32f4-hal/stm32f4xx_hal_tim_ex.o
 .debug_loc     0x00005934       0xeb ./system/src/stm32f4-hal/stm32f4xx_hal_timebase_tim_template.o
 .debug_loc     0x00005a1f     0x158e ./system/src/stm32f4-hal/stm32f4xx_hal_uart.o
 .debug_loc     0x00006fad       0x15 ./system/src/newlib/_exit.o
 .debug_loc     0x00006fc2       0x97 ./system/src/newlib/_sbrk.o
 .debug_loc     0x00007059      0x465 ./system/src/newlib/_startup.o
 .debug_loc     0x000074be       0x6f ./system/src/newlib/_syscalls.o
 .debug_loc     0x0000752d      0x160 ./system/src/newlib/assert.o
 .debug_loc     0x0000768d      0x118 ./system/src/diag/Trace.o
 .debug_loc     0x000077a5      0x1a1 ./system/src/diag/trace_impl.o
 .debug_loc     0x00007946      0x35c ./system/src/cortexm/exception_handlers.o
 .debug_loc     0x00007ca2      0x16c ./system/src/cmsis/system_stm32f4xx.o
 .debug_loc     0x00007e0e       0x63 ./src/Timer.o
 .debug_loc     0x00007e71       0x4a ./src/main.o
 .debug_loc     0x00007ebb      0x23a ./src/stm32f4xx_hal_msp.o

.debug_macinfo
 *(.debug_macinfo)

.debug_weaknames
 *(.debug_weaknames)

.debug_funcnames
 *(.debug_funcnames)

.debug_typenames
 *(.debug_typenames)

.debug_varnames
 *(.debug_varnames)
OUTPUT(TFinal_v1.0.elf elf32-littlearm)

.debug_ranges   0x00000000      0xc30
 .debug_ranges  0x00000000       0xb0 ./system/src/stm32f4-hal/stm32f4xx_hal.o
 .debug_ranges  0x000000b0       0xd8 ./system/src/stm32f4-hal/stm32f4xx_hal_adc.o
 .debug_ranges  0x00000188       0xe8 ./system/src/stm32f4-hal/stm32f4xx_hal_cortex.o
 .debug_ranges  0x00000270       0x48 ./system/src/stm32f4-hal/stm32f4xx_hal_gpio.o
 .debug_ranges  0x000002b8       0x78 ./system/src/stm32f4-hal/stm32f4xx_hal_rcc.o
 .debug_ranges  0x00000330      0x358 ./system/src/stm32f4-hal/stm32f4xx_hal_tim.o
 .debug_ranges  0x00000688      0x130 ./system/src/stm32f4-hal/stm32f4xx_hal_tim_ex.o
 .debug_ranges  0x000007b8       0x30 ./system/src/stm32f4-hal/stm32f4xx_hal_timebase_tim_template.o
 .debug_ranges  0x000007e8      0x158 ./system/src/stm32f4-hal/stm32f4xx_hal_uart.o
 .debug_ranges  0x00000940       0x18 ./system/src/newlib/_exit.o
 .debug_ranges  0x00000958       0x10 ./system/src/newlib/_sbrk.o
 .debug_ranges  0x00000968       0x78 ./system/src/newlib/_startup.o
 .debug_ranges  0x000009e0       0x20 ./system/src/newlib/_syscalls.o
 .debug_ranges  0x00000a00       0x18 ./system/src/newlib/assert.o
 .debug_ranges  0x00000a18       0x28 ./system/src/diag/Trace.o
 .debug_ranges  0x00000a40       0x38 ./system/src/diag/trace_impl.o
 .debug_ranges  0x00000a78       0x18 ./system/src/cortexm/_initialize_hardware.o
 .debug_ranges  0x00000a90       0x98 ./system/src/cortexm/exception_handlers.o
 .debug_ranges  0x00000b28       0x18 ./system/src/cmsis/system_stm32f4xx.o
 .debug_ranges  0x00000b40       0x10 ./system/src/cmsis/vectors_stm32f407xx.o
 .debug_ranges  0x00000b50       0x30 ./src/Timer.o
 .debug_ranges  0x00000b80       0x40 ./src/_initialize_hardware.o
 .debug_ranges  0x00000bc0       0x18 ./src/main.o
 .debug_ranges  0x00000bd8       0x58 ./src/stm32f4xx_hal_msp.o

.debug_macro    0x00000000    0x1de17
 .debug_macro   0x00000000      0x558 ./system/src/stm32f4-hal/stm32f4xx_hal.o
 .debug_macro   0x00000558      0xaa2 ./system/src/stm32f4-hal/stm32f4xx_hal.o
 .debug_macro   0x00000ffa      0x289 ./system/src/stm32f4-hal/stm32f4xx_hal.o
 .debug_macro   0x00001283       0x31 ./system/src/stm32f4-hal/stm32f4xx_hal.o
 .debug_macro   0x000012b4       0x28 ./system/src/stm32f4-hal/stm32f4xx_hal.o
 .debug_macro   0x000012dc      0x34e ./system/src/stm32f4-hal/stm32f4xx_hal.o
 .debug_macro   0x0000162a       0x35 ./system/src/stm32f4-hal/stm32f4xx_hal.o
 .debug_macro   0x0000165f       0x50 ./system/src/stm32f4-hal/stm32f4xx_hal.o
 .debug_macro   0x000016af      0xe66 ./system/src/stm32f4-hal/stm32f4xx_hal.o
 .debug_macro   0x00002515     0x93f9 ./system/src/stm32f4-hal/stm32f4xx_hal.o
 .debug_macro   0x0000b90e       0x43 ./system/src/stm32f4-hal/stm32f4xx_hal.o
 .debug_macro   0x0000b951     0x347f ./system/src/stm32f4-hal/stm32f4xx_hal.o
 .debug_macro   0x0000edd0       0x22 ./system/src/stm32f4-hal/stm32f4xx_hal.o
 .debug_macro   0x0000edf2       0x5e ./system/src/stm32f4-hal/stm32f4xx_hal.o
 .debug_macro   0x0000ee50       0x18 ./system/src/stm32f4-hal/stm32f4xx_hal.o
 .debug_macro   0x0000ee68       0x94 ./system/src/stm32f4-hal/stm32f4xx_hal.o
 .debug_macro   0x0000eefc       0x35 ./system/src/stm32f4-hal/stm32f4xx_hal.o
 .debug_macro   0x0000ef31       0x34 ./system/src/stm32f4-hal/stm32f4xx_hal.o
 .debug_macro   0x0000ef65       0x16 ./system/src/stm32f4-hal/stm32f4xx_hal.o
 .debug_macro   0x0000ef7b       0x57 ./system/src/stm32f4-hal/stm32f4xx_hal.o
 .debug_macro   0x0000efd2       0x97 ./system/src/stm32f4-hal/stm32f4xx_hal.o
 .debug_macro   0x0000f069      0x339 ./system/src/stm32f4-hal/stm32f4xx_hal.o
 .debug_macro   0x0000f3a2       0xfd ./system/src/stm32f4-hal/stm32f4xx_hal.o
 .debug_macro   0x0000f49f       0x10 ./system/src/stm32f4-hal/stm32f4xx_hal.o
 .debug_macro   0x0000f4af       0x58 ./system/src/stm32f4-hal/stm32f4xx_hal.o
 .debug_macro   0x0000f507       0x1f ./system/src/stm32f4-hal/stm32f4xx_hal.o
 .debug_macro   0x0000f526       0x43 ./system/src/stm32f4-hal/stm32f4xx_hal.o
 .debug_macro   0x0000f569       0x20 ./system/src/stm32f4-hal/stm32f4xx_hal.o
 .debug_macro   0x0000f589      0x18e ./system/src/stm32f4-hal/stm32f4xx_hal.o
 .debug_macro   0x0000f717       0x10 ./system/src/stm32f4-hal/stm32f4xx_hal.o
 .debug_macro   0x0000f727       0x6a ./system/src/stm32f4-hal/stm32f4xx_hal.o
 .debug_macro   0x0000f791       0x1c ./system/src/stm32f4-hal/stm32f4xx_hal.o
 .debug_macro   0x0000f7ad       0x52 ./system/src/stm32f4-hal/stm32f4xx_hal.o
 .debug_macro   0x0000f7ff       0x40 ./system/src/stm32f4-hal/stm32f4xx_hal.o
 .debug_macro   0x0000f83f       0x10 ./system/src/stm32f4-hal/stm32f4xx_hal.o
 .debug_macro   0x0000f84f       0x40 ./system/src/stm32f4-hal/stm32f4xx_hal.o
 .debug_macro   0x0000f88f       0xd7 ./system/src/stm32f4-hal/stm32f4xx_hal.o
 .debug_macro   0x0000f966       0x1c ./system/src/stm32f4-hal/stm32f4xx_hal.o
 .debug_macro   0x0000f982       0x3d ./system/src/stm32f4-hal/stm32f4xx_hal.o
 .debug_macro   0x0000f9bf       0x16 ./system/src/stm32f4-hal/stm32f4xx_hal.o
 .debug_macro   0x0000f9d5      0x16f ./system/src/stm32f4-hal/stm32f4xx_hal.o
 .debug_macro   0x0000fb44       0x57 ./system/src/stm32f4-hal/stm32f4xx_hal.o
 .debug_macro   0x0000fb9b      0x964 ./system/src/stm32f4-hal/stm32f4xx_hal.o
 .debug_macro   0x000104ff      0x9e1 ./system/src/stm32f4-hal/stm32f4xx_hal.o
 .debug_macro   0x00010ee0      0x11e ./system/src/stm32f4-hal/stm32f4xx_hal.o
 .debug_macro   0x00010ffe      0x13e ./system/src/stm32f4-hal/stm32f4xx_hal.o
 .debug_macro   0x0001113c       0x27 ./system/src/stm32f4-hal/stm32f4xx_hal.o
 .debug_macro   0x00011163      0x287 ./system/src/stm32f4-hal/stm32f4xx_hal.o
 .debug_macro   0x000113ea       0x5f ./system/src/stm32f4-hal/stm32f4xx_hal.o
 .debug_macro   0x00011449      0x23a ./system/src/stm32f4-hal/stm32f4xx_hal.o
 .debug_macro   0x00011683      0x391 ./system/src/stm32f4-hal/stm32f4xx_hal.o
 .debug_macro   0x00011a14      0x16f ./system/src/stm32f4-hal/stm32f4xx_hal.o
 .debug_macro   0x00011b83       0xf9 ./system/src/stm32f4-hal/stm32f4xx_hal.o
 .debug_macro   0x00011c7c      0x36e ./system/src/stm32f4-hal/stm32f4xx_hal.o
 .debug_macro   0x00011fea       0x23 ./system/src/stm32f4-hal/stm32f4xx_hal.o
 .debug_macro   0x0001200d       0xe6 ./system/src/stm32f4-hal/stm32f4xx_hal.o
 .debug_macro   0x000120f3       0xa1 ./system/src/stm32f4-hal/stm32f4xx_hal.o
 .debug_macro   0x00012194       0x3c ./system/src/stm32f4-hal/stm32f4xx_hal.o
 .debug_macro   0x000121d0       0x1f ./system/src/stm32f4-hal/stm32f4xx_hal.o
 .debug_macro   0x000121ef      0x1cd ./system/src/stm32f4-hal/stm32f4xx_hal.o
 .debug_macro   0x000123bc      0xcd6 ./system/src/stm32f4-hal/stm32f4xx_hal.o
 .debug_macro   0x00013092      0x13a ./system/src/stm32f4-hal/stm32f4xx_hal.o
 .debug_macro   0x000131cc      0x21e ./system/src/stm32f4-hal/stm32f4xx_hal.o
 .debug_macro   0x000133ea       0x2e ./system/src/stm32f4-hal/stm32f4xx_hal.o
 .debug_macro   0x00013418      0x543 ./system/src/stm32f4-hal/stm32f4xx_hal.o
 .debug_macro   0x0001395b       0x88 ./system/src/stm32f4-hal/stm32f4xx_hal.o
 .debug_macro   0x000139e3       0xd5 ./system/src/stm32f4-hal/stm32f4xx_hal.o
 .debug_macro   0x00013ab8      0x183 ./system/src/stm32f4-hal/stm32f4xx_hal.o
 .debug_macro   0x00013c3b      0x1a7 ./system/src/stm32f4-hal/stm32f4xx_hal.o
 .debug_macro   0x00013de2       0xa5 ./system/src/stm32f4-hal/stm32f4xx_hal.o
 .debug_macro   0x00013e87      0x18b ./system/src/stm32f4-hal/stm32f4xx_hal.o
 .debug_macro   0x00014012       0x24 ./system/src/stm32f4-hal/stm32f4xx_hal.o
 .debug_macro   0x00014036       0x35 ./system/src/stm32f4-hal/stm32f4xx_hal.o
 .debug_macro   0x0001406b       0x79 ./system/src/stm32f4-hal/stm32f4xx_hal.o
 .debug_macro   0x000140e4      0x11e ./system/src/stm32f4-hal/stm32f4xx_hal.o
 .debug_macro   0x00014202       0x7f ./system/src/stm32f4-hal/stm32f4xx_hal.o
 .debug_macro   0x00014281       0x89 ./system/src/stm32f4-hal/stm32f4xx_hal.o
 .debug_macro   0x0001430a       0x7e ./system/src/stm32f4-hal/stm32f4xx_hal.o
 .debug_macro   0x00014388      0x31a ./system/src/stm32f4-hal/stm32f4xx_hal.o
 .debug_macro   0x000146a2      0x409 ./system/src/stm32f4-hal/stm32f4xx_hal.o
 .debug_macro   0x00014aab       0xe4 ./system/src/stm32f4-hal/stm32f4xx_hal.o
 .debug_macro   0x00014b8f      0x48d ./system/src/stm32f4-hal/stm32f4xx_hal.o
 .debug_macro   0x0001501c      0x22b ./system/src/stm32f4-hal/stm32f4xx_hal.o
 .debug_macro   0x00015247      0x202 ./system/src/stm32f4-hal/stm32f4xx_hal.o
 .debug_macro   0x00015449      0x6d9 ./system/src/stm32f4-hal/stm32f4xx_hal.o
 .debug_macro   0x00015b22       0x5b ./system/src/stm32f4-hal/stm32f4xx_hal.o
 .debug_macro   0x00015b7d      0x14d ./system/src/stm32f4-hal/stm32f4xx_hal.o
 .debug_macro   0x00015cca      0x287 ./system/src/stm32f4-hal/stm32f4xx_hal.o
 .debug_macro   0x00015f51      0x225 ./system/src/stm32f4-hal/stm32f4xx_hal.o
 .debug_macro   0x00016176      0x1b5 ./system/src/stm32f4-hal/stm32f4xx_hal.o
 .debug_macro   0x0001632b      0x2db ./system/src/stm32f4-hal/stm32f4xx_hal.o
 .debug_macro   0x00016606       0x89 ./system/src/stm32f4-hal/stm32f4xx_hal.o
 .debug_macro   0x0001668f      0x1df ./system/src/stm32f4-hal/stm32f4xx_hal.o
 .debug_macro   0x0001686e      0x115 ./system/src/stm32f4-hal/stm32f4xx_hal.o
 .debug_macro   0x00016983       0x6e ./system/src/stm32f4-hal/stm32f4xx_hal.o
 .debug_macro   0x000169f1      0x125 ./system/src/stm32f4-hal/stm32f4xx_hal.o
 .debug_macro   0x00016b16      0x50b ./system/src/stm32f4-hal/stm32f4xx_hal_adc.o
 .debug_macro   0x00017021      0x50a ./system/src/stm32f4-hal/stm32f4xx_hal_cortex.o
 .debug_macro   0x0001752b      0x542 ./system/src/stm32f4-hal/stm32f4xx_hal_gpio.o
 .debug_macro   0x00017a6d      0x534 ./system/src/stm32f4-hal/stm32f4xx_hal_rcc.o
 .debug_macro   0x00017fa1      0x50b ./system/src/stm32f4-hal/stm32f4xx_hal_tim.o
 .debug_macro   0x000184ac      0x50a ./system/src/stm32f4-hal/stm32f4xx_hal_tim_ex.o
 .debug_macro   0x000189b6      0x50a ./system/src/stm32f4-hal/stm32f4xx_hal_timebase_tim_template.o
 .debug_macro   0x00018ec0      0x50b ./system/src/stm32f4-hal/stm32f4xx_hal_uart.o
 .debug_macro   0x000193cb      0x1b4 ./system/src/newlib/_exit.o
 .debug_macro   0x0001957f      0x10e ./system/src/newlib/_exit.o
 .debug_macro   0x0001968d       0x8d ./system/src/newlib/_exit.o
 .debug_macro   0x0001971a       0x35 ./system/src/newlib/_exit.o
 .debug_macro   0x0001974f      0x169 ./system/src/newlib/_sbrk.o
 .debug_macro   0x000198b8      0x174 ./system/src/newlib/_sbrk.o
 .debug_macro   0x00019a2c       0x10 ./system/src/newlib/_sbrk.o
 .debug_macro   0x00019a3c      0x23b ./system/src/newlib/_sbrk.o
 .debug_macro   0x00019c77      0x173 ./system/src/newlib/_startup.o
 .debug_macro   0x00019dea      0xaa8 ./system/src/newlib/_startup.o
 .debug_macro   0x0001a892      0x1f3 ./system/src/newlib/_syscalls.o
 .debug_macro   0x0001aa85       0x1c ./system/src/newlib/_syscalls.o
 .debug_macro   0x0001aaa1       0x10 ./system/src/newlib/_syscalls.o
 .debug_macro   0x0001aab1       0x10 ./system/src/newlib/_syscalls.o
 .debug_macro   0x0001aac1       0x10 ./system/src/newlib/_syscalls.o
 .debug_macro   0x0001aad1       0x35 ./system/src/newlib/_syscalls.o
 .debug_macro   0x0001ab06      0x122 ./system/src/newlib/_syscalls.o
 .debug_macro   0x0001ac28       0x88 ./system/src/newlib/_syscalls.o
 .debug_macro   0x0001acb0      0x10c ./system/src/newlib/_syscalls.o
 .debug_macro   0x0001adbc      0x189 ./system/src/newlib/_syscalls.o
 .debug_macro   0x0001af45       0x16 ./system/src/newlib/_syscalls.o
 .debug_macro   0x0001af5b      0x1d0 ./system/src/newlib/assert.o
 .debug_macro   0x0001b12b       0x1c ./system/src/newlib/assert.o
 .debug_macro   0x0001b147      0x1fb ./system/src/diag/Trace.o
 .debug_macro   0x0001b342       0x4c ./system/src/diag/Trace.o
 .debug_macro   0x0001b38e       0x16 ./system/src/diag/Trace.o
 .debug_macro   0x0001b3a4      0x550 ./system/src/diag/trace_impl.o
 .debug_macro   0x0001b8f4       0x22 ./system/src/diag/trace_impl.o
 .debug_macro   0x0001b916      0x514 ./system/src/cortexm/_initialize_hardware.o
 .debug_macro   0x0001be2a      0x57d ./system/src/cortexm/exception_handlers.o
 .debug_macro   0x0001c3a7       0x3b ./system/src/cortexm/exception_handlers.o
 .debug_macro   0x0001c3e2      0x510 ./system/src/cmsis/system_stm32f4xx.o
 .debug_macro   0x0001c8f2       0x34 ./system/src/cmsis/vectors_stm32f407xx.o
 .debug_macro   0x0001c926      0x52d ./src/Timer.o
 .debug_macro   0x0001ce53       0x10 ./src/Timer.o
 .debug_macro   0x0001ce63      0x50a ./src/_initialize_hardware.o
 .debug_macro   0x0001d36d      0x590 ./src/main.o
 .debug_macro   0x0001d8fd       0x10 ./src/main.o
 .debug_macro   0x0001d90d      0x50a ./src/stm32f4xx_hal_msp.o
